// Jest Snapshot v1, https://goo.gl/fbAQLP

exports[`applybuff forwards bolstering stack 1`] = `
Array [
  Object {
    "abilityID": 209859,
    "eventType": "ApplyBuff",
    "stacks": 1,
    "targetNPCID": 1,
    "targetNPCInstance": 1,
    "timestamp": 6029413,
  },
  Object {
    "abilityID": 209859,
    "eventType": "ApplyBuff",
    "stacks": 1,
    "targetNPCID": 1,
    "targetNPCInstance": 2,
    "timestamp": 6029413,
  },
  Object {
    "abilityID": 209859,
    "eventType": "ApplyBuff",
    "stacks": 1,
    "targetNPCID": 1,
    "targetNPCInstance": 1,
    "timestamp": 6029413,
  },
  Object {
    "abilityID": 209859,
    "eventType": "ApplyBuff",
    "stacks": 1,
    "targetNPCID": 1,
    "targetNPCInstance": 3,
    "timestamp": 6029413,
  },
  Object {
    "abilityID": 209859,
    "eventType": "ApplyBuff",
    "stacks": 1,
    "targetNPCID": 1,
    "targetNPCInstance": 2,
    "timestamp": 6029413,
  },
  Object {
    "abilityID": 209859,
    "eventType": "ApplyBuff",
    "stacks": 1,
    "targetNPCID": 1,
    "targetNPCInstance": 1,
    "timestamp": 6029413,
  },
  Object {
    "abilityID": 209859,
    "eventType": "ApplyBuff",
    "stacks": 1,
    "targetNPCID": 1,
    "targetNPCInstance": 2,
    "timestamp": 6034063,
  },
  Object {
    "abilityID": 209859,
    "eventType": "ApplyBuff",
    "stacks": 1,
    "targetNPCID": 1,
    "targetNPCInstance": 1,
    "timestamp": 6034063,
  },
  Object {
    "abilityID": 209859,
    "eventType": "ApplyBuff",
    "stacks": 1,
    "targetNPCID": 1,
    "targetNPCInstance": 3,
    "timestamp": 6034063,
  },
  Object {
    "abilityID": 209859,
    "eventType": "ApplyBuff",
    "stacks": 1,
    "targetNPCID": 1,
    "targetNPCInstance": 2,
    "timestamp": 6034063,
  },
  Object {
    "abilityID": 209859,
    "eventType": "ApplyBuff",
    "stacks": 1,
    "targetNPCID": 1,
    "targetNPCInstance": 1,
    "timestamp": 6034063,
  },
  Object {
    "abilityID": 209859,
    "eventType": "ApplyBuff",
    "stacks": 1,
    "targetNPCID": 1,
    "targetNPCInstance": 1,
    "timestamp": 6034914,
  },
  Object {
    "abilityID": 209859,
    "eventType": "ApplyBuff",
    "stacks": 1,
    "targetNPCID": 1,
    "targetNPCInstance": 3,
    "timestamp": 6034914,
  },
  Object {
    "abilityID": 209859,
    "eventType": "ApplyBuff",
    "stacks": 1,
    "targetNPCID": 1,
    "targetNPCInstance": 2,
    "timestamp": 6034914,
  },
  Object {
    "abilityID": 209859,
    "eventType": "ApplyBuff",
    "stacks": 1,
    "targetNPCID": 1,
    "targetNPCInstance": 1,
    "timestamp": 6034914,
  },
  Object {
    "abilityID": 209859,
    "eventType": "ApplyBuff",
    "stacks": 1,
    "targetNPCID": 1,
    "targetNPCInstance": 1,
    "timestamp": 6035028,
  },
  Object {
    "abilityID": 209859,
    "eventType": "ApplyBuff",
    "stacks": 1,
    "targetNPCID": 1,
    "targetNPCInstance": 3,
    "timestamp": 6035028,
  },
  Object {
    "abilityID": 209859,
    "eventType": "ApplyBuff",
    "stacks": 1,
    "targetNPCID": 1,
    "targetNPCInstance": 1,
    "timestamp": 6035028,
  },
  Object {
    "abilityID": 209859,
    "eventType": "ApplyBuff",
    "stacks": 1,
    "targetNPCID": 1,
    "targetNPCInstance": 1,
    "timestamp": 6035637,
  },
  Object {
    "abilityID": 209859,
    "eventType": "ApplyBuff",
    "stacks": 1,
    "targetNPCID": 1,
    "targetNPCInstance": 3,
    "timestamp": 6035637,
  },
  Object {
    "abilityID": 209859,
    "eventType": "ApplyBuff",
    "stacks": 1,
    "targetNPCID": 1,
    "targetNPCInstance": 3,
    "timestamp": 6037240,
  },
  Object {
    "abilityID": 209859,
    "eventType": "ApplyBuff",
    "stacks": 1,
    "targetNPCID": 1,
    "targetNPCInstance": 2,
    "timestamp": 6066821,
  },
  Object {
    "abilityID": 209859,
    "eventType": "ApplyBuff",
    "stacks": 1,
    "targetNPCID": 1,
    "targetNPCInstance": 4,
    "timestamp": 6066821,
  },
  Object {
    "abilityID": 209859,
    "eventType": "ApplyBuff",
    "stacks": 1,
    "targetNPCID": 1,
    "targetNPCInstance": 3,
    "timestamp": 6066821,
  },
  Object {
    "abilityID": 209859,
    "eventType": "ApplyBuff",
    "stacks": 1,
    "targetNPCID": 1,
    "targetNPCInstance": 2,
    "timestamp": 6066821,
  },
  Object {
    "abilityID": 209859,
    "eventType": "ApplyBuff",
    "stacks": 1,
    "targetNPCID": 1,
    "targetNPCInstance": 1,
    "timestamp": 6066821,
  },
  Object {
    "abilityID": 209859,
    "eventType": "ApplyBuff",
    "stacks": 1,
    "targetNPCID": 1,
    "targetNPCInstance": 2,
    "timestamp": 6066821,
  },
  Object {
    "abilityID": 209859,
    "eventType": "ApplyBuff",
    "stacks": 1,
    "targetNPCID": 1,
    "targetNPCInstance": 3,
    "timestamp": 6066821,
  },
  Object {
    "abilityID": 209859,
    "eventType": "ApplyBuff",
    "stacks": 1,
    "targetNPCID": 1,
    "targetNPCInstance": 4,
    "timestamp": 6066821,
  },
  Object {
    "abilityID": 209859,
    "eventType": "ApplyBuff",
    "stacks": 1,
    "targetNPCID": 1,
    "targetNPCInstance": 4,
    "timestamp": 6066821,
  },
  Object {
    "abilityID": 209859,
    "eventType": "ApplyBuff",
    "stacks": 1,
    "targetNPCID": 1,
    "targetNPCInstance": 2,
    "timestamp": 6067842,
  },
  Object {
    "abilityID": 209859,
    "eventType": "ApplyBuff",
    "stacks": 1,
    "targetNPCID": 1,
    "targetNPCInstance": 4,
    "timestamp": 6067842,
  },
  Object {
    "abilityID": 209859,
    "eventType": "ApplyBuff",
    "stacks": 1,
    "targetNPCID": 1,
    "targetNPCInstance": 3,
    "timestamp": 6067842,
  },
  Object {
    "abilityID": 209859,
    "eventType": "ApplyBuff",
    "stacks": 1,
    "targetNPCID": 1,
    "targetNPCInstance": 2,
    "timestamp": 6067842,
  },
  Object {
    "abilityID": 209859,
    "eventType": "ApplyBuff",
    "stacks": 1,
    "targetNPCID": 1,
    "targetNPCInstance": 2,
    "timestamp": 6067842,
  },
  Object {
    "abilityID": 209859,
    "eventType": "ApplyBuff",
    "stacks": 1,
    "targetNPCID": 1,
    "targetNPCInstance": 3,
    "timestamp": 6067842,
  },
  Object {
    "abilityID": 209859,
    "eventType": "ApplyBuff",
    "stacks": 1,
    "targetNPCID": 1,
    "targetNPCInstance": 4,
    "timestamp": 6067842,
  },
  Object {
    "abilityID": 209859,
    "eventType": "ApplyBuff",
    "stacks": 1,
    "targetNPCID": 1,
    "targetNPCInstance": 4,
    "timestamp": 6067842,
  },
  Object {
    "abilityID": 209859,
    "eventType": "ApplyBuff",
    "stacks": 1,
    "targetNPCID": 1,
    "targetNPCInstance": 4,
    "timestamp": 6074548,
  },
  Object {
    "abilityID": 209859,
    "eventType": "ApplyBuff",
    "stacks": 1,
    "targetNPCID": 1,
    "targetNPCInstance": 3,
    "timestamp": 6074548,
  },
  Object {
    "abilityID": 209859,
    "eventType": "ApplyBuff",
    "stacks": 1,
    "targetNPCID": 1,
    "targetNPCInstance": 2,
    "timestamp": 6074548,
  },
  Object {
    "abilityID": 209859,
    "eventType": "ApplyBuff",
    "stacks": 1,
    "targetNPCID": 1,
    "targetNPCInstance": 3,
    "timestamp": 6074548,
  },
  Object {
    "abilityID": 209859,
    "eventType": "ApplyBuff",
    "stacks": 1,
    "targetNPCID": 1,
    "targetNPCInstance": 2,
    "timestamp": 6074548,
  },
  Object {
    "abilityID": 209859,
    "eventType": "ApplyBuff",
    "stacks": 1,
    "targetNPCID": 1,
    "targetNPCInstance": 2,
    "timestamp": 6074548,
  },
  Object {
    "abilityID": 209859,
    "eventType": "ApplyBuff",
    "stacks": 1,
    "targetNPCID": 1,
    "targetNPCInstance": 4,
    "timestamp": 6074548,
  },
  Object {
    "abilityID": 209859,
    "eventType": "ApplyBuff",
    "stacks": 1,
    "targetNPCID": 1,
    "targetNPCInstance": 4,
    "timestamp": 6078859,
  },
  Object {
    "abilityID": 209859,
    "eventType": "ApplyBuff",
    "stacks": 1,
    "targetNPCID": 1,
    "targetNPCInstance": 3,
    "timestamp": 6078859,
  },
  Object {
    "abilityID": 209859,
    "eventType": "ApplyBuff",
    "stacks": 1,
    "targetNPCID": 1,
    "targetNPCInstance": 2,
    "timestamp": 6078859,
  },
  Object {
    "abilityID": 209859,
    "eventType": "ApplyBuff",
    "stacks": 1,
    "targetNPCID": 1,
    "targetNPCInstance": 4,
    "timestamp": 6078859,
  },
  Object {
    "abilityID": 209859,
    "eventType": "ApplyBuff",
    "stacks": 1,
    "targetNPCID": 1,
    "targetNPCInstance": 2,
    "timestamp": 6078859,
  },
  Object {
    "abilityID": 209859,
    "eventType": "ApplyBuff",
    "stacks": 1,
    "targetNPCID": 1,
    "targetNPCInstance": 2,
    "timestamp": 6083842,
  },
  Object {
    "abilityID": 209859,
    "eventType": "ApplyBuff",
    "stacks": 1,
    "targetNPCID": 1,
    "targetNPCInstance": 4,
    "timestamp": 6083842,
  },
  Object {
    "abilityID": 209859,
    "eventType": "ApplyBuff",
    "stacks": 1,
    "targetNPCID": 1,
    "targetNPCInstance": 4,
    "timestamp": 6086160,
  },
  Object {
    "abilityID": 209859,
    "eventType": "ApplyBuff",
    "stacks": 1,
    "targetNPCID": 1,
    "targetNPCInstance": 3,
    "timestamp": 6086160,
  },
  Object {
    "abilityID": 209859,
    "eventType": "ApplyBuff",
    "stacks": 1,
    "targetNPCID": 1,
    "targetNPCInstance": 4,
    "timestamp": 6086160,
  },
  Object {
    "abilityID": 209859,
    "eventType": "ApplyBuff",
    "stacks": 1,
    "targetNPCID": 1,
    "targetNPCInstance": 2,
    "timestamp": 6117136,
  },
  Object {
    "abilityID": 209859,
    "eventType": "ApplyBuff",
    "stacks": 1,
    "targetNPCID": 1,
    "targetNPCInstance": 3,
    "timestamp": 6117136,
  },
  Object {
    "abilityID": 209859,
    "eventType": "ApplyBuff",
    "stacks": 1,
    "targetNPCID": 1,
    "targetNPCInstance": 4,
    "timestamp": 6117136,
  },
  Object {
    "abilityID": 209859,
    "eventType": "ApplyBuff",
    "stacks": 1,
    "targetNPCID": 1,
    "targetNPCInstance": 2,
    "timestamp": 6135410,
  },
  Object {
    "abilityID": 209859,
    "eventType": "ApplyBuff",
    "stacks": 1,
    "targetNPCID": 1,
    "targetNPCInstance": 3,
    "timestamp": 6135410,
  },
  Object {
    "abilityID": 209859,
    "eventType": "ApplyBuff",
    "stacks": 1,
    "targetNPCID": 1,
    "targetNPCInstance": 3,
    "timestamp": 6143395,
  },
  Object {
    "abilityID": 209859,
    "eventType": "ApplyBuff",
    "stacks": 1,
    "targetNPCID": 1,
    "targetNPCInstance": 4,
    "timestamp": 6202583,
  },
  Object {
    "abilityID": 209859,
    "eventType": "ApplyBuff",
    "stacks": 1,
    "targetNPCID": 1,
    "targetNPCInstance": 1,
    "timestamp": 6202583,
  },
  Object {
    "abilityID": 209859,
    "eventType": "ApplyBuff",
    "stacks": 1,
    "targetNPCID": 1,
    "targetNPCInstance": 1,
    "timestamp": 6202583,
  },
  Object {
    "abilityID": 209859,
    "eventType": "ApplyBuff",
    "stacks": 1,
    "targetNPCID": 1,
    "targetNPCInstance": 1,
    "timestamp": 6202826,
  },
  Object {
    "abilityID": 209859,
    "eventType": "ApplyBuff",
    "stacks": 1,
    "targetNPCID": 1,
    "targetNPCInstance": 1,
    "timestamp": 6202826,
  },
  Object {
    "abilityID": 209859,
    "eventType": "ApplyBuff",
    "stacks": 1,
    "targetNPCID": 1,
    "targetNPCInstance": 1,
    "timestamp": 6203241,
  },
  Object {
    "abilityID": 209859,
    "eventType": "ApplyBuff",
    "stacks": 1,
    "targetNPCID": 1,
    "targetNPCInstance": 7,
    "timestamp": 6264238,
  },
  Object {
    "abilityID": 209859,
    "eventType": "ApplyBuff",
    "stacks": 1,
    "targetNPCID": 1,
    "targetNPCInstance": 5,
    "timestamp": 6264238,
  },
  Object {
    "abilityID": 209859,
    "eventType": "ApplyBuff",
    "stacks": 1,
    "targetNPCID": 1,
    "targetNPCInstance": 5,
    "timestamp": 6264238,
  },
  Object {
    "abilityID": 209859,
    "eventType": "ApplyBuff",
    "stacks": 1,
    "targetNPCID": 1,
    "targetNPCInstance": 7,
    "timestamp": 6270958,
  },
  Object {
    "abilityID": 209859,
    "eventType": "ApplyBuff",
    "stacks": 1,
    "targetNPCID": 1,
    "targetNPCInstance": 5,
    "timestamp": 6270958,
  },
  Object {
    "abilityID": 209859,
    "eventType": "ApplyBuff",
    "stacks": 1,
    "targetNPCID": 1,
    "targetNPCInstance": 7,
    "timestamp": 6272668,
  },
  Object {
    "abilityID": 209859,
    "eventType": "ApplyBuff",
    "stacks": 1,
    "targetNPCID": 1,
    "targetNPCInstance": 2,
    "timestamp": 6301194,
  },
  Object {
    "abilityID": 209859,
    "eventType": "ApplyBuff",
    "stacks": 1,
    "targetNPCID": 1,
    "targetNPCInstance": 4,
    "timestamp": 6376090,
  },
  Object {
    "abilityID": 209859,
    "eventType": "ApplyBuff",
    "stacks": 1,
    "targetNPCID": 1,
    "targetNPCInstance": 6,
    "timestamp": 6376090,
  },
  Object {
    "abilityID": 209859,
    "eventType": "ApplyBuff",
    "stacks": 1,
    "targetNPCID": 1,
    "targetNPCInstance": 5,
    "timestamp": 6376090,
  },
  Object {
    "abilityID": 209859,
    "eventType": "ApplyBuff",
    "stacks": 1,
    "targetNPCID": 1,
    "targetNPCInstance": 8,
    "timestamp": 6376090,
  },
  Object {
    "abilityID": 209859,
    "eventType": "ApplyBuff",
    "stacks": 1,
    "targetNPCID": 1,
    "targetNPCInstance": 7,
    "timestamp": 6376090,
  },
  Object {
    "abilityID": 209859,
    "eventType": "ApplyBuff",
    "stacks": 1,
    "targetNPCID": 1,
    "targetNPCInstance": 6,
    "timestamp": 6376858,
  },
  Object {
    "abilityID": 209859,
    "eventType": "ApplyBuff",
    "stacks": 1,
    "targetNPCID": 1,
    "targetNPCInstance": 5,
    "timestamp": 6376858,
  },
  Object {
    "abilityID": 209859,
    "eventType": "ApplyBuff",
    "stacks": 1,
    "targetNPCID": 1,
    "targetNPCInstance": 8,
    "timestamp": 6376858,
  },
  Object {
    "abilityID": 209859,
    "eventType": "ApplyBuff",
    "stacks": 1,
    "targetNPCID": 1,
    "targetNPCInstance": 7,
    "timestamp": 6376858,
  },
  Object {
    "abilityID": 209859,
    "eventType": "ApplyBuff",
    "stacks": 1,
    "targetNPCID": 1,
    "targetNPCInstance": 6,
    "timestamp": 6377700,
  },
  Object {
    "abilityID": 209859,
    "eventType": "ApplyBuff",
    "stacks": 1,
    "targetNPCID": 1,
    "targetNPCInstance": 8,
    "timestamp": 6377700,
  },
  Object {
    "abilityID": 209859,
    "eventType": "ApplyBuff",
    "stacks": 1,
    "targetNPCID": 1,
    "targetNPCInstance": 7,
    "timestamp": 6377700,
  },
  Object {
    "abilityID": 209859,
    "eventType": "ApplyBuff",
    "stacks": 1,
    "targetNPCID": 1,
    "targetNPCInstance": 8,
    "timestamp": 6377722,
  },
  Object {
    "abilityID": 209859,
    "eventType": "ApplyBuff",
    "stacks": 1,
    "targetNPCID": 1,
    "targetNPCInstance": 7,
    "timestamp": 6377722,
  },
  Object {
    "abilityID": 209859,
    "eventType": "ApplyBuff",
    "stacks": 1,
    "targetNPCID": 1,
    "targetNPCInstance": 7,
    "timestamp": 6378420,
  },
  Object {
    "abilityID": 209859,
    "eventType": "ApplyBuff",
    "stacks": 1,
    "targetNPCID": 1,
    "targetNPCInstance": 9,
    "timestamp": 6406325,
  },
  Object {
    "abilityID": 209859,
    "eventType": "ApplyBuff",
    "stacks": 1,
    "targetNPCID": 1,
    "targetNPCInstance": 8,
    "timestamp": 6406325,
  },
  Object {
    "abilityID": 209859,
    "eventType": "ApplyBuff",
    "stacks": 1,
    "targetNPCID": 1,
    "targetNPCInstance": 9,
    "timestamp": 6406325,
  },
  Object {
    "abilityID": 209859,
    "eventType": "ApplyBuff",
    "stacks": 1,
    "targetNPCID": 1,
    "targetNPCInstance": 8,
    "timestamp": 6406325,
  },
  Object {
    "abilityID": 209859,
    "eventType": "ApplyBuff",
    "stacks": 1,
    "targetNPCID": 1,
    "targetNPCInstance": 7,
    "timestamp": 6406325,
  },
  Object {
    "abilityID": 209859,
    "eventType": "ApplyBuff",
    "stacks": 1,
    "targetNPCID": 1,
    "targetNPCInstance": 10,
    "timestamp": 6406325,
  },
  Object {
    "abilityID": 209859,
    "eventType": "ApplyBuff",
    "stacks": 1,
    "targetNPCID": 1,
    "targetNPCInstance": 9,
    "timestamp": 6406490,
  },
  Object {
    "abilityID": 209859,
    "eventType": "ApplyBuff",
    "stacks": 1,
    "targetNPCID": 1,
    "targetNPCInstance": 8,
    "timestamp": 6406490,
  },
  Object {
    "abilityID": 209859,
    "eventType": "ApplyBuff",
    "stacks": 1,
    "targetNPCID": 1,
    "targetNPCInstance": 9,
    "timestamp": 6406490,
  },
  Object {
    "abilityID": 209859,
    "eventType": "ApplyBuff",
    "stacks": 1,
    "targetNPCID": 1,
    "targetNPCInstance": 7,
    "timestamp": 6406490,
  },
  Object {
    "abilityID": 209859,
    "eventType": "ApplyBuff",
    "stacks": 1,
    "targetNPCID": 1,
    "targetNPCInstance": 10,
    "timestamp": 6406490,
  },
  Object {
    "abilityID": 209859,
    "eventType": "ApplyBuff",
    "stacks": 1,
    "targetNPCID": 1,
    "targetNPCInstance": 9,
    "timestamp": 6410075,
  },
  Object {
    "abilityID": 209859,
    "eventType": "ApplyBuff",
    "stacks": 1,
    "targetNPCID": 1,
    "targetNPCInstance": 8,
    "timestamp": 6410075,
  },
  Object {
    "abilityID": 209859,
    "eventType": "ApplyBuff",
    "stacks": 1,
    "targetNPCID": 1,
    "targetNPCInstance": 7,
    "timestamp": 6410075,
  },
  Object {
    "abilityID": 209859,
    "eventType": "ApplyBuff",
    "stacks": 1,
    "targetNPCID": 1,
    "targetNPCInstance": 10,
    "timestamp": 6410075,
  },
  Object {
    "abilityID": 209859,
    "eventType": "ApplyBuff",
    "stacks": 1,
    "targetNPCID": 1,
    "targetNPCInstance": 9,
    "timestamp": 6410488,
  },
  Object {
    "abilityID": 209859,
    "eventType": "ApplyBuff",
    "stacks": 1,
    "targetNPCID": 1,
    "targetNPCInstance": 8,
    "timestamp": 6410488,
  },
  Object {
    "abilityID": 209859,
    "eventType": "ApplyBuff",
    "stacks": 1,
    "targetNPCID": 1,
    "targetNPCInstance": 10,
    "timestamp": 6410488,
  },
  Object {
    "abilityID": 209859,
    "eventType": "ApplyBuff",
    "stacks": 1,
    "targetNPCID": 1,
    "targetNPCInstance": 9,
    "timestamp": 6425890,
  },
  Object {
    "abilityID": 209859,
    "eventType": "ApplyBuff",
    "stacks": 1,
    "targetNPCID": 1,
    "targetNPCInstance": 10,
    "timestamp": 6425890,
  },
  Object {
    "abilityID": 209859,
    "eventType": "ApplyBuff",
    "stacks": 1,
    "targetNPCID": 1,
    "targetNPCInstance": 10,
    "timestamp": 6430754,
  },
  Object {
    "abilityID": 209859,
    "eventType": "ApplyBuff",
    "stacks": 1,
    "targetNPCID": 1,
    "targetNPCInstance": 3,
    "timestamp": 6470567,
  },
  Object {
    "abilityID": 209859,
    "eventType": "ApplyBuff",
    "stacks": 1,
    "targetNPCID": 1,
    "targetNPCInstance": 9,
    "timestamp": 6539996,
  },
  Object {
    "abilityID": 209859,
    "eventType": "ApplyBuff",
    "stacks": 1,
    "targetNPCID": 1,
    "targetNPCInstance": 10,
    "timestamp": 6539996,
  },
  Object {
    "abilityID": 209859,
    "eventType": "ApplyBuff",
    "stacks": 1,
    "targetNPCID": 1,
    "targetNPCInstance": 10,
    "timestamp": 6539996,
  },
  Object {
    "abilityID": 209859,
    "eventType": "ApplyBuff",
    "stacks": 1,
    "targetNPCID": 1,
    "targetNPCInstance": 6,
    "timestamp": 6539996,
  },
  Object {
    "abilityID": 209859,
    "eventType": "ApplyBuff",
    "stacks": 1,
    "targetNPCID": 1,
    "targetNPCInstance": 9,
    "timestamp": 6543566,
  },
  Object {
    "abilityID": 209859,
    "eventType": "ApplyBuff",
    "stacks": 1,
    "targetNPCID": 1,
    "targetNPCInstance": 10,
    "timestamp": 6543566,
  },
  Object {
    "abilityID": 209859,
    "eventType": "ApplyBuff",
    "stacks": 1,
    "targetNPCID": 1,
    "targetNPCInstance": 6,
    "timestamp": 6543566,
  },
  Object {
    "abilityID": 209859,
    "eventType": "ApplyBuff",
    "stacks": 1,
    "targetNPCID": 1,
    "targetNPCInstance": 9,
    "timestamp": 6543566,
  },
  Object {
    "abilityID": 209859,
    "eventType": "ApplyBuff",
    "stacks": 1,
    "targetNPCID": 1,
    "targetNPCInstance": 6,
    "timestamp": 6543566,
  },
  Object {
    "abilityID": 209859,
    "eventType": "ApplyBuff",
    "stacks": 1,
    "targetNPCID": 1,
    "targetNPCInstance": 9,
    "timestamp": 6545166,
  },
  Object {
    "abilityID": 209859,
    "eventType": "ApplyBuff",
    "stacks": 1,
    "targetNPCID": 1,
    "targetNPCInstance": 11,
    "timestamp": 6569466,
  },
  Object {
    "abilityID": 209859,
    "eventType": "ApplyBuff",
    "stacks": 1,
    "targetNPCID": 1,
    "targetNPCInstance": 14,
    "timestamp": 6569466,
  },
  Object {
    "abilityID": 209859,
    "eventType": "ApplyBuff",
    "stacks": 1,
    "targetNPCID": 1,
    "targetNPCInstance": 12,
    "timestamp": 6569466,
  },
  Object {
    "abilityID": 209859,
    "eventType": "ApplyBuff",
    "stacks": 1,
    "targetNPCID": 1,
    "targetNPCInstance": 11,
    "timestamp": 6569466,
  },
  Object {
    "abilityID": 209859,
    "eventType": "ApplyBuff",
    "stacks": 1,
    "targetNPCID": 1,
    "targetNPCInstance": 7,
    "timestamp": 6569466,
  },
  Object {
    "abilityID": 209859,
    "eventType": "ApplyBuff",
    "stacks": 1,
    "targetNPCID": 1,
    "targetNPCInstance": 11,
    "timestamp": 6574198,
  },
  Object {
    "abilityID": 209859,
    "eventType": "ApplyBuff",
    "stacks": 1,
    "targetNPCID": 1,
    "targetNPCInstance": 12,
    "timestamp": 6574198,
  },
  Object {
    "abilityID": 209859,
    "eventType": "ApplyBuff",
    "stacks": 1,
    "targetNPCID": 1,
    "targetNPCInstance": 11,
    "timestamp": 6574198,
  },
  Object {
    "abilityID": 209859,
    "eventType": "ApplyBuff",
    "stacks": 1,
    "targetNPCID": 1,
    "targetNPCInstance": 7,
    "timestamp": 6574198,
  },
  Object {
    "abilityID": 209859,
    "eventType": "ApplyBuff",
    "stacks": 1,
    "targetNPCID": 1,
    "targetNPCInstance": 12,
    "timestamp": 6576849,
  },
  Object {
    "abilityID": 209859,
    "eventType": "ApplyBuff",
    "stacks": 1,
    "targetNPCID": 1,
    "targetNPCInstance": 11,
    "timestamp": 6576849,
  },
  Object {
    "abilityID": 209859,
    "eventType": "ApplyBuff",
    "stacks": 1,
    "targetNPCID": 1,
    "targetNPCInstance": 7,
    "timestamp": 6576849,
  },
  Object {
    "abilityID": 209859,
    "eventType": "ApplyBuff",
    "stacks": 1,
    "targetNPCID": 1,
    "targetNPCInstance": 11,
    "timestamp": 6578067,
  },
  Object {
    "abilityID": 209859,
    "eventType": "ApplyBuff",
    "stacks": 1,
    "targetNPCID": 1,
    "targetNPCInstance": 7,
    "timestamp": 6578067,
  },
  Object {
    "abilityID": 209859,
    "eventType": "ApplyBuff",
    "stacks": 1,
    "targetNPCID": 1,
    "targetNPCInstance": 7,
    "timestamp": 6580869,
  },
  Object {
    "abilityID": 209859,
    "eventType": "ApplyBuff",
    "stacks": 1,
    "targetNPCID": 1,
    "targetNPCInstance": 8,
    "timestamp": 6607192,
  },
  Object {
    "abilityID": 209859,
    "eventType": "ApplyBuff",
    "stacks": 1,
    "targetNPCID": 1,
    "targetNPCInstance": null,
    "timestamp": 6674648,
  },
  Object {
    "abilityID": 209859,
    "eventType": "ApplyBuff",
    "stacks": 1,
    "targetNPCID": 1,
    "targetNPCInstance": 7,
    "timestamp": 7027973,
  },
  Object {
    "abilityID": 209859,
    "eventType": "ApplyBuff",
    "stacks": 1,
    "targetNPCID": 1,
    "targetNPCInstance": 12,
    "timestamp": 7027973,
  },
  Object {
    "abilityID": 209859,
    "eventType": "ApplyBuff",
    "stacks": 1,
    "targetNPCID": 1,
    "targetNPCInstance": 11,
    "timestamp": 7027973,
  },
  Object {
    "abilityID": 209859,
    "eventType": "ApplyBuff",
    "stacks": 1,
    "targetNPCID": 1,
    "targetNPCInstance": 13,
    "timestamp": 7027973,
  },
  Object {
    "abilityID": 209859,
    "eventType": "ApplyBuff",
    "stacks": 1,
    "targetNPCID": 1,
    "targetNPCInstance": 7,
    "timestamp": 7031809,
  },
  Object {
    "abilityID": 209859,
    "eventType": "ApplyBuff",
    "stacks": 1,
    "targetNPCID": 1,
    "targetNPCInstance": 12,
    "timestamp": 7031809,
  },
  Object {
    "abilityID": 209859,
    "eventType": "ApplyBuff",
    "stacks": 1,
    "targetNPCID": 1,
    "targetNPCInstance": 13,
    "timestamp": 7031809,
  },
  Object {
    "abilityID": 209859,
    "eventType": "ApplyBuff",
    "stacks": 1,
    "targetNPCID": 1,
    "targetNPCInstance": 12,
    "timestamp": 7034322,
  },
  Object {
    "abilityID": 209859,
    "eventType": "ApplyBuff",
    "stacks": 1,
    "targetNPCID": 1,
    "targetNPCInstance": 13,
    "timestamp": 7034322,
  },
  Object {
    "abilityID": 209859,
    "eventType": "ApplyBuff",
    "stacks": 1,
    "targetNPCID": 1,
    "targetNPCInstance": 13,
    "timestamp": 7043808,
  },
  Object {
    "abilityID": 209859,
    "eventType": "ApplyBuff",
    "stacks": 1,
    "targetNPCID": 1,
    "targetNPCInstance": 13,
    "timestamp": 7087513,
  },
  Object {
    "abilityID": 209859,
    "eventType": "ApplyBuff",
    "stacks": 1,
    "targetNPCID": 1,
    "targetNPCInstance": 7,
    "timestamp": 7087513,
  },
  Object {
    "abilityID": 209859,
    "eventType": "ApplyBuff",
    "stacks": 1,
    "targetNPCID": 1,
    "targetNPCInstance": 2,
    "timestamp": 7087513,
  },
  Object {
    "abilityID": 209859,
    "eventType": "ApplyBuff",
    "stacks": 1,
    "targetNPCID": 1,
    "targetNPCInstance": 7,
    "timestamp": 7089394,
  },
  Object {
    "abilityID": 209859,
    "eventType": "ApplyBuff",
    "stacks": 1,
    "targetNPCID": 1,
    "targetNPCInstance": 2,
    "timestamp": 7089394,
  },
  Object {
    "abilityID": 209859,
    "eventType": "ApplyBuff",
    "stacks": 1,
    "targetNPCID": 1,
    "targetNPCInstance": 2,
    "timestamp": 7089560,
  },
]
`;

exports[`applybuff tracks PF Slime buffs 1`] = `
Array [
  Object {
    "abilityID": 340210,
    "eventType": "ApplyBuff",
    "sourcePlayerID": 1,
    "targetPlayerID": 1,
    "timestamp": 4006933,
  },
  Object {
    "abilityID": 340210,
    "eventType": "ApplyBuff",
    "sourcePlayerID": 1,
    "targetPlayerID": 1,
    "timestamp": 4018740,
  },
  Object {
    "abilityID": 340210,
    "eventType": "ApplyBuff",
    "sourcePlayerID": 1,
    "targetPlayerID": 1,
    "timestamp": 4076733,
  },
  Object {
    "abilityID": 340210,
    "eventType": "ApplyBuff",
    "sourcePlayerID": 1,
    "targetPlayerID": 1,
    "timestamp": 4078931,
  },
  Object {
    "abilityID": 340210,
    "eventType": "ApplyBuff",
    "sourcePlayerID": 1,
    "targetPlayerID": 1,
    "timestamp": 4563925,
  },
  Object {
    "abilityID": 340225,
    "eventType": "ApplyBuff",
    "sourcePlayerID": 1,
    "targetPlayerID": 1,
    "timestamp": 4563925,
  },
  Object {
    "abilityID": 340271,
    "eventType": "ApplyBuff",
    "sourcePlayerID": 1,
    "targetPlayerID": 1,
    "timestamp": 4622916,
  },
  Object {
    "abilityID": 340271,
    "eventType": "ApplyBuff",
    "sourcePlayerID": 1,
    "targetPlayerID": 1,
    "timestamp": 4978916,
  },
  Object {
    "abilityID": 340225,
    "eventType": "ApplyBuff",
    "sourcePlayerID": 1,
    "targetPlayerID": 1,
    "timestamp": 4979920,
  },
  Object {
    "abilityID": 340225,
    "eventType": "ApplyBuff",
    "sourcePlayerID": 1,
    "targetPlayerID": 1,
    "timestamp": 4986724,
  },
  Object {
    "abilityID": 340271,
    "eventType": "ApplyBuff",
    "sourcePlayerID": 1,
    "targetPlayerID": 1,
    "timestamp": 4986724,
  },
  Object {
    "abilityID": 340210,
    "eventType": "ApplyBuff",
    "sourcePlayerID": 1,
    "targetPlayerID": 1,
    "timestamp": 5260722,
  },
  Object {
    "abilityID": 340210,
    "eventType": "ApplyBuff",
    "sourcePlayerID": 1,
    "targetPlayerID": 1,
    "timestamp": 5262928,
  },
]
`;

exports[`applybuff tracks SD Lantern Buff 1`] = `
Array [
  Object {
    "abilityID": 340433,
    "eventType": "ApplyBuff",
    "targetPlayerID": 1,
    "timestamp": 11577910,
  },
  Object {
    "abilityID": 340433,
    "eventType": "ApplyBuff",
    "targetPlayerID": 1,
    "timestamp": 11577910,
  },
  Object {
    "abilityID": 340433,
    "eventType": "ApplyBuff",
    "targetPlayerID": 1,
    "timestamp": 11577910,
  },
  Object {
    "abilityID": 340433,
    "eventType": "ApplyBuff",
    "targetPlayerID": 1,
    "timestamp": 11577910,
  },
  Object {
    "abilityID": 340433,
    "eventType": "ApplyBuff",
    "targetPlayerID": 1,
    "timestamp": 11577910,
  },
  Object {
    "abilityID": 340433,
    "eventType": "ApplyBuff",
    "targetPlayerID": 1,
    "timestamp": 12269271,
  },
  Object {
    "abilityID": 340433,
    "eventType": "ApplyBuff",
    "targetPlayerID": 1,
    "timestamp": 12269271,
  },
  Object {
    "abilityID": 340433,
    "eventType": "ApplyBuff",
    "targetPlayerID": 1,
    "timestamp": 12269271,
  },
  Object {
    "abilityID": 340433,
    "eventType": "ApplyBuff",
    "targetPlayerID": 1,
    "timestamp": 12269271,
  },
  Object {
    "abilityID": 340433,
    "eventType": "ApplyBuff",
    "targetPlayerID": 1,
    "timestamp": 12269271,
  },
  Object {
    "abilityID": 340433,
    "eventType": "ApplyBuff",
    "targetPlayerID": 1,
    "timestamp": 12640578,
  },
  Object {
    "abilityID": 340433,
    "eventType": "ApplyBuff",
    "targetPlayerID": 1,
    "timestamp": 12640578,
  },
  Object {
    "abilityID": 340433,
    "eventType": "ApplyBuff",
    "targetPlayerID": 1,
    "timestamp": 12640578,
  },
  Object {
    "abilityID": 340433,
    "eventType": "ApplyBuff",
    "targetPlayerID": 1,
    "timestamp": 12640578,
  },
  Object {
    "abilityID": 340433,
    "eventType": "ApplyBuff",
    "targetPlayerID": 1,
    "timestamp": 12640578,
  },
  Object {
    "abilityID": 340433,
    "eventType": "ApplyBuff",
    "targetPlayerID": 1,
    "timestamp": 13482676,
  },
  Object {
    "abilityID": 340433,
    "eventType": "ApplyBuff",
    "targetPlayerID": 1,
    "timestamp": 13482678,
  },
  Object {
    "abilityID": 340433,
    "eventType": "ApplyBuff",
    "targetPlayerID": 1,
    "timestamp": 13482678,
  },
  Object {
    "abilityID": 340433,
    "eventType": "ApplyBuff",
    "targetPlayerID": 1,
    "timestamp": 13482678,
  },
  Object {
    "abilityID": 340433,
    "eventType": "ApplyBuff",
    "targetPlayerID": 1,
    "timestamp": 13482678,
  },
]
`;

exports[`applybuff tracks ToP banner aura 1`] = `
Array [
  Object {
    "abilityID": 340378,
    "eventType": "ApplyBuff",
    "sourcePlayerID": 1,
    "targetPlayerID": 1,
    "timestamp": 5032705,
  },
  Object {
    "abilityID": 340378,
    "eventType": "ApplyBuff",
    "sourcePlayerID": 1,
    "targetPlayerID": 1,
    "timestamp": 5549610,
  },
  Object {
    "abilityID": 340378,
    "eventType": "ApplyBuff",
    "sourcePlayerID": 1,
    "targetPlayerID": 1,
    "timestamp": 6031023,
  },
]
`;

exports[`applybuff tracks bolstering 1`] = `
Array [
  Object {
    "abilityID": 209859,
    "eventType": "ApplyBuff",
    "stacks": null,
    "targetNPCID": 1,
    "targetNPCInstance": 1,
    "timestamp": 6029413,
  },
  Object {
    "abilityID": 209859,
    "eventType": "ApplyBuff",
    "stacks": null,
    "targetNPCID": 1,
    "targetNPCInstance": 2,
    "timestamp": 6029413,
  },
  Object {
    "abilityID": 209859,
    "eventType": "ApplyBuff",
    "stacks": null,
    "targetNPCID": 1,
    "targetNPCInstance": 1,
    "timestamp": 6029413,
  },
  Object {
    "abilityID": 209859,
    "eventType": "ApplyBuff",
    "stacks": null,
    "targetNPCID": 1,
    "targetNPCInstance": 3,
    "timestamp": 6029413,
  },
  Object {
    "abilityID": 209859,
    "eventType": "ApplyBuff",
    "stacks": null,
    "targetNPCID": 1,
    "targetNPCInstance": 2,
    "timestamp": 6029413,
  },
  Object {
    "abilityID": 209859,
    "eventType": "ApplyBuff",
    "stacks": null,
    "targetNPCID": 1,
    "targetNPCInstance": 1,
    "timestamp": 6029413,
  },
  Object {
    "abilityID": 209859,
    "eventType": "ApplyBuff",
    "stacks": null,
    "targetNPCID": 1,
    "targetNPCInstance": 2,
    "timestamp": 6034063,
  },
  Object {
    "abilityID": 209859,
    "eventType": "ApplyBuff",
    "stacks": null,
    "targetNPCID": 1,
    "targetNPCInstance": 1,
    "timestamp": 6034063,
  },
  Object {
    "abilityID": 209859,
    "eventType": "ApplyBuff",
    "stacks": null,
    "targetNPCID": 1,
    "targetNPCInstance": 3,
    "timestamp": 6034063,
  },
  Object {
    "abilityID": 209859,
    "eventType": "ApplyBuff",
    "stacks": null,
    "targetNPCID": 1,
    "targetNPCInstance": 2,
    "timestamp": 6034063,
  },
  Object {
    "abilityID": 209859,
    "eventType": "ApplyBuff",
    "stacks": null,
    "targetNPCID": 1,
    "targetNPCInstance": 1,
    "timestamp": 6034063,
  },
  Object {
    "abilityID": 209859,
    "eventType": "ApplyBuff",
    "stacks": null,
    "targetNPCID": 1,
    "targetNPCInstance": 1,
    "timestamp": 6034914,
  },
  Object {
    "abilityID": 209859,
    "eventType": "ApplyBuff",
    "stacks": null,
    "targetNPCID": 1,
    "targetNPCInstance": 3,
    "timestamp": 6034914,
  },
  Object {
    "abilityID": 209859,
    "eventType": "ApplyBuff",
    "stacks": null,
    "targetNPCID": 1,
    "targetNPCInstance": 2,
    "timestamp": 6034914,
  },
  Object {
    "abilityID": 209859,
    "eventType": "ApplyBuff",
    "stacks": null,
    "targetNPCID": 1,
    "targetNPCInstance": 1,
    "timestamp": 6034914,
  },
  Object {
    "abilityID": 209859,
    "eventType": "ApplyBuff",
    "stacks": null,
    "targetNPCID": 1,
    "targetNPCInstance": 1,
    "timestamp": 6035028,
  },
  Object {
    "abilityID": 209859,
    "eventType": "ApplyBuff",
    "stacks": null,
    "targetNPCID": 1,
    "targetNPCInstance": 3,
    "timestamp": 6035028,
  },
  Object {
    "abilityID": 209859,
    "eventType": "ApplyBuff",
    "stacks": null,
    "targetNPCID": 1,
    "targetNPCInstance": 1,
    "timestamp": 6035028,
  },
  Object {
    "abilityID": 209859,
    "eventType": "ApplyBuff",
    "stacks": null,
    "targetNPCID": 1,
    "targetNPCInstance": 1,
    "timestamp": 6035637,
  },
  Object {
    "abilityID": 209859,
    "eventType": "ApplyBuff",
    "stacks": null,
    "targetNPCID": 1,
    "targetNPCInstance": 3,
    "timestamp": 6035637,
  },
  Object {
    "abilityID": 209859,
    "eventType": "ApplyBuff",
    "stacks": null,
    "targetNPCID": 1,
    "targetNPCInstance": 3,
    "timestamp": 6037240,
  },
  Object {
    "abilityID": 209859,
    "eventType": "ApplyBuff",
    "stacks": null,
    "targetNPCID": 1,
    "targetNPCInstance": 2,
    "timestamp": 6066821,
  },
  Object {
    "abilityID": 209859,
    "eventType": "ApplyBuff",
    "stacks": null,
    "targetNPCID": 1,
    "targetNPCInstance": 4,
    "timestamp": 6066821,
  },
  Object {
    "abilityID": 209859,
    "eventType": "ApplyBuff",
    "stacks": null,
    "targetNPCID": 1,
    "targetNPCInstance": 3,
    "timestamp": 6066821,
  },
  Object {
    "abilityID": 209859,
    "eventType": "ApplyBuff",
    "stacks": null,
    "targetNPCID": 1,
    "targetNPCInstance": 2,
    "timestamp": 6066821,
  },
  Object {
    "abilityID": 209859,
    "eventType": "ApplyBuff",
    "stacks": null,
    "targetNPCID": 1,
    "targetNPCInstance": 1,
    "timestamp": 6066821,
  },
  Object {
    "abilityID": 209859,
    "eventType": "ApplyBuff",
    "stacks": null,
    "targetNPCID": 1,
    "targetNPCInstance": 2,
    "timestamp": 6066821,
  },
  Object {
    "abilityID": 209859,
    "eventType": "ApplyBuff",
    "stacks": null,
    "targetNPCID": 1,
    "targetNPCInstance": 3,
    "timestamp": 6066821,
  },
  Object {
    "abilityID": 209859,
    "eventType": "ApplyBuff",
    "stacks": null,
    "targetNPCID": 1,
    "targetNPCInstance": 4,
    "timestamp": 6066821,
  },
  Object {
    "abilityID": 209859,
    "eventType": "ApplyBuff",
    "stacks": null,
    "targetNPCID": 1,
    "targetNPCInstance": 4,
    "timestamp": 6066821,
  },
  Object {
    "abilityID": 209859,
    "eventType": "ApplyBuff",
    "stacks": null,
    "targetNPCID": 1,
    "targetNPCInstance": 2,
    "timestamp": 6067842,
  },
  Object {
    "abilityID": 209859,
    "eventType": "ApplyBuff",
    "stacks": null,
    "targetNPCID": 1,
    "targetNPCInstance": 4,
    "timestamp": 6067842,
  },
  Object {
    "abilityID": 209859,
    "eventType": "ApplyBuff",
    "stacks": null,
    "targetNPCID": 1,
    "targetNPCInstance": 3,
    "timestamp": 6067842,
  },
  Object {
    "abilityID": 209859,
    "eventType": "ApplyBuff",
    "stacks": null,
    "targetNPCID": 1,
    "targetNPCInstance": 2,
    "timestamp": 6067842,
  },
  Object {
    "abilityID": 209859,
    "eventType": "ApplyBuff",
    "stacks": null,
    "targetNPCID": 1,
    "targetNPCInstance": 2,
    "timestamp": 6067842,
  },
  Object {
    "abilityID": 209859,
    "eventType": "ApplyBuff",
    "stacks": null,
    "targetNPCID": 1,
    "targetNPCInstance": 3,
    "timestamp": 6067842,
  },
  Object {
    "abilityID": 209859,
    "eventType": "ApplyBuff",
    "stacks": null,
    "targetNPCID": 1,
    "targetNPCInstance": 4,
    "timestamp": 6067842,
  },
  Object {
    "abilityID": 209859,
    "eventType": "ApplyBuff",
    "stacks": null,
    "targetNPCID": 1,
    "targetNPCInstance": 4,
    "timestamp": 6067842,
  },
  Object {
    "abilityID": 209859,
    "eventType": "ApplyBuff",
    "stacks": null,
    "targetNPCID": 1,
    "targetNPCInstance": 4,
    "timestamp": 6074548,
  },
  Object {
    "abilityID": 209859,
    "eventType": "ApplyBuff",
    "stacks": null,
    "targetNPCID": 1,
    "targetNPCInstance": 3,
    "timestamp": 6074548,
  },
  Object {
    "abilityID": 209859,
    "eventType": "ApplyBuff",
    "stacks": null,
    "targetNPCID": 1,
    "targetNPCInstance": 2,
    "timestamp": 6074548,
  },
  Object {
    "abilityID": 209859,
    "eventType": "ApplyBuff",
    "stacks": null,
    "targetNPCID": 1,
    "targetNPCInstance": 3,
    "timestamp": 6074548,
  },
  Object {
    "abilityID": 209859,
    "eventType": "ApplyBuff",
    "stacks": null,
    "targetNPCID": 1,
    "targetNPCInstance": 2,
    "timestamp": 6074548,
  },
  Object {
    "abilityID": 209859,
    "eventType": "ApplyBuff",
    "stacks": null,
    "targetNPCID": 1,
    "targetNPCInstance": 2,
    "timestamp": 6074548,
  },
  Object {
    "abilityID": 209859,
    "eventType": "ApplyBuff",
    "stacks": null,
    "targetNPCID": 1,
    "targetNPCInstance": 4,
    "timestamp": 6074548,
  },
  Object {
    "abilityID": 209859,
    "eventType": "ApplyBuff",
    "stacks": null,
    "targetNPCID": 1,
    "targetNPCInstance": 4,
    "timestamp": 6078859,
  },
  Object {
    "abilityID": 209859,
    "eventType": "ApplyBuff",
    "stacks": null,
    "targetNPCID": 1,
    "targetNPCInstance": 3,
    "timestamp": 6078859,
  },
  Object {
    "abilityID": 209859,
    "eventType": "ApplyBuff",
    "stacks": null,
    "targetNPCID": 1,
    "targetNPCInstance": 2,
    "timestamp": 6078859,
  },
  Object {
    "abilityID": 209859,
    "eventType": "ApplyBuff",
    "stacks": null,
    "targetNPCID": 1,
    "targetNPCInstance": 4,
    "timestamp": 6078859,
  },
  Object {
    "abilityID": 209859,
    "eventType": "ApplyBuff",
    "stacks": null,
    "targetNPCID": 1,
    "targetNPCInstance": 2,
    "timestamp": 6078859,
  },
  Object {
    "abilityID": 209859,
    "eventType": "ApplyBuff",
    "stacks": null,
    "targetNPCID": 1,
    "targetNPCInstance": 2,
    "timestamp": 6083842,
  },
  Object {
    "abilityID": 209859,
    "eventType": "ApplyBuff",
    "stacks": null,
    "targetNPCID": 1,
    "targetNPCInstance": 4,
    "timestamp": 6083842,
  },
  Object {
    "abilityID": 209859,
    "eventType": "ApplyBuff",
    "stacks": null,
    "targetNPCID": 1,
    "targetNPCInstance": 4,
    "timestamp": 6086160,
  },
  Object {
    "abilityID": 209859,
    "eventType": "ApplyBuff",
    "stacks": null,
    "targetNPCID": 1,
    "targetNPCInstance": 3,
    "timestamp": 6086160,
  },
  Object {
    "abilityID": 209859,
    "eventType": "ApplyBuff",
    "stacks": null,
    "targetNPCID": 1,
    "targetNPCInstance": 4,
    "timestamp": 6086160,
  },
  Object {
    "abilityID": 209859,
    "eventType": "ApplyBuff",
    "stacks": null,
    "targetNPCID": 1,
    "targetNPCInstance": 2,
    "timestamp": 6117136,
  },
  Object {
    "abilityID": 209859,
    "eventType": "ApplyBuff",
    "stacks": null,
    "targetNPCID": 1,
    "targetNPCInstance": 3,
    "timestamp": 6117136,
  },
  Object {
    "abilityID": 209859,
    "eventType": "ApplyBuff",
    "stacks": null,
    "targetNPCID": 1,
    "targetNPCInstance": 4,
    "timestamp": 6117136,
  },
  Object {
    "abilityID": 209859,
    "eventType": "ApplyBuff",
    "stacks": null,
    "targetNPCID": 1,
    "targetNPCInstance": 2,
    "timestamp": 6135410,
  },
  Object {
    "abilityID": 209859,
    "eventType": "ApplyBuff",
    "stacks": null,
    "targetNPCID": 1,
    "targetNPCInstance": 3,
    "timestamp": 6135410,
  },
  Object {
    "abilityID": 209859,
    "eventType": "ApplyBuff",
    "stacks": null,
    "targetNPCID": 1,
    "targetNPCInstance": 3,
    "timestamp": 6143395,
  },
  Object {
    "abilityID": 209859,
    "eventType": "ApplyBuff",
    "stacks": null,
    "targetNPCID": 1,
    "targetNPCInstance": 4,
    "timestamp": 6202583,
  },
  Object {
    "abilityID": 209859,
    "eventType": "ApplyBuff",
    "stacks": null,
    "targetNPCID": 1,
    "targetNPCInstance": 1,
    "timestamp": 6202583,
  },
  Object {
    "abilityID": 209859,
    "eventType": "ApplyBuff",
    "stacks": null,
    "targetNPCID": 1,
    "targetNPCInstance": 1,
    "timestamp": 6202583,
  },
  Object {
    "abilityID": 209859,
    "eventType": "ApplyBuff",
    "stacks": null,
    "targetNPCID": 1,
    "targetNPCInstance": 1,
    "timestamp": 6202826,
  },
  Object {
    "abilityID": 209859,
    "eventType": "ApplyBuff",
    "stacks": null,
    "targetNPCID": 1,
    "targetNPCInstance": 1,
    "timestamp": 6202826,
  },
  Object {
    "abilityID": 209859,
    "eventType": "ApplyBuff",
    "stacks": null,
    "targetNPCID": 1,
    "targetNPCInstance": 1,
    "timestamp": 6203241,
  },
  Object {
    "abilityID": 209859,
    "eventType": "ApplyBuff",
    "stacks": null,
    "targetNPCID": 1,
    "targetNPCInstance": 7,
    "timestamp": 6264238,
  },
  Object {
    "abilityID": 209859,
    "eventType": "ApplyBuff",
    "stacks": null,
    "targetNPCID": 1,
    "targetNPCInstance": 5,
    "timestamp": 6264238,
  },
  Object {
    "abilityID": 209859,
    "eventType": "ApplyBuff",
    "stacks": null,
    "targetNPCID": 1,
    "targetNPCInstance": 5,
    "timestamp": 6264238,
  },
  Object {
    "abilityID": 209859,
    "eventType": "ApplyBuff",
    "stacks": null,
    "targetNPCID": 1,
    "targetNPCInstance": 7,
    "timestamp": 6270958,
  },
  Object {
    "abilityID": 209859,
    "eventType": "ApplyBuff",
    "stacks": null,
    "targetNPCID": 1,
    "targetNPCInstance": 5,
    "timestamp": 6270958,
  },
  Object {
    "abilityID": 209859,
    "eventType": "ApplyBuff",
    "stacks": null,
    "targetNPCID": 1,
    "targetNPCInstance": 7,
    "timestamp": 6272668,
  },
  Object {
    "abilityID": 209859,
    "eventType": "ApplyBuff",
    "stacks": null,
    "targetNPCID": 1,
    "targetNPCInstance": 2,
    "timestamp": 6301194,
  },
  Object {
    "abilityID": 209859,
    "eventType": "ApplyBuff",
    "stacks": null,
    "targetNPCID": 1,
    "targetNPCInstance": 4,
    "timestamp": 6376090,
  },
  Object {
    "abilityID": 209859,
    "eventType": "ApplyBuff",
    "stacks": null,
    "targetNPCID": 1,
    "targetNPCInstance": 6,
    "timestamp": 6376090,
  },
  Object {
    "abilityID": 209859,
    "eventType": "ApplyBuff",
    "stacks": null,
    "targetNPCID": 1,
    "targetNPCInstance": 5,
    "timestamp": 6376090,
  },
  Object {
    "abilityID": 209859,
    "eventType": "ApplyBuff",
    "stacks": null,
    "targetNPCID": 1,
    "targetNPCInstance": 8,
    "timestamp": 6376090,
  },
  Object {
    "abilityID": 209859,
    "eventType": "ApplyBuff",
    "stacks": null,
    "targetNPCID": 1,
    "targetNPCInstance": 7,
    "timestamp": 6376090,
  },
  Object {
    "abilityID": 209859,
    "eventType": "ApplyBuff",
    "stacks": null,
    "targetNPCID": 1,
    "targetNPCInstance": 6,
    "timestamp": 6376858,
  },
  Object {
    "abilityID": 209859,
    "eventType": "ApplyBuff",
    "stacks": null,
    "targetNPCID": 1,
    "targetNPCInstance": 5,
    "timestamp": 6376858,
  },
  Object {
    "abilityID": 209859,
    "eventType": "ApplyBuff",
    "stacks": null,
    "targetNPCID": 1,
    "targetNPCInstance": 8,
    "timestamp": 6376858,
  },
  Object {
    "abilityID": 209859,
    "eventType": "ApplyBuff",
    "stacks": null,
    "targetNPCID": 1,
    "targetNPCInstance": 7,
    "timestamp": 6376858,
  },
  Object {
    "abilityID": 209859,
    "eventType": "ApplyBuff",
    "stacks": null,
    "targetNPCID": 1,
    "targetNPCInstance": 6,
    "timestamp": 6377700,
  },
  Object {
    "abilityID": 209859,
    "eventType": "ApplyBuff",
    "stacks": null,
    "targetNPCID": 1,
    "targetNPCInstance": 8,
    "timestamp": 6377700,
  },
  Object {
    "abilityID": 209859,
    "eventType": "ApplyBuff",
    "stacks": null,
    "targetNPCID": 1,
    "targetNPCInstance": 7,
    "timestamp": 6377700,
  },
  Object {
    "abilityID": 209859,
    "eventType": "ApplyBuff",
    "stacks": null,
    "targetNPCID": 1,
    "targetNPCInstance": 8,
    "timestamp": 6377722,
  },
  Object {
    "abilityID": 209859,
    "eventType": "ApplyBuff",
    "stacks": null,
    "targetNPCID": 1,
    "targetNPCInstance": 7,
    "timestamp": 6377722,
  },
  Object {
    "abilityID": 209859,
    "eventType": "ApplyBuff",
    "stacks": null,
    "targetNPCID": 1,
    "targetNPCInstance": 7,
    "timestamp": 6378420,
  },
  Object {
    "abilityID": 209859,
    "eventType": "ApplyBuff",
    "stacks": null,
    "targetNPCID": 1,
    "targetNPCInstance": 9,
    "timestamp": 6406325,
  },
  Object {
    "abilityID": 209859,
    "eventType": "ApplyBuff",
    "stacks": null,
    "targetNPCID": 1,
    "targetNPCInstance": 8,
    "timestamp": 6406325,
  },
  Object {
    "abilityID": 209859,
    "eventType": "ApplyBuff",
    "stacks": null,
    "targetNPCID": 1,
    "targetNPCInstance": 9,
    "timestamp": 6406325,
  },
  Object {
    "abilityID": 209859,
    "eventType": "ApplyBuff",
    "stacks": null,
    "targetNPCID": 1,
    "targetNPCInstance": 8,
    "timestamp": 6406325,
  },
  Object {
    "abilityID": 209859,
    "eventType": "ApplyBuff",
    "stacks": null,
    "targetNPCID": 1,
    "targetNPCInstance": 7,
    "timestamp": 6406325,
  },
  Object {
    "abilityID": 209859,
    "eventType": "ApplyBuff",
    "stacks": null,
    "targetNPCID": 1,
    "targetNPCInstance": 10,
    "timestamp": 6406325,
  },
  Object {
    "abilityID": 209859,
    "eventType": "ApplyBuff",
    "stacks": null,
    "targetNPCID": 1,
    "targetNPCInstance": 9,
    "timestamp": 6406490,
  },
  Object {
    "abilityID": 209859,
    "eventType": "ApplyBuff",
    "stacks": null,
    "targetNPCID": 1,
    "targetNPCInstance": 8,
    "timestamp": 6406490,
  },
  Object {
    "abilityID": 209859,
    "eventType": "ApplyBuff",
    "stacks": null,
    "targetNPCID": 1,
    "targetNPCInstance": 9,
    "timestamp": 6406490,
  },
  Object {
    "abilityID": 209859,
    "eventType": "ApplyBuff",
    "stacks": null,
    "targetNPCID": 1,
    "targetNPCInstance": 7,
    "timestamp": 6406490,
  },
  Object {
    "abilityID": 209859,
    "eventType": "ApplyBuff",
    "stacks": null,
    "targetNPCID": 1,
    "targetNPCInstance": 10,
    "timestamp": 6406490,
  },
  Object {
    "abilityID": 209859,
    "eventType": "ApplyBuff",
    "stacks": null,
    "targetNPCID": 1,
    "targetNPCInstance": 9,
    "timestamp": 6410075,
  },
  Object {
    "abilityID": 209859,
    "eventType": "ApplyBuff",
    "stacks": null,
    "targetNPCID": 1,
    "targetNPCInstance": 8,
    "timestamp": 6410075,
  },
  Object {
    "abilityID": 209859,
    "eventType": "ApplyBuff",
    "stacks": null,
    "targetNPCID": 1,
    "targetNPCInstance": 7,
    "timestamp": 6410075,
  },
  Object {
    "abilityID": 209859,
    "eventType": "ApplyBuff",
    "stacks": null,
    "targetNPCID": 1,
    "targetNPCInstance": 10,
    "timestamp": 6410075,
  },
  Object {
    "abilityID": 209859,
    "eventType": "ApplyBuff",
    "stacks": null,
    "targetNPCID": 1,
    "targetNPCInstance": 9,
    "timestamp": 6410488,
  },
  Object {
    "abilityID": 209859,
    "eventType": "ApplyBuff",
    "stacks": null,
    "targetNPCID": 1,
    "targetNPCInstance": 8,
    "timestamp": 6410488,
  },
  Object {
    "abilityID": 209859,
    "eventType": "ApplyBuff",
    "stacks": null,
    "targetNPCID": 1,
    "targetNPCInstance": 10,
    "timestamp": 6410488,
  },
  Object {
    "abilityID": 209859,
    "eventType": "ApplyBuff",
    "stacks": null,
    "targetNPCID": 1,
    "targetNPCInstance": 9,
    "timestamp": 6425890,
  },
  Object {
    "abilityID": 209859,
    "eventType": "ApplyBuff",
    "stacks": null,
    "targetNPCID": 1,
    "targetNPCInstance": 10,
    "timestamp": 6425890,
  },
  Object {
    "abilityID": 209859,
    "eventType": "ApplyBuff",
    "stacks": null,
    "targetNPCID": 1,
    "targetNPCInstance": 10,
    "timestamp": 6430754,
  },
  Object {
    "abilityID": 209859,
    "eventType": "ApplyBuff",
    "stacks": null,
    "targetNPCID": 1,
    "targetNPCInstance": 3,
    "timestamp": 6470567,
  },
  Object {
    "abilityID": 209859,
    "eventType": "ApplyBuff",
    "stacks": null,
    "targetNPCID": 1,
    "targetNPCInstance": 9,
    "timestamp": 6539996,
  },
  Object {
    "abilityID": 209859,
    "eventType": "ApplyBuff",
    "stacks": null,
    "targetNPCID": 1,
    "targetNPCInstance": 10,
    "timestamp": 6539996,
  },
  Object {
    "abilityID": 209859,
    "eventType": "ApplyBuff",
    "stacks": null,
    "targetNPCID": 1,
    "targetNPCInstance": 10,
    "timestamp": 6539996,
  },
  Object {
    "abilityID": 209859,
    "eventType": "ApplyBuff",
    "stacks": null,
    "targetNPCID": 1,
    "targetNPCInstance": 6,
    "timestamp": 6539996,
  },
  Object {
    "abilityID": 209859,
    "eventType": "ApplyBuff",
    "stacks": null,
    "targetNPCID": 1,
    "targetNPCInstance": 9,
    "timestamp": 6543566,
  },
  Object {
    "abilityID": 209859,
    "eventType": "ApplyBuff",
    "stacks": null,
    "targetNPCID": 1,
    "targetNPCInstance": 10,
    "timestamp": 6543566,
  },
  Object {
    "abilityID": 209859,
    "eventType": "ApplyBuff",
    "stacks": null,
    "targetNPCID": 1,
    "targetNPCInstance": 6,
    "timestamp": 6543566,
  },
  Object {
    "abilityID": 209859,
    "eventType": "ApplyBuff",
    "stacks": null,
    "targetNPCID": 1,
    "targetNPCInstance": 9,
    "timestamp": 6543566,
  },
  Object {
    "abilityID": 209859,
    "eventType": "ApplyBuff",
    "stacks": null,
    "targetNPCID": 1,
    "targetNPCInstance": 6,
    "timestamp": 6543566,
  },
  Object {
    "abilityID": 209859,
    "eventType": "ApplyBuff",
    "stacks": null,
    "targetNPCID": 1,
    "targetNPCInstance": 9,
    "timestamp": 6545166,
  },
  Object {
    "abilityID": 209859,
    "eventType": "ApplyBuff",
    "stacks": null,
    "targetNPCID": 1,
    "targetNPCInstance": 11,
    "timestamp": 6569466,
  },
  Object {
    "abilityID": 209859,
    "eventType": "ApplyBuff",
    "stacks": null,
    "targetNPCID": 1,
    "targetNPCInstance": 14,
    "timestamp": 6569466,
  },
  Object {
    "abilityID": 209859,
    "eventType": "ApplyBuff",
    "stacks": null,
    "targetNPCID": 1,
    "targetNPCInstance": 12,
    "timestamp": 6569466,
  },
  Object {
    "abilityID": 209859,
    "eventType": "ApplyBuff",
    "stacks": null,
    "targetNPCID": 1,
    "targetNPCInstance": 11,
    "timestamp": 6569466,
  },
  Object {
    "abilityID": 209859,
    "eventType": "ApplyBuff",
    "stacks": null,
    "targetNPCID": 1,
    "targetNPCInstance": 7,
    "timestamp": 6569466,
  },
  Object {
    "abilityID": 209859,
    "eventType": "ApplyBuff",
    "stacks": null,
    "targetNPCID": 1,
    "targetNPCInstance": 11,
    "timestamp": 6574198,
  },
  Object {
    "abilityID": 209859,
    "eventType": "ApplyBuff",
    "stacks": null,
    "targetNPCID": 1,
    "targetNPCInstance": 12,
    "timestamp": 6574198,
  },
  Object {
    "abilityID": 209859,
    "eventType": "ApplyBuff",
    "stacks": null,
    "targetNPCID": 1,
    "targetNPCInstance": 11,
    "timestamp": 6574198,
  },
  Object {
    "abilityID": 209859,
    "eventType": "ApplyBuff",
    "stacks": null,
    "targetNPCID": 1,
    "targetNPCInstance": 7,
    "timestamp": 6574198,
  },
  Object {
    "abilityID": 209859,
    "eventType": "ApplyBuff",
    "stacks": null,
    "targetNPCID": 1,
    "targetNPCInstance": 12,
    "timestamp": 6576849,
  },
  Object {
    "abilityID": 209859,
    "eventType": "ApplyBuff",
    "stacks": null,
    "targetNPCID": 1,
    "targetNPCInstance": 11,
    "timestamp": 6576849,
  },
  Object {
    "abilityID": 209859,
    "eventType": "ApplyBuff",
    "stacks": null,
    "targetNPCID": 1,
    "targetNPCInstance": 7,
    "timestamp": 6576849,
  },
  Object {
    "abilityID": 209859,
    "eventType": "ApplyBuff",
    "stacks": null,
    "targetNPCID": 1,
    "targetNPCInstance": 11,
    "timestamp": 6578067,
  },
  Object {
    "abilityID": 209859,
    "eventType": "ApplyBuff",
    "stacks": null,
    "targetNPCID": 1,
    "targetNPCInstance": 7,
    "timestamp": 6578067,
  },
  Object {
    "abilityID": 209859,
    "eventType": "ApplyBuff",
    "stacks": null,
    "targetNPCID": 1,
    "targetNPCInstance": 7,
    "timestamp": 6580869,
  },
  Object {
    "abilityID": 209859,
    "eventType": "ApplyBuff",
    "stacks": null,
    "targetNPCID": 1,
    "targetNPCInstance": 8,
    "timestamp": 6607192,
  },
  Object {
    "abilityID": 209859,
    "eventType": "ApplyBuff",
    "stacks": null,
    "targetNPCID": 1,
    "targetNPCInstance": null,
    "timestamp": 6674648,
  },
  Object {
    "abilityID": 209859,
    "eventType": "ApplyBuff",
    "stacks": null,
    "targetNPCID": 1,
    "targetNPCInstance": 7,
    "timestamp": 7027973,
  },
  Object {
    "abilityID": 209859,
    "eventType": "ApplyBuff",
    "stacks": null,
    "targetNPCID": 1,
    "targetNPCInstance": 12,
    "timestamp": 7027973,
  },
  Object {
    "abilityID": 209859,
    "eventType": "ApplyBuff",
    "stacks": null,
    "targetNPCID": 1,
    "targetNPCInstance": 11,
    "timestamp": 7027973,
  },
  Object {
    "abilityID": 209859,
    "eventType": "ApplyBuff",
    "stacks": null,
    "targetNPCID": 1,
    "targetNPCInstance": 13,
    "timestamp": 7027973,
  },
  Object {
    "abilityID": 209859,
    "eventType": "ApplyBuff",
    "stacks": null,
    "targetNPCID": 1,
    "targetNPCInstance": 7,
    "timestamp": 7031809,
  },
  Object {
    "abilityID": 209859,
    "eventType": "ApplyBuff",
    "stacks": null,
    "targetNPCID": 1,
    "targetNPCInstance": 12,
    "timestamp": 7031809,
  },
  Object {
    "abilityID": 209859,
    "eventType": "ApplyBuff",
    "stacks": null,
    "targetNPCID": 1,
    "targetNPCInstance": 13,
    "timestamp": 7031809,
  },
  Object {
    "abilityID": 209859,
    "eventType": "ApplyBuff",
    "stacks": null,
    "targetNPCID": 1,
    "targetNPCInstance": 12,
    "timestamp": 7034322,
  },
  Object {
    "abilityID": 209859,
    "eventType": "ApplyBuff",
    "stacks": null,
    "targetNPCID": 1,
    "targetNPCInstance": 13,
    "timestamp": 7034322,
  },
  Object {
    "abilityID": 209859,
    "eventType": "ApplyBuff",
    "stacks": null,
    "targetNPCID": 1,
    "targetNPCInstance": 13,
    "timestamp": 7043808,
  },
  Object {
    "abilityID": 209859,
    "eventType": "ApplyBuff",
    "stacks": null,
    "targetNPCID": 1,
    "targetNPCInstance": 13,
    "timestamp": 7087513,
  },
  Object {
    "abilityID": 209859,
    "eventType": "ApplyBuff",
    "stacks": null,
    "targetNPCID": 1,
    "targetNPCInstance": 7,
    "timestamp": 7087513,
  },
  Object {
    "abilityID": 209859,
    "eventType": "ApplyBuff",
    "stacks": null,
    "targetNPCID": 1,
    "targetNPCInstance": 2,
    "timestamp": 7087513,
  },
  Object {
    "abilityID": 209859,
    "eventType": "ApplyBuff",
    "stacks": null,
    "targetNPCID": 1,
    "targetNPCInstance": 7,
    "timestamp": 7089394,
  },
  Object {
    "abilityID": 209859,
    "eventType": "ApplyBuff",
    "stacks": null,
    "targetNPCID": 1,
    "targetNPCInstance": 2,
    "timestamp": 7089394,
  },
  Object {
    "abilityID": 209859,
    "eventType": "ApplyBuff",
    "stacks": null,
    "targetNPCID": 1,
    "targetNPCInstance": 2,
    "timestamp": 7089560,
  },
]
`;

exports[`applybuff tracks engineering invisibility 1`] = `
Array [
  Object {
    "abilityID": 321422,
    "eventType": "ApplyBuff",
    "sourcePlayerID": 1,
    "timestamp": 12295325,
  },
  Object {
    "abilityID": 321422,
    "eventType": "ApplyBuff",
    "sourcePlayerID": 1,
    "timestamp": 12297167,
  },
]
`;

exports[`applybuff tracks invisibility potion 1`] = `
Array [
  Object {
    "abilityID": 307195,
    "eventType": "ApplyBuff",
    "sourcePlayerID": 1,
    "timestamp": 12294824,
  },
]
`;
