// Jest Snapshot v1, https://goo.gl/fbAQLP

exports[`cast tracks any cast event 1`] = `
Array [
  Object {
    "abilityID": 223306,
    "eventType": "Cast",
    "sourcePlayerID": 1,
    "targetNPCID": null,
    "targetPlayerID": null,
    "timestamp": 2360629,
  },
  Object {
    "abilityID": 186257,
    "eventType": "Cast",
    "sourcePlayerID": 1,
    "targetNPCID": null,
    "targetPlayerID": null,
    "timestamp": 2363666,
  },
  Object {
    "abilityID": 258920,
    "eventType": "Cast",
    "sourcePlayerID": 1,
    "targetNPCID": null,
    "targetPlayerID": null,
    "timestamp": 2369226,
  },
  Object {
    "abilityID": 204021,
    "eventType": "Cast",
    "sourcePlayerID": 1,
    "targetNPCID": null,
    "targetPlayerID": null,
    "timestamp": 2370826,
  },
  Object {
    "abilityID": 34477,
    "eventType": "Cast",
    "sourcePlayerID": 1,
    "targetNPCID": null,
    "targetPlayerID": null,
    "timestamp": 2371922,
  },
  Object {
    "abilityID": 204596,
    "eventType": "Cast",
    "sourcePlayerID": 1,
    "targetNPCID": null,
    "targetPlayerID": null,
    "timestamp": 2372104,
  },
  Object {
    "abilityID": 131347,
    "eventType": "Cast",
    "sourcePlayerID": 1,
    "targetNPCID": null,
    "targetPlayerID": null,
    "timestamp": 2372549,
  },
  Object {
    "abilityID": 203720,
    "eventType": "Cast",
    "sourcePlayerID": 1,
    "targetNPCID": null,
    "targetPlayerID": null,
    "timestamp": 2372680,
  },
  Object {
    "abilityID": 258920,
    "eventType": "Cast",
    "sourcePlayerID": 1,
    "targetNPCID": null,
    "targetPlayerID": null,
    "timestamp": 2373364,
  },
  Object {
    "abilityID": 329840,
    "eventType": "Cast",
    "sourcePlayerID": 1,
    "targetNPCID": null,
    "targetPlayerID": null,
    "timestamp": 2373737,
  },
  Object {
    "abilityID": 185123,
    "eventType": "Cast",
    "sourcePlayerID": 1,
    "targetNPCID": null,
    "targetPlayerID": null,
    "timestamp": 2373887,
  },
  Object {
    "abilityID": 202719,
    "eventType": "Cast",
    "sourcePlayerID": 1,
    "targetNPCID": null,
    "targetPlayerID": null,
    "timestamp": 2374641,
  },
  Object {
    "abilityID": 20473,
    "eventType": "Cast",
    "sourcePlayerID": 1,
    "targetNPCID": null,
    "targetPlayerID": null,
    "timestamp": 2374800,
  },
  Object {
    "abilityID": 212431,
    "eventType": "Cast",
    "sourcePlayerID": 1,
    "targetNPCID": null,
    "targetPlayerID": null,
    "timestamp": 2374846,
  },
  Object {
    "abilityID": 195072,
    "eventType": "Cast",
    "sourcePlayerID": 1,
    "targetNPCID": null,
    "targetPlayerID": null,
    "timestamp": 2375663,
  },
  Object {
    "abilityID": 306830,
    "eventType": "Cast",
    "sourcePlayerID": 1,
    "targetNPCID": null,
    "targetPlayerID": null,
    "timestamp": 2375912,
  },
  Object {
    "abilityID": 223306,
    "eventType": "Cast",
    "sourcePlayerID": 1,
    "targetNPCID": null,
    "targetPlayerID": null,
    "timestamp": 2376006,
  },
  Object {
    "abilityID": 257620,
    "eventType": "Cast",
    "sourcePlayerID": 1,
    "targetNPCID": null,
    "targetPlayerID": null,
    "timestamp": 2376282,
  },
  Object {
    "abilityID": 324748,
    "eventType": "Cast",
    "sourcePlayerID": 1,
    "targetNPCID": null,
    "targetPlayerID": null,
    "timestamp": 2376379,
  },
  Object {
    "abilityID": 34914,
    "eventType": "Cast",
    "sourcePlayerID": 1,
    "targetNPCID": null,
    "targetPlayerID": null,
    "timestamp": 2376827,
  },
  Object {
    "abilityID": 185123,
    "eventType": "Cast",
    "sourcePlayerID": 1,
    "targetNPCID": null,
    "targetPlayerID": null,
    "timestamp": 2376881,
  },
  Object {
    "abilityID": 205385,
    "eventType": "Cast",
    "sourcePlayerID": 1,
    "targetNPCID": null,
    "targetPlayerID": null,
    "timestamp": 2377142,
  },
  Object {
    "abilityID": 225919,
    "eventType": "Cast",
    "sourcePlayerID": 1,
    "targetNPCID": null,
    "targetPlayerID": null,
    "timestamp": 2377192,
  },
  Object {
    "abilityID": 263642,
    "eventType": "Cast",
    "sourcePlayerID": 1,
    "targetNPCID": null,
    "targetPlayerID": null,
    "timestamp": 2377192,
  },
  Object {
    "abilityID": 225921,
    "eventType": "Cast",
    "sourcePlayerID": 1,
    "targetNPCID": null,
    "targetPlayerID": null,
    "timestamp": 2377344,
  },
  Object {
    "abilityID": 257044,
    "eventType": "Cast",
    "sourcePlayerID": 1,
    "targetNPCID": null,
    "targetPlayerID": null,
    "timestamp": 2377720,
  },
  Object {
    "abilityID": 204255,
    "eventType": "Cast",
    "sourcePlayerID": 1,
    "targetNPCID": null,
    "targetPlayerID": null,
    "timestamp": 2377983,
  },
  Object {
    "abilityID": 204255,
    "eventType": "Cast",
    "sourcePlayerID": 1,
    "targetNPCID": null,
    "targetPlayerID": null,
    "timestamp": 2378284,
  },
  Object {
    "abilityID": 589,
    "eventType": "Cast",
    "sourcePlayerID": 1,
    "targetNPCID": null,
    "targetPlayerID": null,
    "timestamp": 2378343,
  },
  Object {
    "abilityID": 228477,
    "eventType": "Cast",
    "sourcePlayerID": 1,
    "targetNPCID": null,
    "targetPlayerID": null,
    "timestamp": 2378469,
  },
  Object {
    "abilityID": 323639,
    "eventType": "Cast",
    "sourcePlayerID": 1,
    "targetNPCID": null,
    "targetPlayerID": null,
    "timestamp": 2378637,
  },
  Object {
    "abilityID": 204255,
    "eventType": "Cast",
    "sourcePlayerID": 1,
    "targetNPCID": null,
    "targetPlayerID": null,
    "timestamp": 2378755,
  },
  Object {
    "abilityID": 204255,
    "eventType": "Cast",
    "sourcePlayerID": 1,
    "targetNPCID": null,
    "targetPlayerID": null,
    "timestamp": 2378807,
  },
  Object {
    "abilityID": 204255,
    "eventType": "Cast",
    "sourcePlayerID": 1,
    "targetNPCID": null,
    "targetPlayerID": null,
    "timestamp": 2378843,
  },
  Object {
    "abilityID": 323802,
    "eventType": "Cast",
    "sourcePlayerID": 1,
    "targetNPCID": null,
    "targetPlayerID": null,
    "timestamp": 2378932,
  },
  Object {
    "abilityID": 26573,
    "eventType": "Cast",
    "sourcePlayerID": 1,
    "targetNPCID": null,
    "targetPlayerID": null,
    "timestamp": 2379054,
  },
  Object {
    "abilityID": 258925,
    "eventType": "Cast",
    "sourcePlayerID": 1,
    "targetNPCID": null,
    "targetPlayerID": null,
    "timestamp": 2379268,
  },
  Object {
    "abilityID": 200174,
    "eventType": "Cast",
    "sourcePlayerID": 1,
    "targetNPCID": null,
    "targetPlayerID": null,
    "timestamp": 2379542,
  },
  Object {
    "abilityID": 257620,
    "eventType": "Cast",
    "sourcePlayerID": 1,
    "targetNPCID": null,
    "targetPlayerID": null,
    "timestamp": 2379678,
  },
  Object {
    "abilityID": 228477,
    "eventType": "Cast",
    "sourcePlayerID": 1,
    "targetNPCID": null,
    "targetPlayerID": null,
    "timestamp": 2379733,
  },
  Object {
    "abilityID": 324748,
    "eventType": "Cast",
    "sourcePlayerID": 1,
    "targetNPCID": null,
    "targetPlayerID": null,
    "timestamp": 2379733,
  },
  Object {
    "abilityID": 35395,
    "eventType": "Cast",
    "sourcePlayerID": 1,
    "targetNPCID": null,
    "targetPlayerID": null,
    "timestamp": 2380171,
  },
  Object {
    "abilityID": 32379,
    "eventType": "Cast",
    "sourcePlayerID": 1,
    "targetNPCID": null,
    "targetPlayerID": null,
    "timestamp": 2380755,
  },
  Object {
    "abilityID": 225919,
    "eventType": "Cast",
    "sourcePlayerID": 1,
    "targetNPCID": null,
    "targetPlayerID": null,
    "timestamp": 2381007,
  },
  Object {
    "abilityID": 263642,
    "eventType": "Cast",
    "sourcePlayerID": 1,
    "targetNPCID": null,
    "targetPlayerID": null,
    "timestamp": 2381007,
  },
  Object {
    "abilityID": 225921,
    "eventType": "Cast",
    "sourcePlayerID": 1,
    "targetNPCID": null,
    "targetPlayerID": null,
    "timestamp": 2381162,
  },
  Object {
    "abilityID": 204255,
    "eventType": "Cast",
    "sourcePlayerID": 1,
    "targetNPCID": null,
    "targetPlayerID": null,
    "timestamp": 2381804,
  },
  Object {
    "abilityID": 85673,
    "eventType": "Cast",
    "sourcePlayerID": 1,
    "targetNPCID": null,
    "targetPlayerID": null,
    "timestamp": 2381862,
  },
  Object {
    "abilityID": 204255,
    "eventType": "Cast",
    "sourcePlayerID": 1,
    "targetNPCID": null,
    "targetPlayerID": null,
    "timestamp": 2382100,
  },
  Object {
    "abilityID": 228477,
    "eventType": "Cast",
    "sourcePlayerID": 1,
    "targetNPCID": null,
    "targetPlayerID": null,
    "timestamp": 2382974,
  },
  Object {
    "abilityID": 8092,
    "eventType": "Cast",
    "sourcePlayerID": 1,
    "targetNPCID": null,
    "targetPlayerID": null,
    "timestamp": 2383163,
  },
  Object {
    "abilityID": 48045,
    "eventType": "Cast",
    "sourcePlayerID": 1,
    "targetNPCID": null,
    "targetPlayerID": null,
    "timestamp": 2383174,
  },
  Object {
    "abilityID": 147193,
    "eventType": "Cast",
    "sourcePlayerID": 1,
    "targetNPCID": null,
    "targetPlayerID": null,
    "timestamp": 2383187,
  },
  Object {
    "abilityID": 341263,
    "eventType": "Cast",
    "sourcePlayerID": 1,
    "targetNPCID": null,
    "targetPlayerID": null,
    "timestamp": 2383187,
  },
  Object {
    "abilityID": 85673,
    "eventType": "Cast",
    "sourcePlayerID": 1,
    "targetNPCID": null,
    "targetPlayerID": null,
    "timestamp": 2383285,
  },
  Object {
    "abilityID": 162243,
    "eventType": "Cast",
    "sourcePlayerID": 1,
    "targetNPCID": null,
    "targetPlayerID": null,
    "timestamp": 2383285,
  },
  Object {
    "abilityID": 203720,
    "eventType": "Cast",
    "sourcePlayerID": 1,
    "targetNPCID": null,
    "targetPlayerID": null,
    "timestamp": 2383804,
  },
  Object {
    "abilityID": 225919,
    "eventType": "Cast",
    "sourcePlayerID": 1,
    "targetNPCID": null,
    "targetPlayerID": null,
    "timestamp": 2384251,
  },
  Object {
    "abilityID": 263642,
    "eventType": "Cast",
    "sourcePlayerID": 1,
    "targetNPCID": null,
    "targetPlayerID": null,
    "timestamp": 2384251,
  },
  Object {
    "abilityID": 198013,
    "eventType": "Cast",
    "sourcePlayerID": 1,
    "targetNPCID": null,
    "targetPlayerID": null,
    "timestamp": 2384357,
  },
  Object {
    "abilityID": 341385,
    "eventType": "Cast",
    "sourcePlayerID": 1,
    "targetNPCID": null,
    "targetPlayerID": null,
    "timestamp": 2384382,
  },
  Object {
    "abilityID": 19434,
    "eventType": "Cast",
    "sourcePlayerID": 1,
    "targetNPCID": null,
    "targetPlayerID": null,
    "timestamp": 2384382,
  },
  Object {
    "abilityID": 225921,
    "eventType": "Cast",
    "sourcePlayerID": 1,
    "targetNPCID": null,
    "targetPlayerID": null,
    "timestamp": 2384397,
  },
  Object {
    "abilityID": 324748,
    "eventType": "Cast",
    "sourcePlayerID": 1,
    "targetNPCID": null,
    "targetPlayerID": null,
    "timestamp": 2384397,
  },
  Object {
    "abilityID": 257620,
    "eventType": "Cast",
    "sourcePlayerID": 1,
    "targetNPCID": null,
    "targetPlayerID": null,
    "timestamp": 2384516,
  },
  Object {
    "abilityID": 20473,
    "eventType": "Cast",
    "sourcePlayerID": 1,
    "targetNPCID": null,
    "targetPlayerID": null,
    "timestamp": 2384933,
  },
  Object {
    "abilityID": 204255,
    "eventType": "Cast",
    "sourcePlayerID": 1,
    "targetNPCID": null,
    "targetPlayerID": null,
    "timestamp": 2385037,
  },
  Object {
    "abilityID": 204255,
    "eventType": "Cast",
    "sourcePlayerID": 1,
    "targetNPCID": null,
    "targetPlayerID": null,
    "timestamp": 2385334,
  },
  Object {
    "abilityID": 228477,
    "eventType": "Cast",
    "sourcePlayerID": 1,
    "targetNPCID": null,
    "targetPlayerID": null,
    "timestamp": 2385674,
  },
  Object {
    "abilityID": 85673,
    "eventType": "Cast",
    "sourcePlayerID": 1,
    "targetNPCID": null,
    "targetPlayerID": null,
    "timestamp": 2386173,
  },
  Object {
    "abilityID": 209693,
    "eventType": "Cast",
    "sourcePlayerID": 1,
    "targetNPCID": null,
    "targetPlayerID": null,
    "timestamp": 2386407,
  },
  Object {
    "abilityID": 209693,
    "eventType": "Cast",
    "sourcePlayerID": 1,
    "targetNPCID": null,
    "targetPlayerID": null,
    "timestamp": 2386427,
  },
  Object {
    "abilityID": 48045,
    "eventType": "Cast",
    "sourcePlayerID": 1,
    "targetNPCID": null,
    "targetPlayerID": null,
    "timestamp": 2386564,
  },
  Object {
    "abilityID": 258920,
    "eventType": "Cast",
    "sourcePlayerID": 1,
    "targetNPCID": null,
    "targetPlayerID": null,
    "timestamp": 2386958,
  },
  Object {
    "abilityID": 188499,
    "eventType": "Cast",
    "sourcePlayerID": 1,
    "targetNPCID": null,
    "targetPlayerID": null,
    "timestamp": 2387024,
  },
  Object {
    "abilityID": 53351,
    "eventType": "Cast",
    "sourcePlayerID": 1,
    "targetNPCID": null,
    "targetPlayerID": null,
    "timestamp": 2387561,
  },
  Object {
    "abilityID": 341385,
    "eventType": "Cast",
    "sourcePlayerID": 1,
    "targetNPCID": null,
    "targetPlayerID": null,
    "timestamp": 2387769,
  },
  Object {
    "abilityID": 162243,
    "eventType": "Cast",
    "sourcePlayerID": 1,
    "targetNPCID": null,
    "targetPlayerID": null,
    "timestamp": 2388148,
  },
  Object {
    "abilityID": 225919,
    "eventType": "Cast",
    "sourcePlayerID": 1,
    "targetNPCID": null,
    "targetPlayerID": null,
    "timestamp": 2388221,
  },
  Object {
    "abilityID": 263642,
    "eventType": "Cast",
    "sourcePlayerID": 1,
    "targetNPCID": null,
    "targetPlayerID": null,
    "timestamp": 2388233,
  },
  Object {
    "abilityID": 225921,
    "eventType": "Cast",
    "sourcePlayerID": 1,
    "targetNPCID": null,
    "targetPlayerID": null,
    "timestamp": 2388374,
  },
  Object {
    "abilityID": 341385,
    "eventType": "Cast",
    "sourcePlayerID": 1,
    "targetNPCID": null,
    "targetPlayerID": null,
    "timestamp": 2388960,
  },
  Object {
    "abilityID": 204255,
    "eventType": "Cast",
    "sourcePlayerID": 1,
    "targetNPCID": null,
    "targetPlayerID": null,
    "timestamp": 2389020,
  },
  Object {
    "abilityID": 162243,
    "eventType": "Cast",
    "sourcePlayerID": 1,
    "targetNPCID": null,
    "targetPlayerID": null,
    "timestamp": 2389288,
  },
  Object {
    "abilityID": 204255,
    "eventType": "Cast",
    "sourcePlayerID": 1,
    "targetNPCID": null,
    "targetPlayerID": null,
    "timestamp": 2389325,
  },
  Object {
    "abilityID": 228477,
    "eventType": "Cast",
    "sourcePlayerID": 1,
    "targetNPCID": null,
    "targetPlayerID": null,
    "timestamp": 2389508,
  },
  Object {
    "abilityID": 82326,
    "eventType": "Cast",
    "sourcePlayerID": 1,
    "targetNPCID": null,
    "targetPlayerID": null,
    "timestamp": 2389521,
  },
  Object {
    "abilityID": 15407,
    "eventType": "Cast",
    "sourcePlayerID": 1,
    "targetNPCID": null,
    "targetPlayerID": null,
    "timestamp": 2390167,
  },
  Object {
    "abilityID": 209693,
    "eventType": "Cast",
    "sourcePlayerID": 1,
    "targetNPCID": null,
    "targetPlayerID": null,
    "timestamp": 2390197,
  },
  Object {
    "abilityID": 225919,
    "eventType": "Cast",
    "sourcePlayerID": 1,
    "targetNPCID": null,
    "targetPlayerID": null,
    "timestamp": 2390785,
  },
  Object {
    "abilityID": 263642,
    "eventType": "Cast",
    "sourcePlayerID": 1,
    "targetNPCID": null,
    "targetPlayerID": null,
    "timestamp": 2390785,
  },
  Object {
    "abilityID": 225921,
    "eventType": "Cast",
    "sourcePlayerID": 1,
    "targetNPCID": null,
    "targetPlayerID": null,
    "timestamp": 2390928,
  },
  Object {
    "abilityID": 258920,
    "eventType": "Cast",
    "sourcePlayerID": 1,
    "targetNPCID": null,
    "targetPlayerID": null,
    "timestamp": 2391243,
  },
  Object {
    "abilityID": 19434,
    "eventType": "Cast",
    "sourcePlayerID": 1,
    "targetNPCID": null,
    "targetPlayerID": null,
    "timestamp": 2391394,
  },
  Object {
    "abilityID": 82326,
    "eventType": "Cast",
    "sourcePlayerID": 1,
    "targetNPCID": null,
    "targetPlayerID": null,
    "timestamp": 2391529,
  },
  Object {
    "abilityID": 20473,
    "eventType": "Cast",
    "sourcePlayerID": 1,
    "targetNPCID": null,
    "targetPlayerID": null,
    "timestamp": 2391530,
  },
  Object {
    "abilityID": 324748,
    "eventType": "Cast",
    "sourcePlayerID": 1,
    "targetNPCID": null,
    "targetPlayerID": null,
    "timestamp": 2391552,
  },
  Object {
    "abilityID": 204255,
    "eventType": "Cast",
    "sourcePlayerID": 1,
    "targetNPCID": null,
    "targetPlayerID": null,
    "timestamp": 2391578,
  },
  Object {
    "abilityID": 204255,
    "eventType": "Cast",
    "sourcePlayerID": 1,
    "targetNPCID": null,
    "targetPlayerID": null,
    "timestamp": 2391875,
  },
  Object {
    "abilityID": 343355,
    "eventType": "Cast",
    "sourcePlayerID": 1,
    "targetNPCID": null,
    "targetPlayerID": null,
    "timestamp": 2392033,
  },
  Object {
    "abilityID": 228477,
    "eventType": "Cast",
    "sourcePlayerID": 1,
    "targetNPCID": null,
    "targetPlayerID": null,
    "timestamp": 2392061,
  },
  Object {
    "abilityID": 162794,
    "eventType": "Cast",
    "sourcePlayerID": 1,
    "targetNPCID": null,
    "targetPlayerID": null,
    "timestamp": 2392520,
  },
  Object {
    "abilityID": 341263,
    "eventType": "Cast",
    "sourcePlayerID": 1,
    "targetNPCID": null,
    "targetPlayerID": null,
    "timestamp": 2392520,
  },
  Object {
    "abilityID": 202138,
    "eventType": "Cast",
    "sourcePlayerID": 1,
    "targetNPCID": null,
    "targetPlayerID": null,
    "timestamp": 2393784,
  },
  Object {
    "abilityID": 209693,
    "eventType": "Cast",
    "sourcePlayerID": 1,
    "targetNPCID": null,
    "targetPlayerID": null,
    "timestamp": 2393796,
  },
  Object {
    "abilityID": 19750,
    "eventType": "Cast",
    "sourcePlayerID": 1,
    "targetNPCID": null,
    "targetPlayerID": null,
    "timestamp": 2393952,
  },
  Object {
    "abilityID": 260402,
    "eventType": "Cast",
    "sourcePlayerID": 1,
    "targetNPCID": null,
    "targetPlayerID": null,
    "timestamp": 2394097,
  },
  Object {
    "abilityID": 131347,
    "eventType": "Cast",
    "sourcePlayerID": 1,
    "targetNPCID": null,
    "targetPlayerID": null,
    "timestamp": 2394236,
  },
  Object {
    "abilityID": 131347,
    "eventType": "Cast",
    "sourcePlayerID": 1,
    "targetNPCID": null,
    "targetPlayerID": null,
    "timestamp": 2394499,
  },
  Object {
    "abilityID": 330323,
    "eventType": "Cast",
    "sourcePlayerID": 1,
    "targetNPCID": null,
    "targetPlayerID": null,
    "timestamp": 2394615,
  },
  Object {
    "abilityID": 20572,
    "eventType": "Cast",
    "sourcePlayerID": 1,
    "targetNPCID": null,
    "targetPlayerID": null,
    "timestamp": 2394982,
  },
  Object {
    "abilityID": 202137,
    "eventType": "Cast",
    "sourcePlayerID": 1,
    "targetNPCID": null,
    "targetPlayerID": null,
    "timestamp": 2395049,
  },
  Object {
    "abilityID": 203720,
    "eventType": "Cast",
    "sourcePlayerID": 1,
    "targetNPCID": null,
    "targetPlayerID": null,
    "timestamp": 2395770,
  },
  Object {
    "abilityID": 82326,
    "eventType": "Cast",
    "sourcePlayerID": 1,
    "targetNPCID": null,
    "targetPlayerID": null,
    "timestamp": 2395981,
  },
  Object {
    "abilityID": 223306,
    "eventType": "Cast",
    "sourcePlayerID": 1,
    "targetNPCID": null,
    "targetPlayerID": null,
    "timestamp": 2395981,
  },
  Object {
    "abilityID": 185123,
    "eventType": "Cast",
    "sourcePlayerID": 1,
    "targetNPCID": null,
    "targetPlayerID": null,
    "timestamp": 2396142,
  },
  Object {
    "abilityID": 225919,
    "eventType": "Cast",
    "sourcePlayerID": 1,
    "targetNPCID": null,
    "targetPlayerID": null,
    "timestamp": 2396321,
  },
  Object {
    "abilityID": 263642,
    "eventType": "Cast",
    "sourcePlayerID": 1,
    "targetNPCID": null,
    "targetPlayerID": null,
    "timestamp": 2396321,
  },
  Object {
    "abilityID": 225921,
    "eventType": "Cast",
    "sourcePlayerID": 1,
    "targetNPCID": null,
    "targetPlayerID": null,
    "timestamp": 2396476,
  },
  Object {
    "abilityID": 204255,
    "eventType": "Cast",
    "sourcePlayerID": 1,
    "targetNPCID": null,
    "targetPlayerID": null,
    "timestamp": 2397125,
  },
  Object {
    "abilityID": 195072,
    "eventType": "Cast",
    "sourcePlayerID": 1,
    "targetNPCID": null,
    "targetPlayerID": null,
    "timestamp": 2397329,
  },
  Object {
    "abilityID": 204255,
    "eventType": "Cast",
    "sourcePlayerID": 1,
    "targetNPCID": null,
    "targetPlayerID": null,
    "timestamp": 2397406,
  },
  Object {
    "abilityID": 212084,
    "eventType": "Cast",
    "sourcePlayerID": 1,
    "targetNPCID": null,
    "targetPlayerID": null,
    "timestamp": 2397603,
  },
  Object {
    "abilityID": 34914,
    "eventType": "Cast",
    "sourcePlayerID": 1,
    "targetNPCID": null,
    "targetPlayerID": null,
    "timestamp": 2398165,
  },
  Object {
    "abilityID": 349857,
    "eventType": "Cast",
    "sourcePlayerID": 1,
    "targetNPCID": null,
    "targetPlayerID": null,
    "timestamp": 2398354,
  },
  Object {
    "abilityID": 335467,
    "eventType": "Cast",
    "sourcePlayerID": 1,
    "targetNPCID": null,
    "targetPlayerID": null,
    "timestamp": 2398492,
  },
  Object {
    "abilityID": 147193,
    "eventType": "Cast",
    "sourcePlayerID": 1,
    "targetNPCID": null,
    "targetPlayerID": null,
    "timestamp": 2398502,
  },
  Object {
    "abilityID": 341263,
    "eventType": "Cast",
    "sourcePlayerID": 1,
    "targetNPCID": null,
    "targetPlayerID": null,
    "timestamp": 2398502,
  },
  Object {
    "abilityID": 20473,
    "eventType": "Cast",
    "sourcePlayerID": 1,
    "targetNPCID": null,
    "targetPlayerID": null,
    "timestamp": 2398628,
  },
  Object {
    "abilityID": 188499,
    "eventType": "Cast",
    "sourcePlayerID": 1,
    "targetNPCID": null,
    "targetPlayerID": null,
    "timestamp": 2398641,
  },
  Object {
    "abilityID": 204157,
    "eventType": "Cast",
    "sourcePlayerID": 1,
    "targetNPCID": null,
    "targetPlayerID": null,
    "timestamp": 2399344,
  },
  Object {
    "abilityID": 589,
    "eventType": "Cast",
    "sourcePlayerID": 1,
    "targetNPCID": null,
    "targetPlayerID": null,
    "timestamp": 2399694,
  },
  Object {
    "abilityID": 179057,
    "eventType": "Cast",
    "sourcePlayerID": 1,
    "targetNPCID": null,
    "targetPlayerID": null,
    "timestamp": 2400098,
  },
  Object {
    "abilityID": 258920,
    "eventType": "Cast",
    "sourcePlayerID": 1,
    "targetNPCID": null,
    "targetPlayerID": null,
    "timestamp": 2400624,
  },
  Object {
    "abilityID": 228537,
    "eventType": "Cast",
    "sourcePlayerID": 1,
    "targetNPCID": null,
    "targetPlayerID": null,
    "timestamp": 2401130,
  },
  Object {
    "abilityID": 48045,
    "eventType": "Cast",
    "sourcePlayerID": 1,
    "targetNPCID": null,
    "targetPlayerID": null,
    "timestamp": 2401329,
  },
  Object {
    "abilityID": 162243,
    "eventType": "Cast",
    "sourcePlayerID": 1,
    "targetNPCID": null,
    "targetPlayerID": null,
    "timestamp": 2401394,
  },
  Object {
    "abilityID": 225919,
    "eventType": "Cast",
    "sourcePlayerID": 1,
    "targetNPCID": null,
    "targetPlayerID": null,
    "timestamp": 2401899,
  },
  Object {
    "abilityID": 263642,
    "eventType": "Cast",
    "sourcePlayerID": 1,
    "targetNPCID": null,
    "targetPlayerID": null,
    "timestamp": 2401899,
  },
  Object {
    "abilityID": 225921,
    "eventType": "Cast",
    "sourcePlayerID": 1,
    "targetNPCID": null,
    "targetPlayerID": null,
    "timestamp": 2402054,
  },
  Object {
    "abilityID": 328231,
    "eventType": "Cast",
    "sourcePlayerID": 1,
    "targetNPCID": null,
    "targetPlayerID": null,
    "timestamp": 2402325,
  },
  Object {
    "abilityID": 204255,
    "eventType": "Cast",
    "sourcePlayerID": 1,
    "targetNPCID": null,
    "targetPlayerID": null,
    "timestamp": 2402687,
  },
  Object {
    "abilityID": 328275,
    "eventType": "Cast",
    "sourcePlayerID": 1,
    "targetNPCID": null,
    "targetPlayerID": null,
    "timestamp": 2402930,
  },
  Object {
    "abilityID": 328275,
    "eventType": "Cast",
    "sourcePlayerID": 1,
    "targetNPCID": null,
    "targetPlayerID": null,
    "timestamp": 2402930,
  },
  Object {
    "abilityID": 204255,
    "eventType": "Cast",
    "sourcePlayerID": 1,
    "targetNPCID": null,
    "targetPlayerID": null,
    "timestamp": 2402991,
  },
  Object {
    "abilityID": 328275,
    "eventType": "Cast",
    "sourcePlayerID": 1,
    "targetNPCID": null,
    "targetPlayerID": null,
    "timestamp": 2403041,
  },
  Object {
    "abilityID": 204255,
    "eventType": "Cast",
    "sourcePlayerID": 1,
    "targetNPCID": null,
    "targetPlayerID": null,
    "timestamp": 2403108,
  },
  Object {
    "abilityID": 328275,
    "eventType": "Cast",
    "sourcePlayerID": 1,
    "targetNPCID": null,
    "targetPlayerID": null,
    "timestamp": 2403147,
  },
  Object {
    "abilityID": 204596,
    "eventType": "Cast",
    "sourcePlayerID": 1,
    "targetNPCID": null,
    "targetPlayerID": null,
    "timestamp": 2403158,
  },
  Object {
    "abilityID": 200166,
    "eventType": "Cast",
    "sourcePlayerID": 1,
    "targetNPCID": null,
    "targetPlayerID": null,
    "timestamp": 2403657,
  },
  Object {
    "abilityID": 260243,
    "eventType": "Cast",
    "sourcePlayerID": 1,
    "targetNPCID": null,
    "targetPlayerID": null,
    "timestamp": 2403696,
  },
  Object {
    "abilityID": 288613,
    "eventType": "Cast",
    "sourcePlayerID": 1,
    "targetNPCID": null,
    "targetPlayerID": null,
    "timestamp": 2404001,
  },
  Object {
    "abilityID": 198013,
    "eventType": "Cast",
    "sourcePlayerID": 1,
    "targetNPCID": null,
    "targetPlayerID": null,
    "timestamp": 2404022,
  },
  Object {
    "abilityID": 205385,
    "eventType": "Cast",
    "sourcePlayerID": 1,
    "targetNPCID": null,
    "targetPlayerID": null,
    "timestamp": 2404032,
  },
  Object {
    "abilityID": 82326,
    "eventType": "Cast",
    "sourcePlayerID": 1,
    "targetNPCID": null,
    "targetPlayerID": null,
    "timestamp": 2404158,
  },
  Object {
    "abilityID": 85673,
    "eventType": "Cast",
    "sourcePlayerID": 1,
    "targetNPCID": null,
    "targetPlayerID": null,
    "timestamp": 2404349,
  },
  Object {
    "abilityID": 228477,
    "eventType": "Cast",
    "sourcePlayerID": 1,
    "targetNPCID": null,
    "targetPlayerID": null,
    "timestamp": 2404440,
  },
  Object {
    "abilityID": 212431,
    "eventType": "Cast",
    "sourcePlayerID": 1,
    "targetNPCID": null,
    "targetPlayerID": null,
    "timestamp": 2405124,
  },
  Object {
    "abilityID": 48045,
    "eventType": "Cast",
    "sourcePlayerID": 1,
    "targetNPCID": null,
    "targetPlayerID": null,
    "timestamp": 2405225,
  },
  Object {
    "abilityID": 4987,
    "eventType": "Cast",
    "sourcePlayerID": 1,
    "targetNPCID": null,
    "targetPlayerID": null,
    "timestamp": 2405563,
  },
  Object {
    "abilityID": 204021,
    "eventType": "Cast",
    "sourcePlayerID": 1,
    "targetNPCID": null,
    "targetPlayerID": null,
    "timestamp": 2405723,
  },
  Object {
    "abilityID": 324260,
    "eventType": "Cast",
    "sourcePlayerID": 1,
    "targetNPCID": null,
    "targetPlayerID": null,
    "timestamp": 2405752,
  },
  Object {
    "abilityID": 210152,
    "eventType": "Cast",
    "sourcePlayerID": 1,
    "targetNPCID": null,
    "targetPlayerID": null,
    "timestamp": 2406046,
  },
  Object {
    "abilityID": 341385,
    "eventType": "Cast",
    "sourcePlayerID": 1,
    "targetNPCID": null,
    "targetPlayerID": null,
    "timestamp": 2406431,
  },
  Object {
    "abilityID": 20473,
    "eventType": "Cast",
    "sourcePlayerID": 1,
    "targetNPCID": null,
    "targetPlayerID": null,
    "timestamp": 2406770,
  },
  Object {
    "abilityID": 201427,
    "eventType": "Cast",
    "sourcePlayerID": 1,
    "targetNPCID": null,
    "targetPlayerID": null,
    "timestamp": 2406960,
  },
  Object {
    "abilityID": 225919,
    "eventType": "Cast",
    "sourcePlayerID": 1,
    "targetNPCID": null,
    "targetPlayerID": null,
    "timestamp": 2406983,
  },
  Object {
    "abilityID": 263642,
    "eventType": "Cast",
    "sourcePlayerID": 1,
    "targetNPCID": null,
    "targetPlayerID": null,
    "timestamp": 2406983,
  },
  Object {
    "abilityID": 324260,
    "eventType": "Cast",
    "sourcePlayerID": 1,
    "targetNPCID": null,
    "targetPlayerID": null,
    "timestamp": 2407022,
  },
  Object {
    "abilityID": 225921,
    "eventType": "Cast",
    "sourcePlayerID": 1,
    "targetNPCID": null,
    "targetPlayerID": null,
    "timestamp": 2407152,
  },
  Object {
    "abilityID": 19434,
    "eventType": "Cast",
    "sourcePlayerID": 1,
    "targetNPCID": null,
    "targetPlayerID": null,
    "timestamp": 2407778,
  },
  Object {
    "abilityID": 204255,
    "eventType": "Cast",
    "sourcePlayerID": 1,
    "targetNPCID": null,
    "targetPlayerID": null,
    "timestamp": 2407789,
  },
  Object {
    "abilityID": 257044,
    "eventType": "Cast",
    "sourcePlayerID": 1,
    "targetNPCID": null,
    "targetPlayerID": null,
    "timestamp": 2408003,
  },
  Object {
    "abilityID": 204255,
    "eventType": "Cast",
    "sourcePlayerID": 1,
    "targetNPCID": null,
    "targetPlayerID": null,
    "timestamp": 2408086,
  },
  Object {
    "abilityID": 228477,
    "eventType": "Cast",
    "sourcePlayerID": 1,
    "targetNPCID": null,
    "targetPlayerID": null,
    "timestamp": 2408264,
  },
  Object {
    "abilityID": 341385,
    "eventType": "Cast",
    "sourcePlayerID": 1,
    "targetNPCID": null,
    "targetPlayerID": null,
    "timestamp": 2408476,
  },
  Object {
    "abilityID": 324748,
    "eventType": "Cast",
    "sourcePlayerID": 1,
    "targetNPCID": null,
    "targetPlayerID": null,
    "timestamp": 2408502,
  },
  Object {
    "abilityID": 225919,
    "eventType": "Cast",
    "sourcePlayerID": 1,
    "targetNPCID": null,
    "targetPlayerID": null,
    "timestamp": 2409552,
  },
  Object {
    "abilityID": 263642,
    "eventType": "Cast",
    "sourcePlayerID": 1,
    "targetNPCID": null,
    "targetPlayerID": null,
    "timestamp": 2409552,
  },
  Object {
    "abilityID": 48045,
    "eventType": "Cast",
    "sourcePlayerID": 1,
    "targetNPCID": null,
    "targetPlayerID": null,
    "timestamp": 2409677,
  },
  Object {
    "abilityID": 225921,
    "eventType": "Cast",
    "sourcePlayerID": 1,
    "targetNPCID": null,
    "targetPlayerID": null,
    "timestamp": 2409711,
  },
  Object {
    "abilityID": 204255,
    "eventType": "Cast",
    "sourcePlayerID": 1,
    "targetNPCID": null,
    "targetPlayerID": null,
    "timestamp": 2410339,
  },
  Object {
    "abilityID": 19434,
    "eventType": "Cast",
    "sourcePlayerID": 1,
    "targetNPCID": null,
    "targetPlayerID": null,
    "timestamp": 2410451,
  },
  Object {
    "abilityID": 204255,
    "eventType": "Cast",
    "sourcePlayerID": 1,
    "targetNPCID": null,
    "targetPlayerID": null,
    "timestamp": 2410645,
  },
  Object {
    "abilityID": 82326,
    "eventType": "Cast",
    "sourcePlayerID": 1,
    "targetNPCID": null,
    "targetPlayerID": null,
    "timestamp": 2410792,
  },
  Object {
    "abilityID": 228477,
    "eventType": "Cast",
    "sourcePlayerID": 1,
    "targetNPCID": null,
    "targetPlayerID": null,
    "timestamp": 2410816,
  },
  Object {
    "abilityID": 257620,
    "eventType": "Cast",
    "sourcePlayerID": 1,
    "targetNPCID": null,
    "targetPlayerID": null,
    "timestamp": 2411033,
  },
  Object {
    "abilityID": 210152,
    "eventType": "Cast",
    "sourcePlayerID": 1,
    "targetNPCID": null,
    "targetPlayerID": null,
    "timestamp": 2411520,
  },
  Object {
    "abilityID": 207684,
    "eventType": "Cast",
    "sourcePlayerID": 1,
    "targetNPCID": null,
    "targetPlayerID": null,
    "timestamp": 2412093,
  },
  Object {
    "abilityID": 34914,
    "eventType": "Cast",
    "sourcePlayerID": 1,
    "targetNPCID": null,
    "targetPlayerID": null,
    "timestamp": 2412118,
  },
  Object {
    "abilityID": 48045,
    "eventType": "Cast",
    "sourcePlayerID": 1,
    "targetNPCID": null,
    "targetPlayerID": null,
    "timestamp": 2412265,
  },
  Object {
    "abilityID": 258920,
    "eventType": "Cast",
    "sourcePlayerID": 1,
    "targetNPCID": null,
    "targetPlayerID": null,
    "timestamp": 2412417,
  },
  Object {
    "abilityID": 203720,
    "eventType": "Cast",
    "sourcePlayerID": 1,
    "targetNPCID": null,
    "targetPlayerID": null,
    "timestamp": 2412554,
  },
  Object {
    "abilityID": 82326,
    "eventType": "Cast",
    "sourcePlayerID": 1,
    "targetNPCID": null,
    "targetPlayerID": null,
    "timestamp": 2412808,
  },
  Object {
    "abilityID": 85673,
    "eventType": "Cast",
    "sourcePlayerID": 1,
    "targetNPCID": null,
    "targetPlayerID": null,
    "timestamp": 2412808,
  },
  Object {
    "abilityID": 198589,
    "eventType": "Cast",
    "sourcePlayerID": 1,
    "targetNPCID": null,
    "targetPlayerID": null,
    "timestamp": 2412874,
  },
  Object {
    "abilityID": 19434,
    "eventType": "Cast",
    "sourcePlayerID": 1,
    "targetNPCID": null,
    "targetPlayerID": null,
    "timestamp": 2413672,
  },
  Object {
    "abilityID": 257620,
    "eventType": "Cast",
    "sourcePlayerID": 1,
    "targetNPCID": null,
    "targetPlayerID": null,
    "timestamp": 2413914,
  },
  Object {
    "abilityID": 258920,
    "eventType": "Cast",
    "sourcePlayerID": 1,
    "targetNPCID": null,
    "targetPlayerID": null,
    "timestamp": 2413924,
  },
  Object {
    "abilityID": 162243,
    "eventType": "Cast",
    "sourcePlayerID": 1,
    "targetNPCID": null,
    "targetPlayerID": null,
    "timestamp": 2414021,
  },
  Object {
    "abilityID": 85673,
    "eventType": "Cast",
    "sourcePlayerID": 1,
    "targetNPCID": null,
    "targetPlayerID": null,
    "timestamp": 2414034,
  },
  Object {
    "abilityID": 328275,
    "eventType": "Cast",
    "sourcePlayerID": 1,
    "targetNPCID": null,
    "targetPlayerID": null,
    "timestamp": 2414119,
  },
  Object {
    "abilityID": 341385,
    "eventType": "Cast",
    "sourcePlayerID": 1,
    "targetNPCID": null,
    "targetPlayerID": null,
    "timestamp": 2414880,
  },
  Object {
    "abilityID": 228477,
    "eventType": "Cast",
    "sourcePlayerID": 1,
    "targetNPCID": null,
    "targetPlayerID": null,
    "timestamp": 2415189,
  },
  Object {
    "abilityID": 20473,
    "eventType": "Cast",
    "sourcePlayerID": 1,
    "targetNPCID": null,
    "targetPlayerID": null,
    "timestamp": 2415236,
  },
  Object {
    "abilityID": 257044,
    "eventType": "Cast",
    "sourcePlayerID": 1,
    "targetNPCID": null,
    "targetPlayerID": null,
    "timestamp": 2415340,
  },
  Object {
    "abilityID": 8092,
    "eventType": "Cast",
    "sourcePlayerID": 1,
    "targetNPCID": null,
    "targetPlayerID": null,
    "timestamp": 2416073,
  },
  Object {
    "abilityID": 147193,
    "eventType": "Cast",
    "sourcePlayerID": 1,
    "targetNPCID": null,
    "targetPlayerID": null,
    "timestamp": 2416094,
  },
  Object {
    "abilityID": 341263,
    "eventType": "Cast",
    "sourcePlayerID": 1,
    "targetNPCID": null,
    "targetPlayerID": null,
    "timestamp": 2416094,
  },
  Object {
    "abilityID": 324748,
    "eventType": "Cast",
    "sourcePlayerID": 1,
    "targetNPCID": null,
    "targetPlayerID": null,
    "timestamp": 2416094,
  },
  Object {
    "abilityID": 195072,
    "eventType": "Cast",
    "sourcePlayerID": 1,
    "targetNPCID": null,
    "targetPlayerID": null,
    "timestamp": 2416368,
  },
  Object {
    "abilityID": 225919,
    "eventType": "Cast",
    "sourcePlayerID": 1,
    "targetNPCID": null,
    "targetPlayerID": null,
    "timestamp": 2416467,
  },
  Object {
    "abilityID": 263642,
    "eventType": "Cast",
    "sourcePlayerID": 1,
    "targetNPCID": null,
    "targetPlayerID": null,
    "timestamp": 2416468,
  },
  Object {
    "abilityID": 223306,
    "eventType": "Cast",
    "sourcePlayerID": 1,
    "targetNPCID": null,
    "targetPlayerID": null,
    "timestamp": 2416468,
  },
  Object {
    "abilityID": 225921,
    "eventType": "Cast",
    "sourcePlayerID": 1,
    "targetNPCID": null,
    "targetPlayerID": null,
    "timestamp": 2416624,
  },
  Object {
    "abilityID": 204255,
    "eventType": "Cast",
    "sourcePlayerID": 1,
    "targetNPCID": null,
    "targetPlayerID": null,
    "timestamp": 2417264,
  },
  Object {
    "abilityID": 48045,
    "eventType": "Cast",
    "sourcePlayerID": 1,
    "targetNPCID": null,
    "targetPlayerID": null,
    "timestamp": 2417264,
  },
  Object {
    "abilityID": 204255,
    "eventType": "Cast",
    "sourcePlayerID": 1,
    "targetNPCID": null,
    "targetPlayerID": null,
    "timestamp": 2417556,
  },
  Object {
    "abilityID": 257620,
    "eventType": "Cast",
    "sourcePlayerID": 1,
    "targetNPCID": null,
    "targetPlayerID": null,
    "timestamp": 2417571,
  },
  Object {
    "abilityID": 228477,
    "eventType": "Cast",
    "sourcePlayerID": 1,
    "targetNPCID": null,
    "targetPlayerID": null,
    "timestamp": 2417746,
  },
  Object {
    "abilityID": 210152,
    "eventType": "Cast",
    "sourcePlayerID": 1,
    "targetNPCID": null,
    "targetPlayerID": null,
    "timestamp": 2417860,
  },
  Object {
    "abilityID": 341385,
    "eventType": "Cast",
    "sourcePlayerID": 1,
    "targetNPCID": null,
    "targetPlayerID": null,
    "timestamp": 2418718,
  },
  Object {
    "abilityID": 225919,
    "eventType": "Cast",
    "sourcePlayerID": 1,
    "targetNPCID": null,
    "targetPlayerID": null,
    "timestamp": 2419014,
  },
  Object {
    "abilityID": 263642,
    "eventType": "Cast",
    "sourcePlayerID": 1,
    "targetNPCID": null,
    "targetPlayerID": null,
    "timestamp": 2419014,
  },
  Object {
    "abilityID": 225921,
    "eventType": "Cast",
    "sourcePlayerID": 1,
    "targetNPCID": null,
    "targetPlayerID": null,
    "timestamp": 2419174,
  },
  Object {
    "abilityID": 162243,
    "eventType": "Cast",
    "sourcePlayerID": 1,
    "targetNPCID": null,
    "targetPlayerID": null,
    "timestamp": 2419570,
  },
  Object {
    "abilityID": 204255,
    "eventType": "Cast",
    "sourcePlayerID": 1,
    "targetNPCID": null,
    "targetPlayerID": null,
    "timestamp": 2419811,
  },
  Object {
    "abilityID": 19434,
    "eventType": "Cast",
    "sourcePlayerID": 1,
    "targetNPCID": null,
    "targetPlayerID": null,
    "timestamp": 2419853,
  },
  Object {
    "abilityID": 48045,
    "eventType": "Cast",
    "sourcePlayerID": 1,
    "targetNPCID": null,
    "targetPlayerID": null,
    "timestamp": 2419910,
  },
  Object {
    "abilityID": 82326,
    "eventType": "Cast",
    "sourcePlayerID": 1,
    "targetNPCID": null,
    "targetPlayerID": null,
    "timestamp": 2420014,
  },
  Object {
    "abilityID": 4987,
    "eventType": "Cast",
    "sourcePlayerID": 1,
    "targetNPCID": null,
    "targetPlayerID": null,
    "timestamp": 2420014,
  },
  Object {
    "abilityID": 204255,
    "eventType": "Cast",
    "sourcePlayerID": 1,
    "targetNPCID": null,
    "targetPlayerID": null,
    "timestamp": 2420112,
  },
  Object {
    "abilityID": 183752,
    "eventType": "Cast",
    "sourcePlayerID": 1,
    "targetNPCID": null,
    "targetPlayerID": null,
    "timestamp": 2420489,
  },
  Object {
    "abilityID": 162243,
    "eventType": "Cast",
    "sourcePlayerID": 1,
    "targetNPCID": null,
    "targetPlayerID": null,
    "timestamp": 2420613,
  },
  Object {
    "abilityID": 20473,
    "eventType": "Cast",
    "sourcePlayerID": 1,
    "targetNPCID": null,
    "targetPlayerID": null,
    "timestamp": 2421271,
  },
  Object {
    "abilityID": 162243,
    "eventType": "Cast",
    "sourcePlayerID": 1,
    "targetNPCID": null,
    "targetPlayerID": null,
    "timestamp": 2421655,
  },
  Object {
    "abilityID": 225919,
    "eventType": "Cast",
    "sourcePlayerID": 1,
    "targetNPCID": null,
    "targetPlayerID": null,
    "timestamp": 2421864,
  },
  Object {
    "abilityID": 263642,
    "eventType": "Cast",
    "sourcePlayerID": 1,
    "targetNPCID": null,
    "targetPlayerID": null,
    "timestamp": 2421864,
  },
  Object {
    "abilityID": 225921,
    "eventType": "Cast",
    "sourcePlayerID": 1,
    "targetNPCID": null,
    "targetPlayerID": null,
    "timestamp": 2422020,
  },
  Object {
    "abilityID": 85673,
    "eventType": "Cast",
    "sourcePlayerID": 1,
    "targetNPCID": null,
    "targetPlayerID": null,
    "timestamp": 2422476,
  },
  Object {
    "abilityID": 204255,
    "eventType": "Cast",
    "sourcePlayerID": 1,
    "targetNPCID": null,
    "targetPlayerID": null,
    "timestamp": 2422657,
  },
  Object {
    "abilityID": 204255,
    "eventType": "Cast",
    "sourcePlayerID": 1,
    "targetNPCID": null,
    "targetPlayerID": null,
    "timestamp": 2422959,
  },
  Object {
    "abilityID": 201427,
    "eventType": "Cast",
    "sourcePlayerID": 1,
    "targetNPCID": null,
    "targetPlayerID": null,
    "timestamp": 2422982,
  },
  Object {
    "abilityID": 228477,
    "eventType": "Cast",
    "sourcePlayerID": 1,
    "targetNPCID": null,
    "targetPlayerID": null,
    "timestamp": 2423128,
  },
  Object {
    "abilityID": 209693,
    "eventType": "Cast",
    "sourcePlayerID": 1,
    "targetNPCID": null,
    "targetPlayerID": null,
    "timestamp": 2423467,
  },
  Object {
    "abilityID": 85673,
    "eventType": "Cast",
    "sourcePlayerID": 1,
    "targetNPCID": null,
    "targetPlayerID": null,
    "timestamp": 2423700,
  },
  Object {
    "abilityID": 201427,
    "eventType": "Cast",
    "sourcePlayerID": 1,
    "targetNPCID": null,
    "targetPlayerID": null,
    "timestamp": 2424015,
  },
  Object {
    "abilityID": 225919,
    "eventType": "Cast",
    "sourcePlayerID": 1,
    "targetNPCID": null,
    "targetPlayerID": null,
    "timestamp": 2424398,
  },
  Object {
    "abilityID": 263642,
    "eventType": "Cast",
    "sourcePlayerID": 1,
    "targetNPCID": null,
    "targetPlayerID": null,
    "timestamp": 2424398,
  },
  Object {
    "abilityID": 8092,
    "eventType": "Cast",
    "sourcePlayerID": 1,
    "targetNPCID": null,
    "targetPlayerID": null,
    "timestamp": 2424483,
  },
  Object {
    "abilityID": 48045,
    "eventType": "Cast",
    "sourcePlayerID": 1,
    "targetNPCID": null,
    "targetPlayerID": null,
    "timestamp": 2424483,
  },
  Object {
    "abilityID": 147193,
    "eventType": "Cast",
    "sourcePlayerID": 1,
    "targetNPCID": null,
    "targetPlayerID": null,
    "timestamp": 2424505,
  },
  Object {
    "abilityID": 341263,
    "eventType": "Cast",
    "sourcePlayerID": 1,
    "targetNPCID": null,
    "targetPlayerID": null,
    "timestamp": 2424505,
  },
  Object {
    "abilityID": 324748,
    "eventType": "Cast",
    "sourcePlayerID": 1,
    "targetNPCID": null,
    "targetPlayerID": null,
    "timestamp": 2424505,
  },
  Object {
    "abilityID": 225921,
    "eventType": "Cast",
    "sourcePlayerID": 1,
    "targetNPCID": null,
    "targetPlayerID": null,
    "timestamp": 2424562,
  },
  Object {
    "abilityID": 210152,
    "eventType": "Cast",
    "sourcePlayerID": 1,
    "targetNPCID": null,
    "targetPlayerID": null,
    "timestamp": 2425064,
  },
  Object {
    "abilityID": 147193,
    "eventType": "Cast",
    "sourcePlayerID": 1,
    "targetNPCID": null,
    "targetPlayerID": null,
    "timestamp": 2425165,
  },
  Object {
    "abilityID": 341263,
    "eventType": "Cast",
    "sourcePlayerID": 1,
    "targetNPCID": null,
    "targetPlayerID": null,
    "timestamp": 2425165,
  },
  Object {
    "abilityID": 204255,
    "eventType": "Cast",
    "sourcePlayerID": 1,
    "targetNPCID": null,
    "targetPlayerID": null,
    "timestamp": 2425203,
  },
  Object {
    "abilityID": 257620,
    "eventType": "Cast",
    "sourcePlayerID": 1,
    "targetNPCID": null,
    "targetPlayerID": null,
    "timestamp": 2425402,
  },
  Object {
    "abilityID": 204255,
    "eventType": "Cast",
    "sourcePlayerID": 1,
    "targetNPCID": null,
    "targetPlayerID": null,
    "timestamp": 2425502,
  },
  Object {
    "abilityID": 203720,
    "eventType": "Cast",
    "sourcePlayerID": 1,
    "targetNPCID": null,
    "targetPlayerID": null,
    "timestamp": 2425582,
  },
  Object {
    "abilityID": 228477,
    "eventType": "Cast",
    "sourcePlayerID": 1,
    "targetNPCID": null,
    "targetPlayerID": null,
    "timestamp": 2425683,
  },
  Object {
    "abilityID": 341385,
    "eventType": "Cast",
    "sourcePlayerID": 1,
    "targetNPCID": null,
    "targetPlayerID": null,
    "timestamp": 2425683,
  },
  Object {
    "abilityID": 275773,
    "eventType": "Cast",
    "sourcePlayerID": 1,
    "targetNPCID": null,
    "targetPlayerID": null,
    "timestamp": 2425960,
  },
  Object {
    "abilityID": 162243,
    "eventType": "Cast",
    "sourcePlayerID": 1,
    "targetNPCID": null,
    "targetPlayerID": null,
    "timestamp": 2426107,
  },
  Object {
    "abilityID": 324748,
    "eventType": "Cast",
    "sourcePlayerID": 1,
    "targetNPCID": null,
    "targetPlayerID": null,
    "timestamp": 2426377,
  },
  Object {
    "abilityID": 257044,
    "eventType": "Cast",
    "sourcePlayerID": 1,
    "targetNPCID": null,
    "targetPlayerID": null,
    "timestamp": 2426828,
  },
  Object {
    "abilityID": 258920,
    "eventType": "Cast",
    "sourcePlayerID": 1,
    "targetNPCID": null,
    "targetPlayerID": null,
    "timestamp": 2426952,
  },
  Object {
    "abilityID": 201427,
    "eventType": "Cast",
    "sourcePlayerID": 1,
    "targetNPCID": null,
    "targetPlayerID": null,
    "timestamp": 2427155,
  },
  Object {
    "abilityID": 24275,
    "eventType": "Cast",
    "sourcePlayerID": 1,
    "targetNPCID": null,
    "targetPlayerID": null,
    "timestamp": 2427155,
  },
  Object {
    "abilityID": 205385,
    "eventType": "Cast",
    "sourcePlayerID": 1,
    "targetNPCID": null,
    "targetPlayerID": null,
    "timestamp": 2428121,
  },
  Object {
    "abilityID": 162243,
    "eventType": "Cast",
    "sourcePlayerID": 1,
    "targetNPCID": null,
    "targetPlayerID": null,
    "timestamp": 2428188,
  },
  Object {
    "abilityID": 225919,
    "eventType": "Cast",
    "sourcePlayerID": 1,
    "targetNPCID": null,
    "targetPlayerID": null,
    "timestamp": 2428220,
  },
  Object {
    "abilityID": 263642,
    "eventType": "Cast",
    "sourcePlayerID": 1,
    "targetNPCID": null,
    "targetPlayerID": null,
    "timestamp": 2428220,
  },
  Object {
    "abilityID": 225921,
    "eventType": "Cast",
    "sourcePlayerID": 1,
    "targetNPCID": null,
    "targetPlayerID": null,
    "timestamp": 2428372,
  },
  Object {
    "abilityID": 20473,
    "eventType": "Cast",
    "sourcePlayerID": 1,
    "targetNPCID": null,
    "targetPlayerID": null,
    "timestamp": 2428652,
  },
  Object {
    "abilityID": 345130,
    "eventType": "Cast",
    "sourcePlayerID": 1,
    "targetNPCID": null,
    "targetPlayerID": null,
    "timestamp": 2826042,
  },
  Object {
    "abilityID": 342171,
    "eventType": "Cast",
    "sourcePlayerID": 1,
    "targetNPCID": null,
    "targetPlayerID": null,
    "timestamp": 6129520,
  },
  Object {
    "abilityID": 342171,
    "eventType": "Cast",
    "sourcePlayerID": 1,
    "targetNPCID": null,
    "targetPlayerID": null,
    "timestamp": 6378022,
  },
  Object {
    "abilityID": 342171,
    "eventType": "Cast",
    "sourcePlayerID": 1,
    "targetNPCID": null,
    "targetPlayerID": null,
    "timestamp": 6648495,
  },
  Object {
    "abilityID": 342171,
    "eventType": "Cast",
    "sourcePlayerID": 1,
    "targetNPCID": null,
    "targetPlayerID": null,
    "timestamp": 6811575,
  },
  Object {
    "abilityID": 342171,
    "eventType": "Cast",
    "sourcePlayerID": 1,
    "targetNPCID": null,
    "targetPlayerID": null,
    "timestamp": 7043420,
  },
  Object {
    "abilityID": 342171,
    "eventType": "Cast",
    "sourcePlayerID": 1,
    "targetNPCID": null,
    "targetPlayerID": null,
    "timestamp": 7335807,
  },
  Object {
    "abilityID": 342171,
    "eventType": "Cast",
    "sourcePlayerID": 1,
    "targetNPCID": null,
    "targetPlayerID": null,
    "timestamp": 7337618,
  },
]
`;
