// Jest Snapshot v1, https://goo.gl/fbAQLP

exports[`death tracks PF Slime Death events 1`] = `
[
  {
    "eventType": "Death",
    "targetNPCID": 163891,
    "targetNPCInstance": null,
    "timestamp": 3186763,
  },
  {
    "eventType": "Death",
    "targetNPCID": 163891,
    "targetNPCInstance": null,
    "timestamp": 3331087,
  },
  {
    "eventType": "Death",
    "targetNPCID": 163891,
    "targetNPCInstance": null,
    "timestamp": 3424154,
  },
  {
    "eventType": "Death",
    "targetNPCID": 163891,
    "targetNPCInstance": null,
    "timestamp": 3436647,
  },
  {
    "eventType": "Death",
    "targetNPCID": 163891,
    "targetNPCInstance": null,
    "timestamp": 3489087,
  },
  {
    "eventType": "Death",
    "targetNPCID": 163891,
    "targetNPCInstance": null,
    "timestamp": 3506311,
  },
  {
    "eventType": "Death",
    "targetNPCID": 163891,
    "targetNPCInstance": null,
    "timestamp": 3512625,
  },
  {
    "eventType": "Death",
    "targetNPCID": 163891,
    "targetNPCInstance": null,
    "timestamp": 3514282,
  },
  {
    "eventType": "Death",
    "targetNPCID": 163891,
    "targetNPCInstance": null,
    "timestamp": 3517463,
  },
  {
    "eventType": "Death",
    "targetNPCID": 163891,
    "targetNPCInstance": null,
    "timestamp": 3534137,
  },
  {
    "eventType": "Death",
    "targetNPCID": 163891,
    "targetNPCInstance": null,
    "timestamp": 3559079,
  },
  {
    "eventType": "Death",
    "targetNPCID": 163891,
    "targetNPCInstance": null,
    "timestamp": 3560518,
  },
  {
    "eventType": "Death",
    "targetNPCID": 163891,
    "targetNPCInstance": null,
    "timestamp": 3563937,
  },
  {
    "eventType": "Death",
    "targetNPCID": 163891,
    "targetNPCInstance": null,
    "timestamp": 3566890,
  },
  {
    "eventType": "Death",
    "targetNPCID": 163891,
    "targetNPCInstance": null,
    "timestamp": 3568140,
  },
  {
    "eventType": "Death",
    "targetNPCID": 163891,
    "targetNPCInstance": null,
    "timestamp": 3573319,
  },
  {
    "eventType": "Death",
    "targetNPCID": 163891,
    "targetNPCInstance": null,
    "timestamp": 3576106,
  },
  {
    "eventType": "Death",
    "targetNPCID": 163891,
    "targetNPCInstance": null,
    "timestamp": 3793055,
  },
  {
    "eventType": "Death",
    "targetNPCID": 163891,
    "targetNPCInstance": null,
    "timestamp": 3889770,
  },
  {
    "eventType": "Death",
    "targetNPCID": 163891,
    "targetNPCInstance": null,
    "timestamp": 3910966,
  },
  {
    "eventType": "Death",
    "targetNPCID": 163891,
    "targetNPCInstance": null,
    "timestamp": 4036935,
  },
  {
    "eventType": "Death",
    "targetNPCID": 163891,
    "targetNPCInstance": null,
    "timestamp": 4273729,
  },
  {
    "eventType": "Death",
    "targetNPCID": 163891,
    "targetNPCInstance": null,
    "timestamp": 4634252,
  },
  {
    "eventType": "Death",
    "targetNPCID": 163891,
    "targetNPCInstance": 4,
    "timestamp": 9399646,
  },
  {
    "eventType": "Death",
    "targetNPCID": 163891,
    "targetNPCInstance": 5,
    "timestamp": 9400225,
  },
  {
    "eventType": "Death",
    "targetNPCID": 163891,
    "targetNPCInstance": 1,
    "timestamp": 9400225,
  },
  {
    "eventType": "Death",
    "targetNPCID": 163891,
    "targetNPCInstance": 6,
    "timestamp": 9430006,
  },
  {
    "eventType": "Death",
    "targetNPCID": 163891,
    "targetNPCInstance": 1,
    "timestamp": 9486481,
  },
  {
    "eventType": "Death",
    "targetNPCID": 163891,
    "targetNPCInstance": 2,
    "timestamp": 9769975,
  },
  {
    "eventType": "Death",
    "targetNPCID": 163891,
    "targetNPCInstance": 2,
    "timestamp": 9770061,
  },
  {
    "eventType": "Death",
    "targetNPCID": 163891,
    "targetNPCInstance": 3,
    "timestamp": 11090607,
  },
  {
    "eventType": "Death",
    "targetNPCID": 163891,
    "targetNPCInstance": 7,
    "timestamp": 11099140,
  },
  {
    "eventType": "Death",
    "targetNPCID": 164707,
    "targetNPCInstance": null,
    "timestamp": 3186763,
  },
  {
    "eventType": "Death",
    "targetNPCID": 164707,
    "targetNPCInstance": null,
    "timestamp": 3331087,
  },
  {
    "eventType": "Death",
    "targetNPCID": 164707,
    "targetNPCInstance": null,
    "timestamp": 3424154,
  },
  {
    "eventType": "Death",
    "targetNPCID": 164707,
    "targetNPCInstance": null,
    "timestamp": 3436647,
  },
  {
    "eventType": "Death",
    "targetNPCID": 164707,
    "targetNPCInstance": null,
    "timestamp": 3489087,
  },
  {
    "eventType": "Death",
    "targetNPCID": 164707,
    "targetNPCInstance": null,
    "timestamp": 3506311,
  },
  {
    "eventType": "Death",
    "targetNPCID": 164707,
    "targetNPCInstance": null,
    "timestamp": 3512625,
  },
  {
    "eventType": "Death",
    "targetNPCID": 164707,
    "targetNPCInstance": null,
    "timestamp": 3514282,
  },
  {
    "eventType": "Death",
    "targetNPCID": 164707,
    "targetNPCInstance": null,
    "timestamp": 3517463,
  },
  {
    "eventType": "Death",
    "targetNPCID": 164707,
    "targetNPCInstance": null,
    "timestamp": 3534137,
  },
  {
    "eventType": "Death",
    "targetNPCID": 164707,
    "targetNPCInstance": null,
    "timestamp": 3559079,
  },
  {
    "eventType": "Death",
    "targetNPCID": 164707,
    "targetNPCInstance": null,
    "timestamp": 3560518,
  },
  {
    "eventType": "Death",
    "targetNPCID": 164707,
    "targetNPCInstance": null,
    "timestamp": 3563937,
  },
  {
    "eventType": "Death",
    "targetNPCID": 164707,
    "targetNPCInstance": null,
    "timestamp": 3566890,
  },
  {
    "eventType": "Death",
    "targetNPCID": 164707,
    "targetNPCInstance": null,
    "timestamp": 3568140,
  },
  {
    "eventType": "Death",
    "targetNPCID": 164707,
    "targetNPCInstance": null,
    "timestamp": 3573319,
  },
  {
    "eventType": "Death",
    "targetNPCID": 164707,
    "targetNPCInstance": null,
    "timestamp": 3576106,
  },
  {
    "eventType": "Death",
    "targetNPCID": 164707,
    "targetNPCInstance": null,
    "timestamp": 3793055,
  },
  {
    "eventType": "Death",
    "targetNPCID": 164707,
    "targetNPCInstance": null,
    "timestamp": 3889770,
  },
  {
    "eventType": "Death",
    "targetNPCID": 164707,
    "targetNPCInstance": null,
    "timestamp": 3910966,
  },
  {
    "eventType": "Death",
    "targetNPCID": 164707,
    "targetNPCInstance": null,
    "timestamp": 4036935,
  },
  {
    "eventType": "Death",
    "targetNPCID": 164707,
    "targetNPCInstance": null,
    "timestamp": 4273729,
  },
  {
    "eventType": "Death",
    "targetNPCID": 164707,
    "targetNPCInstance": null,
    "timestamp": 4634252,
  },
  {
    "eventType": "Death",
    "targetNPCID": 164707,
    "targetNPCInstance": 4,
    "timestamp": 9399646,
  },
  {
    "eventType": "Death",
    "targetNPCID": 164707,
    "targetNPCInstance": 5,
    "timestamp": 9400225,
  },
  {
    "eventType": "Death",
    "targetNPCID": 164707,
    "targetNPCInstance": 1,
    "timestamp": 9400225,
  },
  {
    "eventType": "Death",
    "targetNPCID": 164707,
    "targetNPCInstance": 6,
    "timestamp": 9430006,
  },
  {
    "eventType": "Death",
    "targetNPCID": 164707,
    "targetNPCInstance": 1,
    "timestamp": 9486481,
  },
  {
    "eventType": "Death",
    "targetNPCID": 164707,
    "targetNPCInstance": 2,
    "timestamp": 9769975,
  },
  {
    "eventType": "Death",
    "targetNPCID": 164707,
    "targetNPCInstance": 2,
    "timestamp": 9770061,
  },
  {
    "eventType": "Death",
    "targetNPCID": 164707,
    "targetNPCInstance": 3,
    "timestamp": 11090607,
  },
  {
    "eventType": "Death",
    "targetNPCID": 164707,
    "targetNPCInstance": 7,
    "timestamp": 11099140,
  },
  {
    "eventType": "Death",
    "targetNPCID": 164705,
    "targetNPCInstance": null,
    "timestamp": 3186763,
  },
  {
    "eventType": "Death",
    "targetNPCID": 164705,
    "targetNPCInstance": null,
    "timestamp": 3331087,
  },
  {
    "eventType": "Death",
    "targetNPCID": 164705,
    "targetNPCInstance": null,
    "timestamp": 3424154,
  },
  {
    "eventType": "Death",
    "targetNPCID": 164705,
    "targetNPCInstance": null,
    "timestamp": 3436647,
  },
  {
    "eventType": "Death",
    "targetNPCID": 164705,
    "targetNPCInstance": null,
    "timestamp": 3489087,
  },
  {
    "eventType": "Death",
    "targetNPCID": 164705,
    "targetNPCInstance": null,
    "timestamp": 3506311,
  },
  {
    "eventType": "Death",
    "targetNPCID": 164705,
    "targetNPCInstance": null,
    "timestamp": 3512625,
  },
  {
    "eventType": "Death",
    "targetNPCID": 164705,
    "targetNPCInstance": null,
    "timestamp": 3514282,
  },
  {
    "eventType": "Death",
    "targetNPCID": 164705,
    "targetNPCInstance": null,
    "timestamp": 3517463,
  },
  {
    "eventType": "Death",
    "targetNPCID": 164705,
    "targetNPCInstance": null,
    "timestamp": 3534137,
  },
  {
    "eventType": "Death",
    "targetNPCID": 164705,
    "targetNPCInstance": null,
    "timestamp": 3559079,
  },
  {
    "eventType": "Death",
    "targetNPCID": 164705,
    "targetNPCInstance": null,
    "timestamp": 3560518,
  },
  {
    "eventType": "Death",
    "targetNPCID": 164705,
    "targetNPCInstance": null,
    "timestamp": 3563937,
  },
  {
    "eventType": "Death",
    "targetNPCID": 164705,
    "targetNPCInstance": null,
    "timestamp": 3566890,
  },
  {
    "eventType": "Death",
    "targetNPCID": 164705,
    "targetNPCInstance": null,
    "timestamp": 3568140,
  },
  {
    "eventType": "Death",
    "targetNPCID": 164705,
    "targetNPCInstance": null,
    "timestamp": 3573319,
  },
  {
    "eventType": "Death",
    "targetNPCID": 164705,
    "targetNPCInstance": null,
    "timestamp": 3576106,
  },
  {
    "eventType": "Death",
    "targetNPCID": 164705,
    "targetNPCInstance": null,
    "timestamp": 3793055,
  },
  {
    "eventType": "Death",
    "targetNPCID": 164705,
    "targetNPCInstance": null,
    "timestamp": 3889770,
  },
  {
    "eventType": "Death",
    "targetNPCID": 164705,
    "targetNPCInstance": null,
    "timestamp": 3910966,
  },
  {
    "eventType": "Death",
    "targetNPCID": 164705,
    "targetNPCInstance": null,
    "timestamp": 4036935,
  },
  {
    "eventType": "Death",
    "targetNPCID": 164705,
    "targetNPCInstance": null,
    "timestamp": 4273729,
  },
  {
    "eventType": "Death",
    "targetNPCID": 164705,
    "targetNPCInstance": null,
    "timestamp": 4634252,
  },
  {
    "eventType": "Death",
    "targetNPCID": 164705,
    "targetNPCInstance": 4,
    "timestamp": 9399646,
  },
  {
    "eventType": "Death",
    "targetNPCID": 164705,
    "targetNPCInstance": 5,
    "timestamp": 9400225,
  },
  {
    "eventType": "Death",
    "targetNPCID": 164705,
    "targetNPCInstance": 1,
    "timestamp": 9400225,
  },
  {
    "eventType": "Death",
    "targetNPCID": 164705,
    "targetNPCInstance": 6,
    "timestamp": 9430006,
  },
  {
    "eventType": "Death",
    "targetNPCID": 164705,
    "targetNPCInstance": 1,
    "timestamp": 9486481,
  },
  {
    "eventType": "Death",
    "targetNPCID": 164705,
    "targetNPCInstance": 2,
    "timestamp": 9769975,
  },
  {
    "eventType": "Death",
    "targetNPCID": 164705,
    "targetNPCInstance": 2,
    "timestamp": 9770061,
  },
  {
    "eventType": "Death",
    "targetNPCID": 164705,
    "targetNPCInstance": 3,
    "timestamp": 11090607,
  },
  {
    "eventType": "Death",
    "targetNPCID": 164705,
    "targetNPCInstance": 7,
    "timestamp": 11099140,
  },
]
`;

exports[`death tracks player death events 1`] = `
[
  {
    "eventType": "Death",
    "sourceNPCID": null,
    "sourceNPCInstance": null,
    "targetPlayerID": 1,
    "timestamp": 3186763,
  },
  {
    "eventType": "Death",
    "sourceNPCID": null,
    "sourceNPCInstance": null,
    "targetPlayerID": 1,
    "timestamp": 3331087,
  },
  {
    "eventType": "Death",
    "sourceNPCID": null,
    "sourceNPCInstance": null,
    "targetPlayerID": 1,
    "timestamp": 3424154,
  },
  {
    "eventType": "Death",
    "sourceNPCID": null,
    "sourceNPCInstance": null,
    "targetPlayerID": 1,
    "timestamp": 3436647,
  },
  {
    "eventType": "Death",
    "sourceNPCID": null,
    "sourceNPCInstance": null,
    "targetPlayerID": 1,
    "timestamp": 3489087,
  },
  {
    "eventType": "Death",
    "sourceNPCID": null,
    "sourceNPCInstance": null,
    "targetPlayerID": 1,
    "timestamp": 3506311,
  },
  {
    "eventType": "Death",
    "sourceNPCID": null,
    "sourceNPCInstance": null,
    "targetPlayerID": 1,
    "timestamp": 3512625,
  },
  {
    "eventType": "Death",
    "sourceNPCID": null,
    "sourceNPCInstance": null,
    "targetPlayerID": 1,
    "timestamp": 3514282,
  },
  {
    "eventType": "Death",
    "sourceNPCID": null,
    "sourceNPCInstance": null,
    "targetPlayerID": 1,
    "timestamp": 3517463,
  },
  {
    "eventType": "Death",
    "sourceNPCID": null,
    "sourceNPCInstance": null,
    "targetPlayerID": 1,
    "timestamp": 3534137,
  },
  {
    "eventType": "Death",
    "sourceNPCID": null,
    "sourceNPCInstance": null,
    "targetPlayerID": 1,
    "timestamp": 3559079,
  },
  {
    "eventType": "Death",
    "sourceNPCID": null,
    "sourceNPCInstance": null,
    "targetPlayerID": 1,
    "timestamp": 3560518,
  },
  {
    "eventType": "Death",
    "sourceNPCID": null,
    "sourceNPCInstance": null,
    "targetPlayerID": 1,
    "timestamp": 3563937,
  },
  {
    "eventType": "Death",
    "sourceNPCID": null,
    "sourceNPCInstance": null,
    "targetPlayerID": 1,
    "timestamp": 3566890,
  },
  {
    "eventType": "Death",
    "sourceNPCID": null,
    "sourceNPCInstance": null,
    "targetPlayerID": 1,
    "timestamp": 3568140,
  },
  {
    "eventType": "Death",
    "sourceNPCID": null,
    "sourceNPCInstance": null,
    "targetPlayerID": 1,
    "timestamp": 3573319,
  },
  {
    "eventType": "Death",
    "sourceNPCID": null,
    "sourceNPCInstance": null,
    "targetPlayerID": 1,
    "timestamp": 3576106,
  },
  {
    "eventType": "Death",
    "sourceNPCID": null,
    "sourceNPCInstance": null,
    "targetPlayerID": 1,
    "timestamp": 3793055,
  },
  {
    "eventType": "Death",
    "sourceNPCID": null,
    "sourceNPCInstance": null,
    "targetPlayerID": 1,
    "timestamp": 3889770,
  },
  {
    "eventType": "Death",
    "sourceNPCID": null,
    "sourceNPCInstance": null,
    "targetPlayerID": 1,
    "timestamp": 3910966,
  },
  {
    "eventType": "Death",
    "sourceNPCID": null,
    "sourceNPCInstance": null,
    "targetPlayerID": 1,
    "timestamp": 4036935,
  },
  {
    "eventType": "Death",
    "sourceNPCID": null,
    "sourceNPCInstance": null,
    "targetPlayerID": 1,
    "timestamp": 4273729,
  },
  {
    "eventType": "Death",
    "sourceNPCID": null,
    "sourceNPCInstance": null,
    "targetPlayerID": 1,
    "timestamp": 4634252,
  },
  {
    "eventType": "Death",
    "sourceNPCID": null,
    "sourceNPCInstance": null,
    "targetPlayerID": 1,
    "timestamp": 9399646,
  },
  {
    "eventType": "Death",
    "sourceNPCID": null,
    "sourceNPCInstance": null,
    "targetPlayerID": 1,
    "timestamp": 9400225,
  },
  {
    "eventType": "Death",
    "sourceNPCID": null,
    "sourceNPCInstance": null,
    "targetPlayerID": 1,
    "timestamp": 9400225,
  },
  {
    "eventType": "Death",
    "sourceNPCID": null,
    "sourceNPCInstance": null,
    "targetPlayerID": 1,
    "timestamp": 9430006,
  },
  {
    "eventType": "Death",
    "sourceNPCID": null,
    "sourceNPCInstance": null,
    "targetPlayerID": 1,
    "timestamp": 9486481,
  },
  {
    "eventType": "Death",
    "sourceNPCID": null,
    "sourceNPCInstance": null,
    "targetPlayerID": 1,
    "timestamp": 9769975,
  },
  {
    "eventType": "Death",
    "sourceNPCID": null,
    "sourceNPCInstance": null,
    "targetPlayerID": 1,
    "timestamp": 9770061,
  },
  {
    "eventType": "Death",
    "sourceNPCID": null,
    "sourceNPCInstance": null,
    "targetPlayerID": 1,
    "timestamp": 11090607,
  },
  {
    "eventType": "Death",
    "sourceNPCID": null,
    "sourceNPCInstance": null,
    "targetPlayerID": 1,
    "timestamp": 11099140,
  },
]
`;
