// Jest Snapshot v1, https://goo.gl/fbAQLP

exports[`getEncryptedEvents works 1`] = `
[
  {
    "abilityGameID": 368240,
    "fight": 1,
    "pin": "0",
    "sourceID": 37,
    "sourceInstance": 1,
    "targetID": 1,
    "timestamp": 213414,
    "type": "applydebuff",
  },
  {
    "abilityGameID": 368240,
    "fight": 1,
    "pin": "0",
    "sourceID": 37,
    "sourceInstance": 1,
    "targetID": 4,
    "timestamp": 213414,
    "type": "applydebuff",
  },
  {
    "abilityGameID": 368240,
    "fight": 1,
    "pin": "0",
    "sourceID": 37,
    "sourceInstance": 1,
    "targetID": 5,
    "targetMarker": 7,
    "timestamp": 213422,
    "type": "applydebuff",
  },
  {
    "abilityGameID": 368240,
    "fight": 1,
    "pin": "0",
    "sourceID": 37,
    "sourceInstance": 1,
    "targetID": 2,
    "timestamp": 213422,
    "type": "applydebuff",
  },
  {
    "abilityGameID": 368240,
    "fight": 1,
    "pin": "0",
    "sourceID": 37,
    "sourceInstance": 1,
    "targetID": 3,
    "timestamp": 213422,
    "type": "applydebuff",
  },
  {
    "abilityGameID": 368239,
    "fight": 1,
    "pin": "0",
    "sourceID": 41,
    "sourceInstance": 1,
    "targetID": 5,
    "targetMarker": 7,
    "timestamp": 319950,
    "type": "applydebuff",
  },
  {
    "abilityGameID": 368239,
    "fight": 1,
    "pin": "0",
    "sourceID": 41,
    "sourceInstance": 1,
    "targetID": 2,
    "timestamp": 319950,
    "type": "applydebuff",
  },
  {
    "abilityGameID": 368239,
    "fight": 1,
    "pin": "0",
    "sourceID": 41,
    "sourceInstance": 1,
    "targetID": 3,
    "timestamp": 319950,
    "type": "applydebuff",
  },
  {
    "abilityGameID": 368239,
    "fight": 1,
    "pin": "0",
    "sourceID": 41,
    "sourceInstance": 1,
    "targetID": 4,
    "timestamp": 319951,
    "type": "applydebuff",
  },
  {
    "abilityGameID": 368239,
    "fight": 1,
    "pin": "0",
    "sourceID": 41,
    "sourceInstance": 1,
    "targetID": 1,
    "timestamp": 319951,
    "type": "applydebuff",
  },
  {
    "abilityGameID": 368240,
    "fight": 1,
    "pin": "0",
    "sourceID": 37,
    "sourceInstance": 2,
    "targetID": 2,
    "timestamp": 453278,
    "type": "applydebuff",
  },
  {
    "abilityGameID": 368240,
    "fight": 1,
    "pin": "0",
    "sourceID": 37,
    "sourceInstance": 2,
    "targetID": 1,
    "timestamp": 453278,
    "type": "applydebuff",
  },
  {
    "abilityGameID": 368240,
    "fight": 1,
    "pin": "0",
    "sourceID": 37,
    "sourceInstance": 2,
    "targetID": 4,
    "timestamp": 453278,
    "type": "applydebuff",
  },
  {
    "abilityGameID": 368240,
    "fight": 1,
    "pin": "0",
    "sourceID": 37,
    "sourceInstance": 2,
    "targetID": 3,
    "timestamp": 453278,
    "type": "applydebuff",
  },
  {
    "abilityGameID": 368240,
    "fight": 1,
    "pin": "0",
    "sourceID": 37,
    "sourceInstance": 2,
    "targetID": 5,
    "targetMarker": 7,
    "timestamp": 453285,
    "type": "applydebuff",
  },
  {
    "abilityGameID": 368240,
    "fight": 1,
    "pin": "0",
    "sourceID": 37,
    "sourceInstance": 3,
    "targetID": 1,
    "timestamp": 558025,
    "type": "applydebuff",
  },
  {
    "abilityGameID": 368240,
    "fight": 1,
    "pin": "0",
    "sourceID": 37,
    "sourceInstance": 3,
    "targetID": 4,
    "timestamp": 558025,
    "type": "applydebuff",
  },
  {
    "abilityGameID": 368240,
    "fight": 1,
    "pin": "0",
    "sourceID": 37,
    "sourceInstance": 3,
    "targetID": 3,
    "timestamp": 558025,
    "type": "applydebuff",
  },
  {
    "abilityGameID": 368240,
    "fight": 1,
    "pin": "0",
    "sourceID": 37,
    "sourceInstance": 3,
    "targetID": 2,
    "timestamp": 558025,
    "type": "applydebuff",
  },
  {
    "abilityGameID": 368240,
    "fight": 1,
    "pin": "0",
    "sourceID": 37,
    "sourceInstance": 3,
    "targetID": 5,
    "targetMarker": 7,
    "timestamp": 558033,
    "type": "applydebuff",
  },
  {
    "abilityGameID": 368240,
    "fight": 1,
    "pin": "0",
    "sourceID": 37,
    "sourceInstance": 4,
    "targetID": 1,
    "timestamp": 722815,
    "type": "applydebuff",
  },
  {
    "abilityGameID": 368240,
    "fight": 1,
    "pin": "0",
    "sourceID": 37,
    "sourceInstance": 4,
    "targetID": 2,
    "timestamp": 722815,
    "type": "applydebuff",
  },
  {
    "abilityGameID": 368240,
    "fight": 1,
    "pin": "0",
    "sourceID": 37,
    "sourceInstance": 4,
    "targetID": 4,
    "timestamp": 722815,
    "type": "applydebuff",
  },
  {
    "abilityGameID": 368240,
    "fight": 1,
    "pin": "0",
    "sourceID": 37,
    "sourceInstance": 4,
    "targetID": 5,
    "targetMarker": 7,
    "timestamp": 722815,
    "type": "applydebuff",
  },
  {
    "abilityGameID": 368240,
    "fight": 1,
    "pin": "0",
    "sourceID": 37,
    "sourceInstance": 4,
    "targetID": 3,
    "timestamp": 722815,
    "type": "applydebuff",
  },
  {
    "abilityGameID": 368240,
    "fight": 1,
    "pin": "0",
    "sourceID": 37,
    "sourceInstance": 5,
    "targetID": 3,
    "timestamp": 863047,
    "type": "applydebuff",
  },
  {
    "abilityGameID": 368240,
    "fight": 1,
    "pin": "0",
    "sourceID": 37,
    "sourceInstance": 5,
    "targetID": 2,
    "timestamp": 863047,
    "type": "applydebuff",
  },
  {
    "abilityGameID": 368240,
    "fight": 1,
    "pin": "0",
    "sourceID": 37,
    "sourceInstance": 5,
    "targetID": 5,
    "targetMarker": 7,
    "timestamp": 863062,
    "type": "applydebuff",
  },
  {
    "abilityGameID": 368240,
    "fight": 1,
    "pin": "0",
    "sourceID": 37,
    "sourceInstance": 5,
    "targetID": 1,
    "timestamp": 863062,
    "type": "applydebuff",
  },
  {
    "abilityGameID": 368240,
    "fight": 1,
    "pin": "0",
    "sourceID": 37,
    "sourceInstance": 5,
    "targetID": 4,
    "timestamp": 863062,
    "type": "applydebuff",
  },
  {
    "abilityGameID": 368240,
    "fight": 1,
    "pin": "0",
    "sourceID": 37,
    "sourceInstance": 6,
    "targetID": 1,
    "timestamp": 922603,
    "type": "applydebuff",
  },
  {
    "abilityGameID": 368240,
    "fight": 1,
    "pin": "0",
    "sourceID": 37,
    "sourceInstance": 6,
    "targetID": 5,
    "targetMarker": 7,
    "timestamp": 922611,
    "type": "applydebuff",
  },
  {
    "abilityGameID": 368240,
    "fight": 1,
    "pin": "0",
    "sourceID": 37,
    "sourceInstance": 6,
    "targetID": 2,
    "timestamp": 922611,
    "type": "applydebuff",
  },
  {
    "abilityGameID": 368240,
    "fight": 1,
    "pin": "0",
    "sourceID": 37,
    "sourceInstance": 6,
    "targetID": 4,
    "timestamp": 922611,
    "type": "applydebuff",
  },
  {
    "abilityGameID": 368240,
    "fight": 1,
    "pin": "0",
    "sourceID": 37,
    "sourceInstance": 6,
    "targetID": 3,
    "timestamp": 922611,
    "type": "applydebuff",
  },
  {
    "abilityGameID": 368240,
    "fight": 1,
    "pin": "0",
    "sourceID": 37,
    "sourceInstance": 7,
    "targetID": 3,
    "timestamp": 937550,
    "type": "applydebuff",
  },
  {
    "abilityGameID": 368240,
    "fight": 1,
    "pin": "0",
    "sourceID": 37,
    "sourceInstance": 7,
    "targetID": 5,
    "targetMarker": 7,
    "timestamp": 937550,
    "type": "applydebuff",
  },
  {
    "abilityGameID": 368240,
    "fight": 1,
    "pin": "0",
    "sourceID": 37,
    "sourceInstance": 7,
    "targetID": 2,
    "timestamp": 937561,
    "type": "applydebuff",
  },
  {
    "abilityGameID": 368240,
    "fight": 1,
    "pin": "0",
    "sourceID": 37,
    "sourceInstance": 7,
    "targetID": 1,
    "timestamp": 937561,
    "type": "applydebuff",
  },
  {
    "abilityGameID": 368240,
    "fight": 1,
    "pin": "0",
    "sourceID": 37,
    "sourceInstance": 7,
    "targetID": 4,
    "timestamp": 937561,
    "type": "applydebuff",
  },
  {
    "abilityGameID": 368239,
    "fight": 1,
    "pin": "0",
    "sourceID": 41,
    "sourceInstance": 2,
    "targetID": 4,
    "timestamp": 1058250,
    "type": "applydebuff",
  },
  {
    "abilityGameID": 368239,
    "fight": 1,
    "pin": "0",
    "sourceID": 41,
    "sourceInstance": 2,
    "targetID": 1,
    "timestamp": 1058250,
    "type": "applydebuff",
  },
  {
    "abilityGameID": 368239,
    "fight": 1,
    "pin": "0",
    "sourceID": 41,
    "sourceInstance": 2,
    "targetID": 2,
    "timestamp": 1058250,
    "type": "applydebuff",
  },
  {
    "abilityGameID": 368239,
    "fight": 1,
    "pin": "0",
    "sourceID": 41,
    "sourceInstance": 2,
    "targetID": 5,
    "targetMarker": 7,
    "timestamp": 1058250,
    "type": "applydebuff",
  },
  {
    "abilityGameID": 368239,
    "fight": 1,
    "pin": "0",
    "sourceID": 41,
    "sourceInstance": 2,
    "targetID": 3,
    "timestamp": 1058250,
    "type": "applydebuff",
  },
  {
    "abilityGameID": 368240,
    "fight": 1,
    "pin": "0",
    "sourceID": 37,
    "sourceInstance": 8,
    "targetID": 5,
    "targetMarker": 7,
    "timestamp": 1148049,
    "type": "applydebuff",
  },
  {
    "abilityGameID": 368240,
    "fight": 1,
    "pin": "0",
    "sourceID": 37,
    "sourceInstance": 8,
    "targetID": 2,
    "timestamp": 1148049,
    "type": "applydebuff",
  },
  {
    "abilityGameID": 368240,
    "fight": 1,
    "pin": "0",
    "sourceID": 37,
    "sourceInstance": 8,
    "targetID": 4,
    "timestamp": 1148049,
    "type": "applydebuff",
  },
  {
    "abilityGameID": 368240,
    "fight": 1,
    "pin": "0",
    "sourceID": 37,
    "sourceInstance": 8,
    "targetID": 1,
    "timestamp": 1148049,
    "type": "applydebuff",
  },
  {
    "abilityGameID": 368240,
    "fight": 1,
    "pin": "0",
    "sourceID": 37,
    "sourceInstance": 8,
    "targetID": 3,
    "timestamp": 1148049,
    "type": "applydebuff",
  },
  {
    "abilityGameID": 366566,
    "amount": 1204,
    "fight": 1,
    "hitType": 1,
    "mitigated": 24791,
    "pin": "0",
    "sourceID": 37,
    "sourceInstance": 1,
    "targetID": 26,
    "targetInstance": 5,
    "timestamp": 195798,
    "type": "damage",
    "unmitigatedAmount": 25995,
  },
  {
    "abilityGameID": 366566,
    "absorbed": 1204,
    "amount": 0,
    "fight": 1,
    "hitType": 3,
    "mitigated": 24791,
    "pin": "0",
    "sourceID": 37,
    "sourceInstance": 1,
    "targetID": 17,
    "timestamp": 195798,
    "type": "damage",
    "unmitigatedAmount": 25995,
  },
  {
    "abilityGameID": 366566,
    "amount": 17777,
    "fight": 1,
    "hitType": 1,
    "mitigated": 8218,
    "pin": "0",
    "sourceID": 37,
    "sourceInstance": 1,
    "targetID": 1,
    "timestamp": 195798,
    "type": "damage",
    "unmitigatedAmount": 25995,
  },
  {
    "abilityGameID": 366566,
    "absorbed": 10530,
    "amount": 12038,
    "fight": 1,
    "hitType": 1,
    "mitigated": 3427,
    "pin": "0",
    "sourceID": 37,
    "sourceInstance": 1,
    "targetID": 3,
    "timestamp": 195826,
    "type": "damage",
    "unmitigatedAmount": 25995,
  },
  {
    "abilityGameID": 366566,
    "absorbed": 9648,
    "amount": 11668,
    "fight": 1,
    "hitType": 1,
    "mitigated": 4679,
    "pin": "0",
    "sourceID": 37,
    "sourceInstance": 1,
    "targetID": 2,
    "timestamp": 195826,
    "type": "damage",
    "unmitigatedAmount": 25995,
  },
  {
    "abilityGameID": 366566,
    "amount": 21579,
    "fight": 1,
    "hitType": 1,
    "mitigated": 4416,
    "pin": "0",
    "sourceID": 37,
    "sourceInstance": 1,
    "targetID": 4,
    "timestamp": 195826,
    "type": "damage",
    "unmitigatedAmount": 25995,
  },
  {
    "abilityGameID": 366566,
    "amount": 25995,
    "fight": 1,
    "hitType": 1,
    "pin": "0",
    "sourceID": 37,
    "sourceInstance": 1,
    "targetID": 10,
    "targetInstance": 1,
    "timestamp": 195826,
    "type": "damage",
    "unmitigatedAmount": 25995,
  },
  {
    "abilityGameID": 366566,
    "amount": 1204,
    "fight": 1,
    "hitType": 1,
    "mitigated": 24791,
    "pin": "0",
    "sourceID": 37,
    "sourceInstance": 1,
    "targetID": 24,
    "targetInstance": 17,
    "timestamp": 195826,
    "type": "damage",
    "unmitigatedAmount": 25995,
  },
  {
    "abilityGameID": 366566,
    "amount": 18139,
    "fight": 1,
    "hitType": 1,
    "mitigated": 6816,
    "pin": "0",
    "sourceID": 37,
    "sourceInstance": 1,
    "targetID": 5,
    "targetMarker": 7,
    "timestamp": 195826,
    "type": "damage",
    "unmitigatedAmount": 24955,
  },
  {
    "abilityGameID": 366406,
    "amount": 5394,
    "fight": 1,
    "hitType": 1,
    "mitigated": 454,
    "pin": "0",
    "sourceID": 41,
    "sourceInstance": 1,
    "targetID": 4,
    "timestamp": 289131,
    "type": "damage",
    "unmitigatedAmount": 5848,
  },
  {
    "abilityGameID": 366406,
    "absorbed": 1416,
    "amount": 3307,
    "fight": 1,
    "hitType": 1,
    "mitigated": 1125,
    "pin": "0",
    "sourceID": 41,
    "sourceInstance": 1,
    "targetID": 5,
    "targetMarker": 7,
    "timestamp": 290721,
    "type": "damage",
    "unmitigatedAmount": 5848,
  },
  {
    "abilityGameID": 366406,
    "absorbed": 3228,
    "amount": 2413,
    "fight": 1,
    "hitType": 1,
    "mitigated": 207,
    "pin": "0",
    "sourceID": 41,
    "sourceInstance": 1,
    "targetID": 3,
    "timestamp": 297159,
    "type": "damage",
    "unmitigatedAmount": 5848,
  },
  {
    "abilityGameID": 366406,
    "amount": 5394,
    "fight": 1,
    "hitType": 1,
    "mitigated": 454,
    "pin": "0",
    "sourceID": 41,
    "sourceInstance": 1,
    "targetID": 4,
    "timestamp": 299131,
    "type": "damage",
    "unmitigatedAmount": 5848,
  },
  {
    "abilityGameID": 366406,
    "amount": 4629,
    "fight": 1,
    "hitType": 1,
    "mitigated": 1102,
    "pin": "0",
    "sourceID": 41,
    "sourceInstance": 1,
    "targetID": 5,
    "targetMarker": 7,
    "timestamp": 300880,
    "type": "damage",
    "unmitigatedAmount": 5731,
  },
  {
    "abilityGameID": 366406,
    "amount": 5676,
    "fight": 1,
    "hitType": 1,
    "mitigated": 172,
    "pin": "0",
    "sourceID": 41,
    "sourceInstance": 1,
    "targetID": 1,
    "timestamp": 303248,
    "type": "damage",
    "unmitigatedAmount": 5848,
  },
  {
    "abilityGameID": 366409,
    "amount": 47372,
    "fight": 1,
    "hitType": 1,
    "mitigated": 4620,
    "pin": "0",
    "sourceID": 41,
    "sourceInstance": 1,
    "targetID": 2,
    "timestamp": 306228,
    "type": "damage",
    "unmitigatedAmount": 51992,
  },
  {
    "abilityGameID": 366406,
    "amount": 5676,
    "fight": 1,
    "hitType": 1,
    "mitigated": 172,
    "pin": "0",
    "sourceID": 41,
    "sourceInstance": 1,
    "targetID": 1,
    "timestamp": 308870,
    "type": "damage",
    "unmitigatedAmount": 5848,
  },
  {
    "abilityGameID": 366406,
    "amount": 5394,
    "fight": 1,
    "hitType": 1,
    "mitigated": 454,
    "pin": "0",
    "sourceID": 41,
    "sourceInstance": 1,
    "targetID": 4,
    "timestamp": 311306,
    "type": "damage",
    "unmitigatedAmount": 5848,
  },
  {
    "abilityGameID": 366406,
    "amount": 5328,
    "fight": 1,
    "hitType": 1,
    "mitigated": 520,
    "pin": "0",
    "sourceID": 41,
    "sourceInstance": 1,
    "targetID": 2,
    "timestamp": 313849,
    "type": "damage",
    "unmitigatedAmount": 5848,
  },
  {
    "abilityGameID": 366406,
    "absorbed": 4498,
    "amount": 1143,
    "fight": 1,
    "hitType": 1,
    "mitigated": 207,
    "pin": "0",
    "sourceID": 41,
    "sourceInstance": 1,
    "targetID": 3,
    "timestamp": 316118,
    "type": "damage",
    "unmitigatedAmount": 5848,
  },
  {
    "abilityGameID": 366566,
    "amount": 1204,
    "fight": 1,
    "hitType": 1,
    "mitigated": 24791,
    "pin": "0",
    "sourceID": 37,
    "sourceInstance": 2,
    "targetID": 24,
    "targetInstance": 30,
    "timestamp": 435482,
    "type": "damage",
    "unmitigatedAmount": 25995,
  },
  {
    "abilityGameID": 366566,
    "amount": 21580,
    "fight": 1,
    "hitType": 1,
    "mitigated": 4415,
    "pin": "0",
    "sourceID": 37,
    "sourceInstance": 2,
    "targetID": 4,
    "timestamp": 435482,
    "type": "damage",
    "unmitigatedAmount": 25995,
  },
  {
    "abilityGameID": 366566,
    "absorbed": 1203,
    "amount": 0,
    "fight": 1,
    "hitType": 3,
    "mitigated": 24792,
    "pin": "0",
    "sourceID": 37,
    "sourceInstance": 2,
    "targetID": 17,
    "timestamp": 435482,
    "type": "damage",
    "unmitigatedAmount": 25995,
  },
  {
    "abilityGameID": 366566,
    "amount": 1185,
    "fight": 1,
    "hitType": 1,
    "mitigated": 24810,
    "pin": "0",
    "sourceID": 37,
    "sourceInstance": 2,
    "targetID": 23,
    "targetInstance": 3,
    "timestamp": 435482,
    "type": "damage",
    "unmitigatedAmount": 25995,
  },
  {
    "abilityGameID": 366566,
    "amount": 1120,
    "fight": 1,
    "hitType": 1,
    "mitigated": 24875,
    "pin": "0",
    "sourceID": 37,
    "sourceInstance": 2,
    "targetID": 19,
    "targetInstance": 4,
    "timestamp": 435482,
    "type": "damage",
    "unmitigatedAmount": 25995,
  },
  {
    "abilityGameID": 366566,
    "amount": 1203,
    "fight": 1,
    "hitType": 1,
    "mitigated": 24792,
    "pin": "0",
    "sourceID": 37,
    "sourceInstance": 2,
    "targetID": 24,
    "targetInstance": 31,
    "timestamp": 435482,
    "type": "damage",
    "unmitigatedAmount": 25995,
  },
  {
    "abilityGameID": 366566,
    "amount": 22222,
    "fight": 1,
    "hitType": 1,
    "mitigated": 3773,
    "pin": "0",
    "sourceID": 37,
    "sourceInstance": 2,
    "targetID": 1,
    "timestamp": 435482,
    "type": "damage",
    "unmitigatedAmount": 25995,
  },
  {
    "abilityGameID": 366566,
    "amount": 1151,
    "fight": 1,
    "hitType": 1,
    "mitigated": 24844,
    "pin": "0",
    "sourceID": 37,
    "sourceInstance": 2,
    "targetID": 46,
    "targetInstance": 1,
    "timestamp": 435482,
    "type": "damage",
    "unmitigatedAmount": 25995,
  },
  {
    "abilityGameID": 366566,
    "amount": 1185,
    "fight": 1,
    "hitType": 1,
    "mitigated": 24810,
    "pin": "0",
    "sourceID": 37,
    "sourceInstance": 2,
    "targetID": 23,
    "targetInstance": 4,
    "timestamp": 435482,
    "type": "damage",
    "unmitigatedAmount": 25995,
  },
  {
    "abilityGameID": 366566,
    "amount": 1185,
    "fight": 1,
    "hitType": 1,
    "mitigated": 24810,
    "pin": "0",
    "sourceID": 37,
    "sourceInstance": 2,
    "targetID": 23,
    "targetInstance": 5,
    "timestamp": 435482,
    "type": "damage",
    "unmitigatedAmount": 25995,
  },
  {
    "abilityGameID": 366566,
    "amount": 1204,
    "fight": 1,
    "hitType": 1,
    "mitigated": 24791,
    "pin": "0",
    "sourceID": 37,
    "sourceInstance": 2,
    "targetID": 26,
    "targetInstance": 12,
    "timestamp": 435482,
    "type": "damage",
    "unmitigatedAmount": 25995,
  },
  {
    "abilityGameID": 366566,
    "absorbed": 20575,
    "amount": 0,
    "fight": 1,
    "hitType": 3,
    "mitigated": 4900,
    "pin": "0",
    "sourceID": 37,
    "sourceInstance": 2,
    "targetID": 5,
    "targetMarker": 7,
    "timestamp": 435482,
    "type": "damage",
    "unmitigatedAmount": 25475,
  },
  {
    "abilityGameID": 366566,
    "absorbed": 2960,
    "amount": 19608,
    "fight": 1,
    "hitType": 1,
    "mitigated": 3427,
    "pin": "0",
    "sourceID": 37,
    "sourceInstance": 2,
    "targetID": 3,
    "timestamp": 435482,
    "type": "damage",
    "unmitigatedAmount": 25995,
  },
  {
    "abilityGameID": 366566,
    "absorbed": 3197,
    "amount": 18120,
    "fight": 1,
    "hitType": 1,
    "mitigated": 4678,
    "pin": "0",
    "sourceID": 37,
    "sourceInstance": 2,
    "targetID": 2,
    "timestamp": 435482,
    "type": "damage",
    "unmitigatedAmount": 25995,
  },
  {
    "abilityGameID": 366566,
    "amount": 25995,
    "fight": 1,
    "hitType": 1,
    "pin": "0",
    "sourceID": 37,
    "sourceInstance": 2,
    "targetID": 10,
    "targetInstance": 3,
    "timestamp": 435482,
    "type": "damage",
    "unmitigatedAmount": 25995,
  },
  {
    "abilityGameID": 366566,
    "amount": 1203,
    "fight": 1,
    "hitType": 1,
    "mitigated": 24792,
    "pin": "0",
    "sourceID": 37,
    "sourceInstance": 2,
    "targetID": 24,
    "targetInstance": 28,
    "timestamp": 435482,
    "type": "damage",
    "unmitigatedAmount": 25995,
  },
  {
    "abilityGameID": 366566,
    "amount": 1204,
    "fight": 1,
    "hitType": 1,
    "mitigated": 24791,
    "pin": "0",
    "sourceID": 37,
    "sourceInstance": 2,
    "targetID": 24,
    "targetInstance": 29,
    "timestamp": 435482,
    "type": "damage",
    "unmitigatedAmount": 25995,
  },
  {
    "abilityGameID": 366566,
    "amount": 1204,
    "fight": 1,
    "hitType": 1,
    "mitigated": 24791,
    "pin": "0",
    "sourceID": 37,
    "sourceInstance": 4,
    "targetID": 24,
    "targetInstance": 42,
    "timestamp": 714348,
    "type": "damage",
    "unmitigatedAmount": 25995,
  },
  {
    "abilityGameID": 366566,
    "amount": 1203,
    "fight": 1,
    "hitType": 1,
    "mitigated": 24792,
    "pin": "0",
    "sourceID": 37,
    "sourceInstance": 4,
    "targetID": 24,
    "targetInstance": 44,
    "timestamp": 714348,
    "type": "damage",
    "unmitigatedAmount": 25995,
  },
  {
    "abilityGameID": 366566,
    "absorbed": 1203,
    "amount": 0,
    "fight": 1,
    "hitType": 3,
    "mitigated": 24792,
    "pin": "0",
    "sourceID": 37,
    "sourceInstance": 4,
    "targetID": 17,
    "timestamp": 714348,
    "type": "damage",
    "unmitigatedAmount": 25995,
  },
  {
    "abilityGameID": 366566,
    "absorbed": 6577,
    "amount": 14418,
    "fight": 1,
    "hitType": 1,
    "mitigated": 5000,
    "pin": "0",
    "sourceID": 37,
    "sourceInstance": 4,
    "targetID": 5,
    "targetMarker": 7,
    "timestamp": 714348,
    "type": "damage",
    "unmitigatedAmount": 25995,
  },
  {
    "abilityGameID": 366566,
    "amount": 24690,
    "fight": 1,
    "hitType": 1,
    "mitigated": 1305,
    "pin": "0",
    "sourceID": 37,
    "sourceInstance": 4,
    "targetID": 1,
    "timestamp": 714348,
    "type": "damage",
    "unmitigatedAmount": 25995,
  },
  {
    "abilityGameID": 366566,
    "amount": 23685,
    "fight": 1,
    "hitType": 1,
    "mitigated": 2310,
    "pin": "0",
    "sourceID": 37,
    "sourceInstance": 4,
    "targetID": 2,
    "timestamp": 714348,
    "type": "damage",
    "unmitigatedAmount": 25995,
  },
  {
    "abilityGameID": 366566,
    "absorbed": 3026,
    "amount": 22049,
    "fight": 1,
    "hitType": 1,
    "mitigated": 920,
    "pin": "0",
    "sourceID": 37,
    "sourceInstance": 4,
    "targetID": 3,
    "timestamp": 714348,
    "type": "damage",
    "unmitigatedAmount": 25995,
  },
  {
    "abilityGameID": 366566,
    "amount": 1204,
    "fight": 1,
    "hitType": 1,
    "mitigated": 24791,
    "pin": "0",
    "sourceID": 37,
    "sourceInstance": 4,
    "targetID": 24,
    "targetInstance": 43,
    "timestamp": 714348,
    "type": "damage",
    "unmitigatedAmount": 25995,
  },
  {
    "abilityGameID": 366566,
    "amount": 23977,
    "fight": 1,
    "hitType": 1,
    "mitigated": 2018,
    "pin": "0",
    "sourceID": 37,
    "sourceInstance": 4,
    "targetID": 4,
    "timestamp": 714378,
    "type": "damage",
    "unmitigatedAmount": 25995,
  },
  {
    "abilityGameID": 366566,
    "amount": 1185,
    "fight": 1,
    "hitType": 1,
    "mitigated": 24810,
    "pin": "0",
    "sourceID": 37,
    "sourceInstance": 5,
    "targetID": 23,
    "targetInstance": 14,
    "timestamp": 845499,
    "type": "damage",
    "unmitigatedAmount": 25995,
  },
  {
    "abilityGameID": 366566,
    "absorbed": 1150,
    "amount": 23541,
    "fight": 1,
    "hitType": 1,
    "mitigated": 1304,
    "pin": "0",
    "sourceID": 37,
    "sourceInstance": 5,
    "targetID": 1,
    "timestamp": 845499,
    "type": "damage",
    "unmitigatedAmount": 25995,
  },
  {
    "abilityGameID": 366566,
    "absorbed": 3595,
    "amount": 21481,
    "fight": 1,
    "hitType": 1,
    "mitigated": 919,
    "pin": "0",
    "sourceID": 37,
    "sourceInstance": 5,
    "targetID": 3,
    "timestamp": 845499,
    "type": "damage",
    "unmitigatedAmount": 25995,
  },
  {
    "abilityGameID": 366566,
    "amount": 1151,
    "fight": 1,
    "hitType": 1,
    "mitigated": 24844,
    "pin": "0",
    "sourceID": 37,
    "sourceInstance": 5,
    "targetID": 46,
    "targetInstance": 2,
    "timestamp": 845499,
    "type": "damage",
    "unmitigatedAmount": 25995,
  },
  {
    "abilityGameID": 366566,
    "amount": 1185,
    "fight": 1,
    "hitType": 1,
    "mitigated": 24810,
    "pin": "0",
    "sourceID": 37,
    "sourceInstance": 5,
    "targetID": 23,
    "targetInstance": 15,
    "timestamp": 845499,
    "type": "damage",
    "unmitigatedAmount": 25995,
  },
  {
    "abilityGameID": 366566,
    "absorbed": 20155,
    "amount": 0,
    "fight": 1,
    "hitType": 3,
    "mitigated": 4800,
    "pin": "0",
    "sourceID": 37,
    "sourceInstance": 5,
    "targetID": 5,
    "targetMarker": 7,
    "timestamp": 845499,
    "type": "damage",
    "unmitigatedAmount": 24955,
  },
  {
    "abilityGameID": 366566,
    "amount": 1203,
    "fight": 1,
    "hitType": 1,
    "mitigated": 24792,
    "pin": "0",
    "sourceID": 37,
    "sourceInstance": 5,
    "targetID": 24,
    "targetInstance": 46,
    "timestamp": 845499,
    "type": "damage",
    "unmitigatedAmount": 25995,
  },
  {
    "abilityGameID": 366566,
    "absorbed": 1203,
    "amount": 0,
    "fight": 1,
    "hitType": 3,
    "mitigated": 24792,
    "pin": "0",
    "sourceID": 37,
    "sourceInstance": 5,
    "targetID": 17,
    "timestamp": 845499,
    "type": "damage",
    "unmitigatedAmount": 25995,
  },
  {
    "abilityGameID": 366566,
    "amount": 23977,
    "fight": 1,
    "hitType": 1,
    "mitigated": 2018,
    "pin": "0",
    "sourceID": 37,
    "sourceInstance": 5,
    "targetID": 4,
    "timestamp": 845499,
    "type": "damage",
    "unmitigatedAmount": 25995,
  },
  {
    "abilityGameID": 366566,
    "absorbed": 10042,
    "amount": 13643,
    "fight": 1,
    "hitType": 1,
    "mitigated": 2310,
    "pin": "0",
    "sourceID": 37,
    "sourceInstance": 5,
    "targetID": 2,
    "timestamp": 845499,
    "type": "damage",
    "unmitigatedAmount": 25995,
  },
  {
    "abilityGameID": 366566,
    "amount": 25995,
    "fight": 1,
    "hitType": 1,
    "pin": "0",
    "sourceID": 37,
    "sourceInstance": 7,
    "targetID": 10,
    "targetInstance": 8,
    "timestamp": 912226,
    "type": "damage",
    "unmitigatedAmount": 25995,
  },
  {
    "abilityGameID": 366566,
    "amount": 1120,
    "fight": 1,
    "hitType": 1,
    "mitigated": 24875,
    "pin": "0",
    "sourceID": 37,
    "sourceInstance": 7,
    "targetID": 19,
    "targetInstance": 8,
    "timestamp": 912226,
    "type": "damage",
    "unmitigatedAmount": 25995,
  },
  {
    "abilityGameID": 366566,
    "amount": 25995,
    "fight": 1,
    "hitType": 1,
    "pin": "0",
    "sourceID": 37,
    "sourceInstance": 7,
    "targetID": 10,
    "targetInstance": 7,
    "timestamp": 912226,
    "type": "damage",
    "unmitigatedAmount": 25995,
  },
  {
    "abilityGameID": 366566,
    "amount": 1137,
    "fight": 1,
    "hitType": 1,
    "mitigated": 24858,
    "pin": "0",
    "sourceID": 37,
    "sourceInstance": 7,
    "targetID": 32,
    "targetInstance": 5,
    "timestamp": 912226,
    "type": "damage",
    "unmitigatedAmount": 25995,
  },
  {
    "abilityGameID": 366566,
    "amount": 1137,
    "fight": 1,
    "hitType": 1,
    "mitigated": 24858,
    "pin": "0",
    "sourceID": 37,
    "sourceInstance": 7,
    "targetID": 32,
    "targetInstance": 6,
    "timestamp": 912226,
    "type": "damage",
    "unmitigatedAmount": 25995,
  },
  {
    "abilityGameID": 366566,
    "amount": 21580,
    "fight": 1,
    "hitType": 1,
    "mitigated": 4415,
    "pin": "0",
    "sourceID": 37,
    "sourceInstance": 7,
    "targetID": 4,
    "timestamp": 912226,
    "type": "damage",
    "unmitigatedAmount": 25995,
  },
  {
    "abilityGameID": 366566,
    "absorbed": 1204,
    "amount": 0,
    "fight": 1,
    "hitType": 3,
    "mitigated": 24791,
    "pin": "0",
    "sourceID": 37,
    "sourceInstance": 7,
    "targetID": 17,
    "timestamp": 912226,
    "type": "damage",
    "unmitigatedAmount": 25995,
  },
  {
    "abilityGameID": 366566,
    "amount": 18139,
    "fight": 1,
    "hitType": 1,
    "mitigated": 6816,
    "pin": "0",
    "sourceID": 37,
    "sourceInstance": 7,
    "targetID": 5,
    "targetMarker": 7,
    "timestamp": 912226,
    "type": "damage",
    "unmitigatedAmount": 24955,
  },
  {
    "abilityGameID": 366566,
    "absorbed": 2557,
    "amount": 14496,
    "fight": 1,
    "hitType": 1,
    "mitigated": 8942,
    "pin": "0",
    "sourceID": 37,
    "sourceInstance": 7,
    "targetID": 2,
    "timestamp": 912226,
    "type": "damage",
    "unmitigatedAmount": 25995,
  },
  {
    "abilityGameID": 366566,
    "amount": 22221,
    "fight": 1,
    "hitType": 1,
    "mitigated": 3774,
    "pin": "0",
    "sourceID": 37,
    "sourceInstance": 7,
    "targetID": 1,
    "timestamp": 912226,
    "type": "damage",
    "unmitigatedAmount": 25995,
  },
  {
    "abilityGameID": 366566,
    "absorbed": 2966,
    "amount": 19602,
    "fight": 1,
    "hitType": 1,
    "mitigated": 3427,
    "pin": "0",
    "sourceID": 37,
    "sourceInstance": 7,
    "targetID": 3,
    "timestamp": 912233,
    "type": "damage",
    "unmitigatedAmount": 25995,
  },
  {
    "abilityGameID": 366406,
    "amount": 5328,
    "fight": 1,
    "hitType": 1,
    "mitigated": 520,
    "pin": "0",
    "sourceID": 41,
    "sourceInstance": 2,
    "targetID": 2,
    "timestamp": 1023263,
    "type": "damage",
    "unmitigatedAmount": 5848,
  },
  {
    "abilityGameID": 366406,
    "amount": 4723,
    "fight": 1,
    "hitType": 1,
    "mitigated": 1125,
    "pin": "0",
    "sourceID": 41,
    "sourceInstance": 2,
    "targetID": 5,
    "targetMarker": 7,
    "timestamp": 1025381,
    "type": "damage",
    "unmitigatedAmount": 5848,
  },
  {
    "abilityGameID": 366406,
    "amount": 5676,
    "fight": 1,
    "hitType": 1,
    "mitigated": 172,
    "pin": "0",
    "sourceID": 41,
    "sourceInstance": 2,
    "targetID": 1,
    "timestamp": 1028018,
    "type": "damage",
    "unmitigatedAmount": 5848,
  },
  {
    "abilityGameID": 366409,
    "absorbed": 2897,
    "amount": 47257,
    "fight": 1,
    "hitType": 1,
    "mitigated": 1838,
    "pin": "0",
    "sourceID": 41,
    "sourceInstance": 2,
    "targetID": 3,
    "timestamp": 1031146,
    "type": "damage",
    "unmitigatedAmount": 51992,
  },
  {
    "abilityGameID": 366406,
    "absorbed": 180,
    "amount": 5148,
    "fight": 1,
    "hitType": 1,
    "mitigated": 520,
    "pin": "0",
    "sourceID": 41,
    "sourceInstance": 2,
    "targetID": 2,
    "timestamp": 1034331,
    "type": "damage",
    "unmitigatedAmount": 5848,
  },
  {
    "abilityGameID": 366406,
    "amount": 5394,
    "fight": 1,
    "hitType": 1,
    "mitigated": 454,
    "pin": "0",
    "sourceID": 41,
    "sourceInstance": 2,
    "targetID": 4,
    "timestamp": 1036500,
    "type": "damage",
    "unmitigatedAmount": 5848,
  },
  {
    "abilityGameID": 366406,
    "amount": 4723,
    "fight": 1,
    "hitType": 1,
    "mitigated": 1125,
    "pin": "0",
    "sourceID": 41,
    "sourceInstance": 2,
    "targetID": 5,
    "targetMarker": 7,
    "timestamp": 1039108,
    "type": "damage",
    "unmitigatedAmount": 5848,
  },
  {
    "abilityGameID": 366406,
    "absorbed": 497,
    "amount": 5144,
    "fight": 1,
    "hitType": 1,
    "mitigated": 207,
    "pin": "0",
    "sourceID": 41,
    "sourceInstance": 2,
    "targetID": 3,
    "timestamp": 1041358,
    "type": "damage",
    "unmitigatedAmount": 5848,
  },
  {
    "abilityGameID": 366409,
    "absorbed": 4150,
    "amount": 33070,
    "fight": 1,
    "hitType": 1,
    "mitigated": 1838,
    "overkill": 12934,
    "pin": "0",
    "sourceID": 41,
    "sourceInstance": 2,
    "targetID": 3,
    "timestamp": 1044515,
    "type": "damage",
    "unmitigatedAmount": 51992,
  },
  {
    "abilityGameID": 366406,
    "amount": 4723,
    "fight": 1,
    "hitType": 1,
    "mitigated": 1125,
    "pin": "0",
    "sourceID": 41,
    "sourceInstance": 2,
    "targetID": 5,
    "targetMarker": 7,
    "timestamp": 1047237,
    "type": "damage",
    "unmitigatedAmount": 5848,
  },
  {
    "abilityGameID": 366406,
    "amount": 4541,
    "fight": 1,
    "hitType": 1,
    "mitigated": 1307,
    "pin": "0",
    "sourceID": 41,
    "sourceInstance": 2,
    "targetID": 1,
    "timestamp": 1049748,
    "type": "damage",
    "unmitigatedAmount": 5848,
  },
  {
    "abilityGameID": 366406,
    "amount": 5394,
    "fight": 1,
    "hitType": 1,
    "mitigated": 454,
    "pin": "0",
    "sourceID": 41,
    "sourceInstance": 2,
    "targetID": 4,
    "timestamp": 1052272,
    "type": "damage",
    "unmitigatedAmount": 5848,
  },
  {
    "abilityGameID": 366406,
    "absorbed": 616,
    "amount": 5025,
    "fight": 1,
    "hitType": 1,
    "mitigated": 207,
    "pin": "0",
    "sourceID": 41,
    "sourceInstance": 2,
    "targetID": 3,
    "timestamp": 1054665,
    "type": "damage",
    "unmitigatedAmount": 5848,
  },
]
`;
