// Jest Snapshot v1, https://goo.gl/fbAQLP

exports[`getMOTSEvents works 1`] = `
[
  {
    "abilityGameID": 323881,
    "pin": "0",
    "sourceID": -1,
    "targetID": 237,
    "timestamp": 35495540,
    "type": "applydebuff",
  },
  {
    "abilityGameID": 340004,
    "sourceID": 104,
    "targetID": -1,
    "timestamp": 2364699,
    "type": "begincast",
  },
]
`;
