// Jest Snapshot v1, https://goo.gl/fbAQLP

exports[`getQuakingEvents works 1`] = `
Array [
  Object {
    "abilityGameID": 240448,
    "extraAbilityGameID": 212084,
    "pin": "0",
    "sourceID": 1859,
    "sourceMarker": 6,
    "targetID": 1859,
    "targetMarker": 6,
    "timestamp": 11468002,
    "type": "interrupt",
  },
  Object {
    "abilityGameID": 240448,
    "extraAbilityGameID": 5782,
    "pin": "0",
    "sourceID": 4,
    "targetID": 4,
    "timestamp": 11547988,
    "type": "interrupt",
  },
  Object {
    "abilityGameID": 240448,
    "extraAbilityGameID": 320674,
    "pin": "0",
    "sourceID": 1846,
    "sourceMarker": 2,
    "targetID": 1846,
    "targetMarker": 2,
    "timestamp": 11607974,
    "type": "interrupt",
  },
  Object {
    "abilityGameID": 240448,
    "extraAbilityGameID": 212084,
    "pin": "0",
    "sourceID": 1859,
    "sourceMarker": 6,
    "targetID": 1859,
    "targetMarker": 6,
    "timestamp": 11648002,
    "type": "interrupt",
  },
  Object {
    "abilityGameID": 240448,
    "extraAbilityGameID": 323764,
    "pin": "0",
    "sourceID": 1804,
    "targetID": 1804,
    "timestamp": 11747990,
    "type": "interrupt",
  },
  Object {
    "abilityGameID": 240448,
    "extraAbilityGameID": 190984,
    "pin": "0",
    "sourceID": 1804,
    "targetID": 1804,
    "timestamp": 11767998,
    "type": "interrupt",
  },
  Object {
    "abilityGameID": 240448,
    "extraAbilityGameID": 194153,
    "pin": "0",
    "sourceID": 1804,
    "targetID": 1804,
    "timestamp": 11907980,
    "type": "interrupt",
  },
  Object {
    "abilityGameID": 240448,
    "extraAbilityGameID": 51505,
    "pin": "0",
    "sourceID": 1846,
    "sourceMarker": 2,
    "targetID": 1846,
    "targetMarker": 2,
    "timestamp": 12007992,
    "type": "interrupt",
  },
  Object {
    "abilityGameID": 240448,
    "extraAbilityGameID": 51505,
    "pin": "0",
    "sourceID": 1846,
    "sourceMarker": 2,
    "targetID": 1846,
    "targetMarker": 2,
    "timestamp": 12027977,
    "type": "interrupt",
  },
  Object {
    "abilityGameID": 240448,
    "extraAbilityGameID": 116858,
    "pin": "0",
    "sourceID": 4,
    "targetID": 4,
    "timestamp": 12167977,
    "type": "interrupt",
  },
  Object {
    "abilityGameID": 240448,
    "extraAbilityGameID": 48018,
    "pin": "0",
    "sourceID": 4,
    "targetID": 4,
    "timestamp": 12447979,
    "type": "interrupt",
  },
  Object {
    "abilityGameID": 240448,
    "extraAbilityGameID": 190984,
    "pin": "0",
    "sourceID": 1804,
    "targetID": 1804,
    "timestamp": 12527973,
    "type": "interrupt",
  },
  Object {
    "abilityGameID": 240448,
    "extraAbilityGameID": 8004,
    "pin": "0",
    "sourceID": 1846,
    "sourceMarker": 2,
    "targetID": 1846,
    "targetMarker": 2,
    "timestamp": 12567974,
    "type": "interrupt",
  },
  Object {
    "abilityGameID": 240448,
    "extraAbilityGameID": 51505,
    "pin": "0",
    "sourceID": 1846,
    "sourceMarker": 2,
    "targetID": 1846,
    "targetMarker": 2,
    "timestamp": 12867983,
    "type": "interrupt",
  },
  Object {
    "abilityGameID": 240448,
    "extraAbilityGameID": 212084,
    "pin": "0",
    "sourceID": 1859,
    "sourceMarker": 6,
    "targetID": 1859,
    "targetMarker": 6,
    "timestamp": 12987977,
    "type": "interrupt",
  },
  Object {
    "abilityGameID": 240448,
    "absorbed": 1439,
    "amount": 15057,
    "hitType": 1,
    "mitigated": 1304,
    "pin": "0",
    "sourceID": 1810,
    "targetID": 4,
    "timestamp": 12367985,
    "type": "damage",
    "unmitigatedAmount": 17800,
  },
  Object {
    "abilityGameID": 240448,
    "absorbed": 258,
    "amount": 14145,
    "hitType": 1,
    "mitigated": 1533,
    "pin": "0",
    "sourceID": 4,
    "targetID": 1810,
    "timestamp": 12367985,
    "type": "damage",
    "unmitigatedAmount": 15936,
  },
  Object {
    "abilityGameID": 240448,
    "amount": 13701,
    "hitType": 1,
    "mitigated": 5238,
    "pin": "0",
    "sourceID": 1859,
    "sourceMarker": 6,
    "targetID": 1804,
    "timestamp": 13187987,
    "type": "damage",
    "unmitigatedAmount": 18939,
  },
  Object {
    "abilityGameID": 240448,
    "amount": 19724,
    "hitType": 1,
    "mitigated": 7451,
    "pin": "0",
    "sourceID": 1804,
    "targetID": 1859,
    "targetMarker": 6,
    "timestamp": 13187987,
    "type": "damage",
    "unmitigatedAmount": 27175,
  },
]
`;
