// Jest Snapshot v1, https://goo.gl/fbAQLP

exports[`getSanguineEvents works 1`] = `
Array [
  Object {
    "abilityGameID": 226510,
    "amount": 21147,
    "hitType": 1,
    "pin": "0",
    "sourceID": -1,
    "targetID": 1076,
    "targetInstance": 3,
    "tick": true,
    "timestamp": 12878155,
    "type": "heal",
  },
  Object {
    "abilityGameID": 226510,
    "amount": 17301,
    "hitType": 1,
    "pin": "0",
    "sourceID": -1,
    "targetID": 1077,
    "targetInstance": 2,
    "tick": true,
    "timestamp": 12878260,
    "type": "heal",
  },
  Object {
    "abilityGameID": 226510,
    "amount": 19224,
    "hitType": 1,
    "pin": "0",
    "sourceID": -1,
    "targetID": 1074,
    "targetInstance": 4,
    "tick": true,
    "timestamp": 12878260,
    "type": "heal",
  },
  Object {
    "abilityGameID": 226510,
    "amount": 46138,
    "hitType": 1,
    "pin": "0",
    "sourceID": -1,
    "targetID": 1050,
    "targetInstance": 1,
    "tick": true,
    "timestamp": 13123920,
    "type": "heal",
  },
  Object {
    "abilityGameID": 226510,
    "amount": 46138,
    "hitType": 1,
    "pin": "0",
    "sourceID": -1,
    "targetID": 1050,
    "targetInstance": 1,
    "tick": true,
    "timestamp": 13124913,
    "type": "heal",
  },
  Object {
    "abilityGameID": 226510,
    "amount": 46138,
    "hitType": 1,
    "pin": "0",
    "sourceID": -1,
    "targetID": 1050,
    "targetInstance": 1,
    "tick": true,
    "timestamp": 13139994,
    "type": "heal",
  },
  Object {
    "abilityGameID": 226510,
    "amount": 46138,
    "hitType": 1,
    "pin": "0",
    "sourceID": -1,
    "targetID": 1050,
    "targetInstance": 1,
    "tick": true,
    "timestamp": 13140948,
    "type": "heal",
  },
  Object {
    "abilityGameID": 226510,
    "amount": 46138,
    "hitType": 1,
    "pin": "0",
    "sourceID": -1,
    "targetID": 1050,
    "targetInstance": 1,
    "tick": true,
    "timestamp": 13141956,
    "type": "heal",
  },
  Object {
    "abilityGameID": 226510,
    "amount": 46137,
    "hitType": 1,
    "pin": "0",
    "sourceID": -1,
    "targetID": 1050,
    "targetInstance": 1,
    "tick": true,
    "timestamp": 13142937,
    "type": "heal",
  },
  Object {
    "abilityGameID": 226510,
    "amount": 46138,
    "hitType": 1,
    "pin": "0",
    "sourceID": -1,
    "targetID": 1050,
    "targetInstance": 1,
    "tick": true,
    "timestamp": 13143950,
    "type": "heal",
  },
  Object {
    "abilityGameID": 226510,
    "amount": 46138,
    "hitType": 1,
    "pin": "0",
    "sourceID": -1,
    "targetID": 1050,
    "targetInstance": 1,
    "tick": true,
    "timestamp": 13144946,
    "type": "heal",
  },
  Object {
    "abilityGameID": 226510,
    "amount": 46137,
    "hitType": 1,
    "pin": "0",
    "sourceID": -1,
    "targetID": 1050,
    "targetInstance": 1,
    "tick": true,
    "timestamp": 13145957,
    "type": "heal",
  },
  Object {
    "abilityGameID": 226510,
    "amount": 8313,
    "hitType": 1,
    "overheal": 37824,
    "pin": "0",
    "sourceID": -1,
    "targetID": 1050,
    "targetInstance": 1,
    "tick": true,
    "timestamp": 13146941,
    "type": "heal",
  },
  Object {
    "abilityGameID": 226510,
    "amount": 733,
    "hitType": 1,
    "overheal": 45404,
    "pin": "0",
    "sourceID": -1,
    "targetID": 1050,
    "targetInstance": 1,
    "tick": true,
    "timestamp": 13147951,
    "type": "heal",
  },
  Object {
    "abilityGameID": 226510,
    "amount": 21147,
    "hitType": 1,
    "pin": "0",
    "sourceID": -1,
    "targetID": 1076,
    "targetInstance": 6,
    "tick": true,
    "timestamp": 13288706,
    "type": "heal",
  },
  Object {
    "abilityGameID": 226510,
    "amount": 21146,
    "hitType": 1,
    "pin": "0",
    "sourceID": -1,
    "targetID": 1076,
    "targetInstance": 5,
    "tick": true,
    "timestamp": 13288706,
    "type": "heal",
  },
  Object {
    "abilityGameID": 226510,
    "amount": 11534,
    "hitType": 1,
    "pin": "0",
    "sourceID": -1,
    "targetID": 1080,
    "targetInstance": 13,
    "tick": true,
    "timestamp": 13288725,
    "type": "heal",
  },
  Object {
    "abilityGameID": 226510,
    "amount": 11534,
    "hitType": 1,
    "pin": "0",
    "sourceID": -1,
    "targetID": 1080,
    "targetInstance": 11,
    "tick": true,
    "timestamp": 13288725,
    "type": "heal",
  },
  Object {
    "abilityGameID": 226510,
    "amount": 11534,
    "hitType": 1,
    "pin": "0",
    "sourceID": -1,
    "targetID": 1080,
    "targetInstance": 12,
    "tick": true,
    "timestamp": 13288725,
    "type": "heal",
  },
  Object {
    "abilityGameID": 226510,
    "amount": 17302,
    "hitType": 1,
    "pin": "0",
    "sourceID": -1,
    "targetID": 1078,
    "targetInstance": 7,
    "tick": true,
    "timestamp": 13288827,
    "type": "heal",
  },
  Object {
    "abilityGameID": 226510,
    "amount": 19224,
    "hitType": 1,
    "pin": "0",
    "sourceID": -1,
    "targetID": 1074,
    "targetInstance": 5,
    "tick": true,
    "timestamp": 13288827,
    "type": "heal",
  },
  Object {
    "abilityGameID": 226510,
    "amount": 17302,
    "hitType": 1,
    "pin": "0",
    "sourceID": -1,
    "targetID": 1077,
    "targetInstance": 3,
    "tick": true,
    "timestamp": 13288955,
    "type": "heal",
  },
  Object {
    "abilityGameID": 226510,
    "amount": 21146,
    "hitType": 1,
    "pin": "0",
    "sourceID": -1,
    "targetID": 1076,
    "targetInstance": 6,
    "tick": true,
    "timestamp": 13289712,
    "type": "heal",
  },
  Object {
    "abilityGameID": 226510,
    "amount": 21146,
    "hitType": 1,
    "pin": "0",
    "sourceID": -1,
    "targetID": 1076,
    "targetInstance": 5,
    "tick": true,
    "timestamp": 13289712,
    "type": "heal",
  },
  Object {
    "abilityGameID": 226510,
    "amount": 11535,
    "hitType": 1,
    "pin": "0",
    "sourceID": -1,
    "targetID": 1080,
    "targetInstance": 13,
    "tick": true,
    "timestamp": 13289712,
    "type": "heal",
  },
  Object {
    "abilityGameID": 226510,
    "amount": 11535,
    "hitType": 1,
    "pin": "0",
    "sourceID": -1,
    "targetID": 1080,
    "targetInstance": 11,
    "tick": true,
    "timestamp": 13289712,
    "type": "heal",
  },
  Object {
    "abilityGameID": 226510,
    "amount": 11534,
    "hitType": 1,
    "pin": "0",
    "sourceID": -1,
    "targetID": 1080,
    "targetInstance": 12,
    "tick": true,
    "timestamp": 13289712,
    "type": "heal",
  },
  Object {
    "abilityGameID": 226510,
    "amount": 17301,
    "hitType": 1,
    "pin": "0",
    "sourceID": -1,
    "targetID": 1078,
    "targetInstance": 7,
    "tick": true,
    "timestamp": 13289831,
    "type": "heal",
  },
  Object {
    "abilityGameID": 226510,
    "amount": 17302,
    "hitType": 1,
    "pin": "0",
    "sourceID": -1,
    "targetID": 1077,
    "targetInstance": 3,
    "tick": true,
    "timestamp": 13289925,
    "type": "heal",
  },
  Object {
    "abilityGameID": 226510,
    "amount": 21146,
    "hitType": 1,
    "pin": "0",
    "sourceID": -1,
    "targetID": 1076,
    "targetInstance": 5,
    "tick": true,
    "timestamp": 13290706,
    "type": "heal",
  },
  Object {
    "abilityGameID": 226510,
    "amount": 21146,
    "hitType": 1,
    "pin": "0",
    "sourceID": -1,
    "targetID": 1076,
    "targetInstance": 6,
    "tick": true,
    "timestamp": 13290706,
    "type": "heal",
  },
  Object {
    "abilityGameID": 226510,
    "amount": 11534,
    "hitType": 1,
    "pin": "0",
    "sourceID": -1,
    "targetID": 1080,
    "targetInstance": 11,
    "tick": true,
    "timestamp": 13290730,
    "type": "heal",
  },
  Object {
    "abilityGameID": 226510,
    "amount": 11535,
    "hitType": 1,
    "pin": "0",
    "sourceID": -1,
    "targetID": 1080,
    "targetInstance": 13,
    "tick": true,
    "timestamp": 13290730,
    "type": "heal",
  },
  Object {
    "abilityGameID": 226510,
    "amount": 11535,
    "hitType": 1,
    "pin": "0",
    "sourceID": -1,
    "targetID": 1080,
    "targetInstance": 12,
    "tick": true,
    "timestamp": 13290730,
    "type": "heal",
  },
  Object {
    "abilityGameID": 226510,
    "amount": 17302,
    "hitType": 1,
    "pin": "0",
    "sourceID": -1,
    "targetID": 1078,
    "targetInstance": 7,
    "tick": true,
    "timestamp": 13290832,
    "type": "heal",
  },
  Object {
    "abilityGameID": 226510,
    "amount": 17301,
    "hitType": 1,
    "pin": "0",
    "sourceID": -1,
    "targetID": 1077,
    "targetInstance": 3,
    "tick": true,
    "timestamp": 13290931,
    "type": "heal",
  },
  Object {
    "abilityGameID": 226510,
    "amount": 11534,
    "hitType": 1,
    "pin": "0",
    "sourceID": -1,
    "targetID": 1080,
    "targetInstance": 12,
    "tick": true,
    "timestamp": 13291714,
    "type": "heal",
  },
  Object {
    "abilityGameID": 226510,
    "amount": 11534,
    "hitType": 1,
    "pin": "0",
    "sourceID": -1,
    "targetID": 1080,
    "targetInstance": 11,
    "tick": true,
    "timestamp": 13291714,
    "type": "heal",
  },
  Object {
    "abilityGameID": 226510,
    "amount": 17302,
    "hitType": 1,
    "pin": "0",
    "sourceID": -1,
    "targetID": 1078,
    "targetInstance": 7,
    "tick": true,
    "timestamp": 13291839,
    "type": "heal",
  },
  Object {
    "abilityGameID": 226510,
    "amount": 17301,
    "hitType": 1,
    "pin": "0",
    "sourceID": -1,
    "targetID": 1077,
    "targetInstance": 3,
    "tick": true,
    "timestamp": 13291934,
    "type": "heal",
  },
  Object {
    "abilityGameID": 226510,
    "amount": 21146,
    "hitType": 1,
    "pin": "0",
    "sourceID": -1,
    "targetID": 1076,
    "targetInstance": 5,
    "tick": true,
    "timestamp": 13293319,
    "type": "heal",
  },
  Object {
    "abilityGameID": 226510,
    "amount": 21146,
    "hitType": 1,
    "pin": "0",
    "sourceID": -1,
    "targetID": 1076,
    "targetInstance": 6,
    "tick": true,
    "timestamp": 13293319,
    "type": "heal",
  },
  Object {
    "abilityGameID": 226510,
    "amount": 19224,
    "hitType": 1,
    "pin": "0",
    "sourceID": -1,
    "targetID": 1074,
    "targetInstance": 5,
    "tick": true,
    "timestamp": 13293713,
    "type": "heal",
  },
  Object {
    "abilityGameID": 226510,
    "amount": 11534,
    "hitType": 1,
    "pin": "0",
    "sourceID": -1,
    "targetID": 1080,
    "targetInstance": 13,
    "tick": true,
    "timestamp": 13294113,
    "type": "heal",
  },
  Object {
    "abilityGameID": 226510,
    "amount": 21147,
    "hitType": 1,
    "pin": "0",
    "sourceID": -1,
    "targetID": 1076,
    "targetInstance": 5,
    "tick": true,
    "timestamp": 13294302,
    "type": "heal",
  },
  Object {
    "abilityGameID": 226510,
    "amount": 21146,
    "hitType": 1,
    "pin": "0",
    "sourceID": -1,
    "targetID": 1076,
    "targetInstance": 6,
    "tick": true,
    "timestamp": 13294302,
    "type": "heal",
  },
  Object {
    "abilityGameID": 226510,
    "amount": 11535,
    "hitType": 1,
    "pin": "0",
    "sourceID": -1,
    "targetID": 1080,
    "targetInstance": 11,
    "tick": true,
    "timestamp": 13294512,
    "type": "heal",
  },
  Object {
    "abilityGameID": 226510,
    "amount": 19224,
    "hitType": 1,
    "pin": "0",
    "sourceID": -1,
    "targetID": 1074,
    "targetInstance": 5,
    "tick": true,
    "timestamp": 13294713,
    "type": "heal",
  },
  Object {
    "abilityGameID": 226510,
    "amount": 19224,
    "hitType": 1,
    "pin": "0",
    "sourceID": -1,
    "targetID": 1074,
    "targetInstance": 5,
    "tick": true,
    "timestamp": 13295703,
    "type": "heal",
  },
  Object {
    "abilityGameID": 226510,
    "amount": 19224,
    "hitType": 1,
    "pin": "0",
    "sourceID": -1,
    "targetID": 1074,
    "targetInstance": 5,
    "tick": true,
    "timestamp": 13296716,
    "type": "heal",
  },
  Object {
    "abilityGameID": 226510,
    "amount": 17301,
    "hitType": 1,
    "pin": "0",
    "sourceID": -1,
    "targetID": 1078,
    "targetInstance": 7,
    "tick": true,
    "timestamp": 13300578,
    "type": "heal",
  },
  Object {
    "abilityGameID": 226510,
    "amount": 11534,
    "hitType": 1,
    "pin": "0",
    "sourceID": -1,
    "targetID": 1080,
    "targetInstance": 12,
    "tick": true,
    "timestamp": 13300616,
    "type": "heal",
  },
  Object {
    "abilityGameID": 226510,
    "amount": 17301,
    "hitType": 1,
    "pin": "0",
    "sourceID": -1,
    "targetID": 1078,
    "targetInstance": 7,
    "tick": true,
    "timestamp": 13301548,
    "type": "heal",
  },
  Object {
    "abilityGameID": 226510,
    "amount": 17302,
    "hitType": 1,
    "pin": "0",
    "sourceID": -1,
    "targetID": 1078,
    "targetInstance": 7,
    "tick": true,
    "timestamp": 13302568,
    "type": "heal",
  },
  Object {
    "abilityGameID": 226510,
    "amount": 17302,
    "hitType": 1,
    "pin": "0",
    "sourceID": -1,
    "targetID": 1078,
    "targetInstance": 7,
    "tick": true,
    "timestamp": 13303538,
    "type": "heal",
  },
  Object {
    "abilityGameID": 226510,
    "amount": 17302,
    "hitType": 1,
    "pin": "0",
    "sourceID": -1,
    "targetID": 1078,
    "targetInstance": 7,
    "tick": true,
    "timestamp": 13304540,
    "type": "heal",
  },
  Object {
    "abilityGameID": 226510,
    "amount": 17302,
    "hitType": 1,
    "pin": "0",
    "sourceID": -1,
    "targetID": 1078,
    "targetInstance": 7,
    "tick": true,
    "timestamp": 13305544,
    "type": "heal",
  },
  Object {
    "abilityGameID": 226510,
    "amount": 19224,
    "hitType": 1,
    "pin": "0",
    "sourceID": -1,
    "targetID": 1074,
    "targetInstance": 5,
    "tick": true,
    "timestamp": 13309101,
    "type": "heal",
  },
  Object {
    "abilityGameID": 226510,
    "amount": 19224,
    "hitType": 1,
    "pin": "0",
    "sourceID": -1,
    "targetID": 1074,
    "targetInstance": 5,
    "tick": true,
    "timestamp": 13310108,
    "type": "heal",
  },
  Object {
    "abilityGameID": 226510,
    "amount": 17302,
    "hitType": 1,
    "pin": "0",
    "sourceID": -1,
    "targetID": 1077,
    "targetInstance": 3,
    "tick": true,
    "timestamp": 13310339,
    "type": "heal",
  },
  Object {
    "abilityGameID": 226510,
    "amount": 38448,
    "hitType": 1,
    "pin": "0",
    "sourceID": -1,
    "targetID": 1074,
    "targetInstance": 5,
    "tick": true,
    "timestamp": 13311095,
    "type": "heal",
  },
  Object {
    "abilityGameID": 226510,
    "amount": 17302,
    "hitType": 1,
    "pin": "0",
    "sourceID": -1,
    "targetID": 1077,
    "targetInstance": 3,
    "tick": true,
    "timestamp": 13311342,
    "type": "heal",
  },
  Object {
    "abilityGameID": 226510,
    "amount": 21146,
    "hitType": 1,
    "pin": "0",
    "sourceID": -1,
    "targetID": 1076,
    "targetInstance": 5,
    "tick": true,
    "timestamp": 13311830,
    "type": "heal",
  },
  Object {
    "abilityGameID": 226510,
    "amount": 17301,
    "hitType": 1,
    "pin": "0",
    "sourceID": -1,
    "targetID": 1077,
    "targetInstance": 3,
    "tick": true,
    "timestamp": 13312354,
    "type": "heal",
  },
  Object {
    "abilityGameID": 226510,
    "amount": 17301,
    "hitType": 1,
    "pin": "0",
    "sourceID": -1,
    "targetID": 1078,
    "targetInstance": 7,
    "tick": true,
    "timestamp": 13336662,
    "type": "heal",
  },
  Object {
    "abilityGameID": 226510,
    "amount": 17301,
    "hitType": 1,
    "pin": "0",
    "sourceID": -1,
    "targetID": 1078,
    "targetInstance": 9,
    "tick": true,
    "timestamp": 13388406,
    "type": "heal",
  },
  Object {
    "abilityGameID": 226510,
    "amount": 21146,
    "hitType": 1,
    "pin": "0",
    "sourceID": -1,
    "targetID": 1076,
    "targetInstance": 7,
    "tick": true,
    "timestamp": 13531242,
    "type": "heal",
  },
  Object {
    "abilityGameID": 226510,
    "amount": 21147,
    "hitType": 1,
    "pin": "0",
    "sourceID": -1,
    "targetID": 1076,
    "targetInstance": 8,
    "tick": true,
    "timestamp": 13531403,
    "type": "heal",
  },
  Object {
    "abilityGameID": 226510,
    "amount": 19224,
    "hitType": 1,
    "pin": "0",
    "sourceID": -1,
    "targetID": 1074,
    "targetInstance": 6,
    "tick": true,
    "timestamp": 13531403,
    "type": "heal",
  },
  Object {
    "abilityGameID": 226510,
    "amount": 21147,
    "hitType": 1,
    "pin": "0",
    "sourceID": -1,
    "targetID": 1076,
    "targetInstance": 7,
    "tick": true,
    "timestamp": 13532218,
    "type": "heal",
  },
  Object {
    "abilityGameID": 226510,
    "amount": 21146,
    "hitType": 1,
    "pin": "0",
    "sourceID": -1,
    "targetID": 1076,
    "targetInstance": 8,
    "tick": true,
    "timestamp": 13532393,
    "type": "heal",
  },
  Object {
    "abilityGameID": 226510,
    "amount": 19224,
    "hitType": 1,
    "pin": "0",
    "sourceID": -1,
    "targetID": 1074,
    "targetInstance": 6,
    "tick": true,
    "timestamp": 13532393,
    "type": "heal",
  },
  Object {
    "abilityGameID": 226510,
    "amount": 19224,
    "hitType": 1,
    "pin": "0",
    "sourceID": -1,
    "targetID": 1074,
    "targetInstance": 6,
    "tick": true,
    "timestamp": 13537009,
    "type": "heal",
  },
  Object {
    "abilityGameID": 226510,
    "amount": 19224,
    "hitType": 1,
    "pin": "0",
    "sourceID": -1,
    "targetID": 1074,
    "targetInstance": 6,
    "tick": true,
    "timestamp": 13538024,
    "type": "heal",
  },
  Object {
    "abilityGameID": 226510,
    "amount": 19224,
    "hitType": 1,
    "pin": "0",
    "sourceID": -1,
    "targetID": 1074,
    "targetInstance": 6,
    "tick": true,
    "timestamp": 13540756,
    "type": "heal",
  },
  Object {
    "abilityGameID": 226510,
    "amount": 19224,
    "hitType": 1,
    "pin": "0",
    "sourceID": -1,
    "targetID": 1074,
    "targetInstance": 6,
    "tick": true,
    "timestamp": 13541737,
    "type": "heal",
  },
  Object {
    "abilityGameID": 226510,
    "amount": 19224,
    "hitType": 1,
    "pin": "0",
    "sourceID": -1,
    "targetID": 1074,
    "targetInstance": 6,
    "tick": true,
    "timestamp": 13542737,
    "type": "heal",
  },
  Object {
    "abilityGameID": 226510,
    "amount": 19224,
    "hitType": 1,
    "pin": "0",
    "sourceID": -1,
    "targetID": 1074,
    "targetInstance": 6,
    "tick": true,
    "timestamp": 13543730,
    "type": "heal",
  },
  Object {
    "abilityGameID": 226510,
    "amount": 11534,
    "hitType": 1,
    "pin": "0",
    "sourceID": -1,
    "targetID": 1080,
    "targetInstance": 15,
    "tick": true,
    "timestamp": 13722433,
    "type": "heal",
  },
  Object {
    "abilityGameID": 226510,
    "amount": 17301,
    "hitType": 1,
    "pin": "0",
    "sourceID": -1,
    "targetID": 1078,
    "targetInstance": 12,
    "tick": true,
    "timestamp": 13722510,
    "type": "heal",
  },
  Object {
    "abilityGameID": 226510,
    "amount": 11535,
    "hitType": 1,
    "pin": "0",
    "sourceID": -1,
    "targetID": 1080,
    "targetInstance": 18,
    "tick": true,
    "timestamp": 13722510,
    "type": "heal",
  },
  Object {
    "abilityGameID": 226510,
    "amount": 17302,
    "hitType": 1,
    "pin": "0",
    "sourceID": -1,
    "targetID": 1078,
    "targetInstance": 11,
    "tick": true,
    "timestamp": 13722510,
    "type": "heal",
  },
  Object {
    "abilityGameID": 226510,
    "amount": 11535,
    "hitType": 1,
    "pin": "0",
    "sourceID": -1,
    "targetID": 1080,
    "targetInstance": 15,
    "tick": true,
    "timestamp": 13723434,
    "type": "heal",
  },
  Object {
    "abilityGameID": 226510,
    "amount": 11535,
    "hitType": 1,
    "pin": "0",
    "sourceID": -1,
    "targetID": 1080,
    "targetInstance": 18,
    "tick": true,
    "timestamp": 13723496,
    "type": "heal",
  },
  Object {
    "abilityGameID": 226510,
    "amount": 17301,
    "hitType": 1,
    "pin": "0",
    "sourceID": -1,
    "targetID": 1078,
    "targetInstance": 12,
    "tick": true,
    "timestamp": 13723496,
    "type": "heal",
  },
  Object {
    "abilityGameID": 226510,
    "amount": 17302,
    "hitType": 1,
    "pin": "0",
    "sourceID": -1,
    "targetID": 1078,
    "targetInstance": 11,
    "tick": true,
    "timestamp": 13723496,
    "type": "heal",
  },
  Object {
    "abilityGameID": 226510,
    "amount": 11534,
    "hitType": 1,
    "pin": "0",
    "sourceID": -1,
    "targetID": 1080,
    "targetInstance": 15,
    "tick": true,
    "timestamp": 13724415,
    "type": "heal",
  },
  Object {
    "abilityGameID": 226510,
    "amount": 17302,
    "hitType": 1,
    "pin": "0",
    "sourceID": -1,
    "targetID": 1078,
    "targetInstance": 12,
    "tick": true,
    "timestamp": 13724498,
    "type": "heal",
  },
  Object {
    "abilityGameID": 226510,
    "amount": 17302,
    "hitType": 1,
    "pin": "0",
    "sourceID": -1,
    "targetID": 1078,
    "targetInstance": 11,
    "tick": true,
    "timestamp": 13724498,
    "type": "heal",
  },
  Object {
    "abilityGameID": 226510,
    "amount": 11535,
    "hitType": 1,
    "pin": "0",
    "sourceID": -1,
    "targetID": 1080,
    "targetInstance": 17,
    "tick": true,
    "timestamp": 13724944,
    "type": "heal",
  },
  Object {
    "abilityGameID": 226510,
    "amount": 11534,
    "hitType": 1,
    "pin": "0",
    "sourceID": -1,
    "targetID": 1080,
    "targetInstance": 15,
    "tick": true,
    "timestamp": 13725415,
    "type": "heal",
  },
  Object {
    "abilityGameID": 226510,
    "amount": 17301,
    "hitType": 1,
    "pin": "0",
    "sourceID": -1,
    "targetID": 1078,
    "targetInstance": 12,
    "tick": true,
    "timestamp": 13725510,
    "type": "heal",
  },
  Object {
    "abilityGameID": 226510,
    "amount": 17301,
    "hitType": 1,
    "pin": "0",
    "sourceID": -1,
    "targetID": 1078,
    "targetInstance": 11,
    "tick": true,
    "timestamp": 13725510,
    "type": "heal",
  },
  Object {
    "abilityGameID": 226510,
    "amount": 17301,
    "hitType": 1,
    "pin": "0",
    "sourceID": -1,
    "targetID": 1078,
    "targetInstance": 11,
    "tick": true,
    "timestamp": 13726518,
    "type": "heal",
  },
  Object {
    "abilityGameID": 226510,
    "amount": 17301,
    "hitType": 1,
    "pin": "0",
    "sourceID": -1,
    "targetID": 1078,
    "targetInstance": 12,
    "tick": true,
    "timestamp": 13726518,
    "type": "heal",
  },
  Object {
    "abilityGameID": 226510,
    "amount": 17302,
    "hitType": 1,
    "pin": "0",
    "sourceID": -1,
    "targetID": 1078,
    "targetInstance": 12,
    "tick": true,
    "timestamp": 13727502,
    "type": "heal",
  },
  Object {
    "abilityGameID": 226510,
    "amount": 17302,
    "hitType": 1,
    "pin": "0",
    "sourceID": -1,
    "targetID": 1078,
    "targetInstance": 11,
    "tick": true,
    "timestamp": 13727502,
    "type": "heal",
  },
  Object {
    "abilityGameID": 226510,
    "amount": 17302,
    "hitType": 1,
    "pin": "0",
    "sourceID": -1,
    "targetID": 1078,
    "targetInstance": 12,
    "tick": true,
    "timestamp": 13728491,
    "type": "heal",
  },
  Object {
    "abilityGameID": 226510,
    "amount": 17302,
    "hitType": 1,
    "pin": "0",
    "sourceID": -1,
    "targetID": 1078,
    "targetInstance": 11,
    "tick": true,
    "timestamp": 13728507,
    "type": "heal",
  },
  Object {
    "abilityGameID": 226510,
    "amount": 17302,
    "hitType": 1,
    "pin": "0",
    "sourceID": -1,
    "targetID": 1078,
    "targetInstance": 11,
    "tick": true,
    "timestamp": 13729495,
    "type": "heal",
  },
  Object {
    "abilityGameID": 226510,
    "amount": 17302,
    "hitType": 1,
    "pin": "0",
    "sourceID": -1,
    "targetID": 1078,
    "targetInstance": 11,
    "tick": true,
    "timestamp": 13730525,
    "type": "heal",
  },
  Object {
    "abilityGameID": 226510,
    "amount": 17302,
    "hitType": 1,
    "pin": "0",
    "sourceID": -1,
    "targetID": 1078,
    "targetInstance": 11,
    "tick": true,
    "timestamp": 13731506,
    "type": "heal",
  },
  Object {
    "abilityGameID": 226510,
    "amount": 17301,
    "hitType": 1,
    "pin": "0",
    "sourceID": -1,
    "targetID": 1078,
    "targetInstance": 12,
    "tick": true,
    "timestamp": 13733931,
    "type": "heal",
  },
  Object {
    "abilityGameID": 226510,
    "amount": 19224,
    "hitType": 1,
    "pin": "0",
    "sourceID": -1,
    "targetID": 1074,
    "targetInstance": 7,
    "tick": true,
    "timestamp": 13736130,
    "type": "heal",
  },
  Object {
    "abilityGameID": 226510,
    "amount": 19224,
    "hitType": 1,
    "pin": "0",
    "sourceID": -1,
    "targetID": 1074,
    "targetInstance": 7,
    "tick": true,
    "timestamp": 13737121,
    "type": "heal",
  },
  Object {
    "abilityGameID": 226510,
    "amount": 38448,
    "hitType": 1,
    "pin": "0",
    "sourceID": -1,
    "targetID": 1074,
    "targetInstance": 7,
    "tick": true,
    "timestamp": 13738127,
    "type": "heal",
  },
  Object {
    "abilityGameID": 226510,
    "amount": 21146,
    "hitType": 1,
    "pin": "0",
    "sourceID": -1,
    "targetID": 1076,
    "targetInstance": 9,
    "tick": true,
    "timestamp": 14110882,
    "type": "heal",
  },
  Object {
    "abilityGameID": 226510,
    "amount": 21147,
    "hitType": 1,
    "pin": "0",
    "sourceID": -1,
    "targetID": 1076,
    "targetInstance": 11,
    "tick": true,
    "timestamp": 14110882,
    "type": "heal",
  },
  Object {
    "abilityGameID": 226510,
    "amount": 21146,
    "hitType": 1,
    "pin": "0",
    "sourceID": -1,
    "targetID": 1076,
    "targetInstance": 10,
    "tick": true,
    "timestamp": 14111007,
    "type": "heal",
  },
  Object {
    "abilityGameID": 226510,
    "amount": 19224,
    "hitType": 1,
    "pin": "0",
    "sourceID": -1,
    "targetID": 1161,
    "targetInstance": 2,
    "tick": true,
    "timestamp": 14191875,
    "type": "heal",
  },
  Object {
    "abilityGameID": 226510,
    "amount": 19224,
    "hitType": 1,
    "pin": "0",
    "sourceID": -1,
    "targetID": 1161,
    "targetInstance": 2,
    "tick": true,
    "timestamp": 14192861,
    "type": "heal",
  },
  Object {
    "abilityGameID": 226510,
    "amount": 19224,
    "hitType": 1,
    "pin": "0",
    "sourceID": -1,
    "targetID": 1161,
    "targetInstance": 2,
    "tick": true,
    "timestamp": 14193889,
    "type": "heal",
  },
  Object {
    "abilityGameID": 226510,
    "amount": 19224,
    "hitType": 1,
    "pin": "0",
    "sourceID": -1,
    "targetID": 1161,
    "targetInstance": 2,
    "tick": true,
    "timestamp": 14194881,
    "type": "heal",
  },
  Object {
    "abilityGameID": 226510,
    "amount": 19224,
    "hitType": 1,
    "pin": "0",
    "sourceID": -1,
    "targetID": 1161,
    "targetInstance": 2,
    "tick": true,
    "timestamp": 14195883,
    "type": "heal",
  },
  Object {
    "abilityGameID": 226512,
    "amount": 5261,
    "hitType": 1,
    "mitigated": 165,
    "pin": "0",
    "sourceID": -1,
    "sourceMarker": 2,
    "targetID": 294,
    "targetMarker": 2,
    "tick": true,
    "timestamp": 12897350,
    "type": "damage",
    "unmitigatedAmount": 5426,
  },
  Object {
    "abilityGameID": 226512,
    "amount": 5261,
    "hitType": 1,
    "mitigated": 165,
    "pin": "0",
    "sourceID": -1,
    "sourceMarker": 2,
    "targetID": 294,
    "targetMarker": 2,
    "tick": true,
    "timestamp": 12897875,
    "type": "damage",
    "unmitigatedAmount": 5426,
  },
  Object {
    "abilityGameID": 226512,
    "amount": 8142,
    "hitType": 1,
    "mitigated": 8212,
    "pin": "0",
    "sourceID": -1,
    "sourceMarker": 6,
    "targetID": 330,
    "targetMarker": 6,
    "tick": true,
    "timestamp": 13129280,
    "type": "damage",
    "unmitigatedAmount": 16354,
  },
  Object {
    "abilityGameID": 226512,
    "amount": 5428,
    "hitType": 1,
    "mitigated": 5475,
    "pin": "0",
    "sourceID": -1,
    "sourceMarker": 6,
    "targetID": 330,
    "targetMarker": 6,
    "tick": true,
    "timestamp": 13390013,
    "type": "damage",
    "unmitigatedAmount": 10903,
  },
  Object {
    "abilityGameID": 226512,
    "amount": 5428,
    "hitType": 1,
    "mitigated": 5475,
    "pin": "0",
    "sourceID": -1,
    "sourceMarker": 6,
    "targetID": 330,
    "targetMarker": 6,
    "tick": true,
    "timestamp": 13530216,
    "type": "damage",
    "unmitigatedAmount": 10903,
  },
  Object {
    "abilityGameID": 226512,
    "amount": 5428,
    "hitType": 1,
    "mitigated": 5475,
    "pin": "0",
    "sourceID": -1,
    "sourceMarker": 6,
    "targetID": 330,
    "targetMarker": 6,
    "tick": true,
    "timestamp": 13531242,
    "type": "damage",
    "unmitigatedAmount": 10903,
  },
  Object {
    "abilityGameID": 226512,
    "amount": 6006,
    "hitType": 1,
    "mitigated": 328,
    "pin": "0",
    "sourceID": -1,
    "targetID": 320,
    "tick": true,
    "timestamp": 13553089,
    "type": "damage",
    "unmitigatedAmount": 6334,
  },
  Object {
    "abilityGameID": 226512,
    "amount": 8142,
    "hitType": 1,
    "mitigated": 8212,
    "pin": "0",
    "sourceID": -1,
    "sourceMarker": 6,
    "targetID": 330,
    "targetMarker": 6,
    "tick": true,
    "timestamp": 14109447,
    "type": "damage",
    "unmitigatedAmount": 16354,
  },
  Object {
    "abilityGameID": 226512,
    "amount": 8142,
    "hitType": 1,
    "mitigated": 8212,
    "pin": "0",
    "sourceID": -1,
    "sourceMarker": 6,
    "targetID": 330,
    "targetMarker": 6,
    "tick": true,
    "timestamp": 14110443,
    "type": "damage",
    "unmitigatedAmount": 16354,
  },
  Object {
    "abilityGameID": 226512,
    "absorbed": 5417,
    "amount": 0,
    "hitType": 3,
    "mitigated": 447,
    "pin": "0",
    "sourceID": -1,
    "targetID": 307,
    "tick": true,
    "timestamp": 14138169,
    "type": "damage",
    "unmitigatedAmount": 5864,
  },
  Object {
    "abilityGameID": 226512,
    "absorbed": 3597,
    "amount": 1820,
    "hitType": 1,
    "mitigated": 447,
    "pin": "0",
    "sourceID": -1,
    "targetID": 307,
    "tick": true,
    "timestamp": 14138951,
    "type": "damage",
    "unmitigatedAmount": 5864,
  },
  Object {
    "abilityGameID": 226512,
    "absorbed": 5428,
    "amount": 0,
    "hitType": 3,
    "mitigated": 5475,
    "pin": "0",
    "sourceID": -1,
    "sourceMarker": 6,
    "targetID": 330,
    "targetMarker": 6,
    "tick": true,
    "timestamp": 14187537,
    "type": "damage",
    "unmitigatedAmount": 10903,
  },
]
`;
