// Jest Snapshot v1, https://goo.gl/fbAQLP

exports[`getSOAEvents works 1`] = `
[
  {
    "abilityGameID": 339917,
    "pin": "0",
    "sourceID": -1,
    "targetID": 84,
    "targetInstance": 8,
    "timestamp": 11913707,
    "type": "applydebuff",
  },
  {
    "abilityGameID": 339917,
    "pin": "0",
    "sourceID": -1,
    "targetID": 85,
    "targetInstance": 17,
    "timestamp": 11913707,
    "type": "applydebuff",
  },
  {
    "abilityGameID": 339917,
    "pin": "0",
    "sourceID": -1,
    "targetID": 72,
    "targetInstance": 5,
    "timestamp": 11913707,
    "type": "applydebuff",
  },
  {
    "abilityGameID": 339917,
    "pin": "0",
    "sourceID": -1,
    "targetID": 83,
    "targetInstance": 2,
    "timestamp": 11913707,
    "type": "applydebuff",
  },
  {
    "abilityGameID": 339917,
    "pin": "0",
    "sourceID": -1,
    "targetID": 85,
    "targetInstance": 6,
    "timestamp": 11913707,
    "type": "applydebuff",
  },
  {
    "abilityGameID": 339917,
    "pin": "0",
    "sourceID": -1,
    "targetID": 85,
    "targetInstance": 7,
    "timestamp": 11913707,
    "type": "applydebuff",
  },
  {
    "abilityGameID": 339917,
    "pin": "0",
    "sourceID": -1,
    "targetID": 85,
    "targetInstance": 10,
    "timestamp": 11913707,
    "type": "applydebuff",
  },
  {
    "abilityGameID": 339917,
    "pin": "0",
    "sourceID": -1,
    "targetID": 85,
    "targetInstance": 9,
    "timestamp": 11913707,
    "type": "applydebuff",
  },
  {
    "abilityGameID": 339917,
    "pin": "0",
    "sourceID": -1,
    "targetID": 85,
    "targetInstance": 8,
    "timestamp": 11913879,
    "type": "applydebuff",
  },
  {
    "abilityGameID": 339917,
    "pin": "0",
    "sourceID": -1,
    "targetID": 73,
    "timestamp": 12840160,
    "type": "applydebuff",
  },
]
`;
