// Jest Snapshot v1, https://goo.gl/fbAQLP

exports[`getTormentedEvents works 1`] = `
[
  {
    "abilityGameID": 357900,
    "pin": "0",
    "sourceID": -1,
    "sourceMarker": 2,
    "targetID": 6,
    "targetMarker": 2,
    "timestamp": 4094243,
    "type": "applybuff",
  },
  {
    "abilityGameID": 357897,
    "pin": "0",
    "sourceID": 1,
    "sourceMarker": 7,
    "targetID": 1,
    "targetMarker": 7,
    "timestamp": 4095304,
    "type": "applybuff",
  },
  {
    "abilityGameID": 357575,
    "pin": "0",
    "sourceID": 2,
    "targetID": 2,
    "timestamp": 4096033,
    "type": "applybuff",
  },
  {
    "abilityGameID": 357575,
    "pin": "0",
    "sourceID": 9,
    "targetID": 9,
    "timestamp": 4096613,
    "type": "applybuff",
  },
  {
    "abilityGameID": 357575,
    "pin": "0",
    "sourceID": 8,
    "targetID": 8,
    "timestamp": 4098344,
    "type": "applybuff",
  },
  {
    "abilityGameID": 357817,
    "pin": "0",
    "sourceID": 1,
    "sourceMarker": 7,
    "targetID": 1,
    "targetMarker": 7,
    "timestamp": 4498851,
    "type": "applybuff",
  },
  {
    "abilityGameID": 357814,
    "pin": "0",
    "sourceID": -1,
    "targetID": 9,
    "timestamp": 4500940,
    "type": "applybuff",
  },
  {
    "abilityGameID": 357825,
    "pin": "0",
    "sourceID": -1,
    "targetID": 8,
    "timestamp": 4504750,
    "type": "applybuff",
  },
  {
    "abilityGameID": 357815,
    "pin": "0",
    "sourceID": 6,
    "sourceMarker": 2,
    "targetID": 6,
    "targetMarker": 2,
    "timestamp": 4506129,
    "type": "applybuff",
  },
  {
    "abilityGameID": 357825,
    "pin": "0",
    "sourceID": -1,
    "targetID": 2,
    "timestamp": 4510612,
    "type": "applybuff",
  },
  {
    "abilityGameID": 357706,
    "pin": "0",
    "sourceID": 2,
    "targetID": 2,
    "timestamp": 4741467,
    "type": "applybuff",
  },
  {
    "abilityGameID": 357863,
    "pin": "0",
    "sourceID": 1,
    "sourceMarker": 7,
    "targetID": 1,
    "targetMarker": 7,
    "timestamp": 4741845,
    "type": "applybuff",
  },
  {
    "abilityGameID": 357575,
    "pin": "0",
    "sourceID": 9,
    "stack": 2,
    "targetID": 9,
    "timestamp": 4742709,
    "type": "applybuffstack",
  },
  {
    "abilityGameID": 357575,
    "pin": "0",
    "sourceID": 8,
    "stack": 2,
    "targetID": 8,
    "timestamp": 4743923,
    "type": "applybuffstack",
  },
  {
    "abilityGameID": 357747,
    "pin": "0",
    "sourceID": 6,
    "sourceMarker": 2,
    "targetID": 6,
    "targetMarker": 2,
    "timestamp": 4749497,
    "type": "applybuff",
  },
  {
    "abilityGameID": 356828,
    "pin": "0",
    "sourceID": 1,
    "targetID": 1,
    "timestamp": 5461614,
    "type": "applybuff",
  },
  {
    "abilityGameID": 357524,
    "pin": "0",
    "sourceID": 2,
    "targetID": 2,
    "timestamp": 5463026,
    "type": "applybuff",
  },
  {
    "abilityGameID": 357524,
    "pin": "0",
    "sourceID": 9,
    "targetID": 9,
    "timestamp": 5463652,
    "type": "applybuff",
  },
  {
    "abilityGameID": 357556,
    "pin": "0",
    "sourceID": 6,
    "sourceMarker": 2,
    "targetID": 6,
    "targetMarker": 2,
    "timestamp": 5465915,
    "type": "applybuff",
  },
  {
    "abilityGameID": 356828,
    "pin": "0",
    "sourceID": 8,
    "targetID": 8,
    "timestamp": 5466022,
    "type": "applybuff",
  },
]
`;
