// Jest Snapshot v1, https://goo.gl/fbAQLP

exports[`getVolcanicEvents works 1`] = `
Array [
  Object {
    "abilityGameID": 209862,
    "absorbed": 7284,
    "amount": 0,
    "fight": 3,
    "hitType": 3,
    "mitigated": 1108,
    "pin": "0",
    "sourceID": -1,
    "targetID": 5,
    "timestamp": 619235,
    "type": "damage",
    "unmitigatedAmount": 8392,
  },
  Object {
    "abilityGameID": 209862,
    "absorbed": 7284,
    "amount": 0,
    "fight": 3,
    "hitType": 3,
    "mitigated": 1108,
    "pin": "0",
    "sourceID": -1,
    "targetID": 5,
    "timestamp": 659229,
    "type": "damage",
    "unmitigatedAmount": 8392,
  },
  Object {
    "abilityGameID": 209862,
    "absorbed": 5827,
    "amount": 0,
    "fight": 3,
    "hitType": 3,
    "mitigated": 2565,
    "pin": "0",
    "sourceID": -1,
    "targetID": 5,
    "timestamp": 700383,
    "type": "damage",
    "unmitigatedAmount": 8392,
  },
  Object {
    "abilityGameID": 209862,
    "absorbed": 4497,
    "amount": 2788,
    "fight": 3,
    "hitType": 1,
    "mitigated": 1107,
    "pin": "0",
    "sourceID": -1,
    "targetID": 5,
    "timestamp": 832237,
    "type": "damage",
    "unmitigatedAmount": 8392,
  },
  Object {
    "abilityGameID": 209862,
    "amount": 7927,
    "fight": 3,
    "hitType": 1,
    "mitigated": 2688,
    "pin": "0",
    "sourceID": -1,
    "targetID": 3,
    "timestamp": 945376,
    "type": "damage",
    "unmitigatedAmount": 10615,
  },
  Object {
    "abilityGameID": 209862,
    "amount": 8013,
    "fight": 3,
    "hitType": 1,
    "mitigated": 1218,
    "pin": "0",
    "sourceID": -1,
    "targetID": 5,
    "timestamp": 953375,
    "type": "damage",
    "unmitigatedAmount": 9231,
  },
  Object {
    "abilityGameID": 209862,
    "amount": 7470,
    "fight": 3,
    "hitType": 1,
    "mitigated": 954,
    "pin": "0",
    "sourceID": -1,
    "targetID": 1,
    "targetMarker": 2,
    "timestamp": 995245,
    "type": "damage",
    "unmitigatedAmount": 8424,
  },
  Object {
    "abilityGameID": 209862,
    "amount": 7556,
    "fight": 3,
    "hitType": 1,
    "mitigated": 856,
    "pin": "0",
    "sourceID": -1,
    "targetID": 4,
    "timestamp": 1019230,
    "type": "damage",
    "unmitigatedAmount": 8412,
  },
  Object {
    "abilityGameID": 209862,
    "amount": 7471,
    "fight": 3,
    "hitType": 1,
    "mitigated": 953,
    "pin": "0",
    "sourceID": -1,
    "targetID": 1,
    "targetMarker": 2,
    "timestamp": 1039241,
    "type": "damage",
    "unmitigatedAmount": 8424,
  },
  Object {
    "abilityGameID": 209862,
    "absorbed": 8013,
    "amount": 0,
    "fight": 3,
    "hitType": 3,
    "mitigated": 1218,
    "pin": "0",
    "sourceID": -1,
    "targetID": 5,
    "timestamp": 1039241,
    "type": "damage",
    "unmitigatedAmount": 9231,
  },
  Object {
    "abilityGameID": 209862,
    "amount": 9470,
    "fight": 3,
    "hitType": 1,
    "mitigated": 2298,
    "pin": "0",
    "sourceID": -1,
    "targetID": 1,
    "targetMarker": 2,
    "timestamp": 1188204,
    "type": "damage",
    "unmitigatedAmount": 11768,
  },
  Object {
    "abilityGameID": 209862,
    "amount": 7471,
    "fight": 3,
    "hitType": 1,
    "mitigated": 953,
    "pin": "0",
    "sourceID": -1,
    "targetID": 1,
    "targetMarker": 2,
    "timestamp": 1283383,
    "type": "damage",
    "unmitigatedAmount": 8424,
  },
  Object {
    "abilityGameID": 209862,
    "absorbed": 3108,
    "amount": 4210,
    "fight": 3,
    "hitType": 1,
    "mitigated": 1298,
    "pin": "0",
    "sourceID": -1,
    "targetID": 3,
    "timestamp": 1283383,
    "type": "damage",
    "unmitigatedAmount": 8616,
  },
  Object {
    "abilityGameID": 209862,
    "amount": 7470,
    "fight": 3,
    "hitType": 1,
    "mitigated": 954,
    "pin": "0",
    "sourceID": -1,
    "targetID": 1,
    "targetMarker": 2,
    "timestamp": 1348298,
    "type": "damage",
    "unmitigatedAmount": 8424,
  },
  Object {
    "abilityGameID": 209862,
    "amount": 8042,
    "fight": 3,
    "hitType": 1,
    "mitigated": 574,
    "pin": "0",
    "sourceID": -1,
    "targetID": 3,
    "timestamp": 1361382,
    "type": "damage",
    "unmitigatedAmount": 8616,
  },
  Object {
    "abilityGameID": 209862,
    "amount": 7470,
    "fight": 3,
    "hitType": 1,
    "mitigated": 954,
    "pin": "0",
    "sourceID": -1,
    "targetID": 1,
    "targetMarker": 2,
    "timestamp": 1470388,
    "type": "damage",
    "unmitigatedAmount": 8424,
  },
  Object {
    "abilityGameID": 209862,
    "amount": 7470,
    "fight": 3,
    "hitType": 1,
    "mitigated": 954,
    "pin": "0",
    "sourceID": -1,
    "targetID": 1,
    "targetMarker": 2,
    "timestamp": 1497248,
    "type": "damage",
    "unmitigatedAmount": 8424,
  },
  Object {
    "abilityGameID": 209862,
    "amount": 6716,
    "fight": 3,
    "hitType": 1,
    "mitigated": 2629,
    "pin": "0",
    "sourceID": -1,
    "targetID": 4,
    "timestamp": 1503384,
    "type": "damage",
    "unmitigatedAmount": 9345,
  },
  Object {
    "abilityGameID": 209862,
    "amount": 8218,
    "fight": 3,
    "hitType": 1,
    "mitigated": 1048,
    "pin": "0",
    "sourceID": -1,
    "targetID": 1,
    "targetMarker": 2,
    "timestamp": 1511370,
    "type": "damage",
    "unmitigatedAmount": 9266,
  },
  Object {
    "abilityGameID": 209862,
    "amount": 8203,
    "fight": 3,
    "hitType": 1,
    "mitigated": 585,
    "pin": "0",
    "sourceID": -1,
    "targetID": 3,
    "timestamp": 1511370,
    "type": "damage",
    "unmitigatedAmount": 8788,
  },
  Object {
    "abilityGameID": 209862,
    "amount": 8217,
    "fight": 3,
    "hitType": 1,
    "mitigated": 1049,
    "pin": "0",
    "sourceID": -1,
    "targetID": 1,
    "targetMarker": 2,
    "timestamp": 1513242,
    "type": "damage",
    "unmitigatedAmount": 9266,
  },
  Object {
    "abilityGameID": 209862,
    "amount": 8203,
    "fight": 3,
    "hitType": 1,
    "mitigated": 585,
    "pin": "0",
    "sourceID": -1,
    "targetID": 3,
    "timestamp": 1523384,
    "type": "damage",
    "unmitigatedAmount": 8788,
  },
  Object {
    "abilityGameID": 209862,
    "amount": 9488,
    "fight": 3,
    "hitType": 1,
    "mitigated": 1210,
    "pin": "0",
    "sourceID": -1,
    "targetID": 1,
    "targetMarker": 2,
    "timestamp": 1742248,
    "type": "damage",
    "unmitigatedAmount": 10698,
  },
]
`;
